../Core/Src/main.c:79:5:main	8	static
../Core/Src/main.c:166:6:SystemClock_Config	96	static
../Core/Src/main.c:211:13:MX_I2C1_Init	8	static
../Core/Src/main.c:259:13:MX_TIM1_Init	40	static
../Core/Src/main.c:309:13:MX_TIM2_Init	40	static
../Core/Src/main.c:357:13:MX_USART1_UART_Init	8	static
../Core/Src/main.c:392:13:MX_GPIO_Init	40	static
../Core/Src/main.c:448:6:lcd_enable	8	static
../Core/Src/main.c:456:6:lcd_send	16	static
../Core/Src/main.c:472:6:lcd_send_command	16	static
../Core/Src/main.c:478:6:lcd_send_data	16	static
../Core/Src/main.c:485:6:lcd_init	8	static
../Core/Src/main.c:505:6:lcd_clear	8	static
../Core/Src/main.c:511:6:lcd_set_cursor	24	static
../Core/Src/main.c:518:6:lcd_print	16	static
../Core/Src/main.c:524:6:HAL_GPIO_EXTI_Callback	16	static
../Core/Src/main.c:549:6:Error_Handler	4	static,ignoring_inline_asm
