../Core/Src/main.c:80:5:main	8	static
../Core/Src/main.c:137:6:SystemClock_Config	96	static
../Core/Src/main.c:182:13:MX_ADC1_Init	48	static
../Core/Src/main.c:249:13:MX_I2C1_Init	8	static
../Core/Src/main.c:297:13:MX_TIM1_Init	40	static
../Core/Src/main.c:347:13:MX_TIM2_Init	40	static
../Core/Src/main.c:395:13:MX_USART1_UART_Init	8	static
../Core/Src/main.c:430:13:MX_GPIO_Init	40	static
../Core/Src/main.c:471:6:lcd_enable	8	static
../Core/Src/main.c:479:6:lcd_send	16	static
../Core/Src/main.c:495:6:lcd_send_command	16	static
../Core/Src/main.c:501:6:lcd_send_data	16	static
../Core/Src/main.c:508:6:lcd_init	8	static
../Core/Src/main.c:528:6:lcd_clear	8	static
../Core/Src/main.c:534:6:lcd_set_cursor	24	static
../Core/Src/main.c:541:6:lcd_print	16	static
../Core/Src/main.c:547:6:HAL_GPIO_EXTI_Callback	24	static
../Core/Src/main.c:596:13:readButton	16	static
../Core/Src/main.c:624:6:Error_Handler	4	static,ignoring_inline_asm
