Archive member included to satisfy reference by file (symbol)

/Applications/STM32CubeIDE.app/Contents/Eclipse/plugins/com.st.stm32cube.ide.mcu.externaltools.gnu-tools-for-stm32.13.3.rel1.macos64_1.0.0.202411102158/tools/bin/../lib/gcc/arm-none-eabi/13.3.1/../../../../arm-none-eabi/lib/thumb/v7e-m+fp/hard/libstdc++_nano.a(del_ops.o)
                              ./Core/Src/main.o (operator delete(void*, unsigned int))
/Applications/STM32CubeIDE.app/Contents/Eclipse/plugins/com.st.stm32cube.ide.mcu.externaltools.gnu-tools-for-stm32.13.3.rel1.macos64_1.0.0.202411102158/tools/bin/../lib/gcc/arm-none-eabi/13.3.1/../../../../arm-none-eabi/lib/thumb/v7e-m+fp/hard/libstdc++_nano.a(new_op.o)
                              ./Core/Src/main.o (operator new(unsigned int))
/Applications/STM32CubeIDE.app/Contents/Eclipse/plugins/com.st.stm32cube.ide.mcu.externaltools.gnu-tools-for-stm32.13.3.rel1.macos64_1.0.0.202411102158/tools/bin/../lib/gcc/arm-none-eabi/13.3.1/../../../../arm-none-eabi/lib/thumb/v7e-m+fp/hard/libstdc++_nano.a(functexcept.o)
                              ./Core/Src/main.o (std::__throw_bad_alloc())
/Applications/STM32CubeIDE.app/Contents/Eclipse/plugins/com.st.stm32cube.ide.mcu.externaltools.gnu-tools-for-stm32.13.3.rel1.macos64_1.0.0.202411102158/tools/bin/../lib/gcc/arm-none-eabi/13.3.1/../../../../arm-none-eabi/lib/thumb/v7e-m+fp/hard/libstdc++_nano.a(del_op.o)
                              /Applications/STM32CubeIDE.app/Contents/Eclipse/plugins/com.st.stm32cube.ide.mcu.externaltools.gnu-tools-for-stm32.13.3.rel1.macos64_1.0.0.202411102158/tools/bin/../lib/gcc/arm-none-eabi/13.3.1/../../../../arm-none-eabi/lib/thumb/v7e-m+fp/hard/libstdc++_nano.a(del_ops.o) (operator delete(void*))
/Applications/STM32CubeIDE.app/Contents/Eclipse/plugins/com.st.stm32cube.ide.mcu.externaltools.gnu-tools-for-stm32.13.3.rel1.macos64_1.0.0.202411102158/tools/bin/../lib/gcc/arm-none-eabi/13.3.1/../../../../arm-none-eabi/lib/thumb/v7e-m+fp/hard/libstdc++_nano.a(new_handler.o)
                              /Applications/STM32CubeIDE.app/Contents/Eclipse/plugins/com.st.stm32cube.ide.mcu.externaltools.gnu-tools-for-stm32.13.3.rel1.macos64_1.0.0.202411102158/tools/bin/../lib/gcc/arm-none-eabi/13.3.1/../../../../arm-none-eabi/lib/thumb/v7e-m+fp/hard/libstdc++_nano.a(new_op.o) (std::get_new_handler())
/Applications/STM32CubeIDE.app/Contents/Eclipse/plugins/com.st.stm32cube.ide.mcu.externaltools.gnu-tools-for-stm32.13.3.rel1.macos64_1.0.0.202411102158/tools/bin/../lib/gcc/arm-none-eabi/13.3.1/../../../../arm-none-eabi/lib/thumb/v7e-m+fp/hard/libc_nano.a(libc_a-abort.o)
                              /Applications/STM32CubeIDE.app/Contents/Eclipse/plugins/com.st.stm32cube.ide.mcu.externaltools.gnu-tools-for-stm32.13.3.rel1.macos64_1.0.0.202411102158/tools/bin/../lib/gcc/arm-none-eabi/13.3.1/../../../../arm-none-eabi/lib/thumb/v7e-m+fp/hard/libstdc++_nano.a(new_op.o) (abort)
/Applications/STM32CubeIDE.app/Contents/Eclipse/plugins/com.st.stm32cube.ide.mcu.externaltools.gnu-tools-for-stm32.13.3.rel1.macos64_1.0.0.202411102158/tools/bin/../lib/gcc/arm-none-eabi/13.3.1/../../../../arm-none-eabi/lib/thumb/v7e-m+fp/hard/libc_nano.a(libc_a-exit.o)
                              /Applications/STM32CubeIDE.app/Contents/Eclipse/plugins/com.st.stm32cube.ide.mcu.externaltools.gnu-tools-for-stm32.13.3.rel1.macos64_1.0.0.202411102158/tools/bin/../lib/gcc/arm-none-eabi/13.3.1/../../../../arm-none-eabi/lib/thumb/v7e-m+fp/hard/crt0.o (exit)
/Applications/STM32CubeIDE.app/Contents/Eclipse/plugins/com.st.stm32cube.ide.mcu.externaltools.gnu-tools-for-stm32.13.3.rel1.macos64_1.0.0.202411102158/tools/bin/../lib/gcc/arm-none-eabi/13.3.1/../../../../arm-none-eabi/lib/thumb/v7e-m+fp/hard/libc_nano.a(libc_a-malloc.o)
                              /Applications/STM32CubeIDE.app/Contents/Eclipse/plugins/com.st.stm32cube.ide.mcu.externaltools.gnu-tools-for-stm32.13.3.rel1.macos64_1.0.0.202411102158/tools/bin/../lib/gcc/arm-none-eabi/13.3.1/../../../../arm-none-eabi/lib/thumb/v7e-m+fp/hard/libstdc++_nano.a(new_op.o) (malloc)
/Applications/STM32CubeIDE.app/Contents/Eclipse/plugins/com.st.stm32cube.ide.mcu.externaltools.gnu-tools-for-stm32.13.3.rel1.macos64_1.0.0.202411102158/tools/bin/../lib/gcc/arm-none-eabi/13.3.1/../../../../arm-none-eabi/lib/thumb/v7e-m+fp/hard/libc_nano.a(libc_a-mallocr.o)
                              /Applications/STM32CubeIDE.app/Contents/Eclipse/plugins/com.st.stm32cube.ide.mcu.externaltools.gnu-tools-for-stm32.13.3.rel1.macos64_1.0.0.202411102158/tools/bin/../lib/gcc/arm-none-eabi/13.3.1/../../../../arm-none-eabi/lib/thumb/v7e-m+fp/hard/libc_nano.a(libc_a-malloc.o) (_malloc_r)
/Applications/STM32CubeIDE.app/Contents/Eclipse/plugins/com.st.stm32cube.ide.mcu.externaltools.gnu-tools-for-stm32.13.3.rel1.macos64_1.0.0.202411102158/tools/bin/../lib/gcc/arm-none-eabi/13.3.1/../../../../arm-none-eabi/lib/thumb/v7e-m+fp/hard/libc_nano.a(libc_a-snprintf.o)
                              ./Core/Src/main.o (snprintf)
[...]
Memory Configuration

Name             Origin             Length             Attributes
RAM              0x20000000         0x00008000         xrw
RAM2             0x10000000         0x00002000         xrw
FLASH            0x08000000         0x00020000         xr
*default*        0x00000000         0xffffffff

Linker script and memory map

LOAD /Applications/STM32CubeIDE.app/Contents/Eclipse/plugins/com.st.stm32cube.ide.mcu.externaltools.gnu-tools-for-stm32.13.3.rel1.macos64_1.0.0.202411102158/tools/bin/../lib/gcc/arm-none-eabi/13.3.1/thumb/v7e-m+fp/hard/crti.o
LOAD /Applications/STM32CubeIDE.app/Contents/Eclipse/plugins/com.st.stm32cube.ide.mcu.externaltools.gnu-tools-for-stm32.13.3.rel1.macos64_1.0.0.202411102158/tools/bin/../lib/gcc/arm-none-eabi/13.3.1/thumb/v7e-m+fp/hard/crtbegin.o
LOAD /Applications/STM32CubeIDE.app/Contents/Eclipse/plugins/com.st.stm32cube.ide.mcu.externaltools.gnu-tools-for-stm32.13.3.rel1.macos64_1.0.0.202411102158/tools/bin/../lib/gcc/arm-none-eabi/13.3.1/../../../../arm-none-eabi/lib/thumb/v7e-m+fp/hard/crt0.o
LOAD ./Core/Src/main.o
LOAD ./Core/Src/stm32l4xx_hal_msp.o
LOAD ./Core/Src/stm32l4xx_it.o
LOAD ./Core/Src/syscalls.o
LOAD ./Core/Src/sysmem.o
LOAD ./Core/Src/system_stm32l4xx.o
LOAD ./Core/Startup/startup_stm32l412kbtx.o
LOAD ./Drivers/STM32L4xx_HAL_Driver/Src/stm32l4xx_hal.o
LOAD ./Drivers/STM32L4xx_HAL_Driver/Src/stm32l4xx_hal_adc.o
LOAD ./Drivers/STM32L4xx_HAL_Driver/Src/stm32l4xx_hal_adc_ex.o
LOAD ./Drivers/STM32L4xx_HAL_Driver/Src/stm32l4xx_hal_cortex.o
LOAD ./Drivers/STM32L4xx_HAL_Driver/Src/stm32l4xx_hal_dma.o
LOAD ./Drivers/STM32L4xx_HAL_Driver/Src/stm32l4xx_hal_dma_ex.o
LOAD ./Drivers/STM32L4xx_HAL_Driver/Src/stm32l4xx_hal_exti.o
LOAD ./Drivers/STM32L4xx_HAL_Driver/Src/stm32l4xx_hal_flash.o
LOAD ./Drivers/STM32L4xx_HAL_Driver/Src/stm32l4xx_hal_flash_ex.o
LOAD ./Drivers/STM32L4xx_HAL_Driver/Src/stm32l4xx_hal_flash_ramfunc.o
LOAD ./Drivers/STM32L4xx_HAL_Driver/Src/stm32l4xx_hal_gpio.o
LOAD ./Drivers/STM32L4xx_HAL_Driver/Src/stm32l4xx_hal_i2c.o
LOAD ./Drivers/STM32L4xx_HAL_Driver/Src/stm32l4xx_hal_i2c_ex.o
LOAD ./Drivers/STM32L4xx_HAL_Driver/Src/stm32l4xx_hal_pwr.o
LOAD ./Drivers/STM32L4xx_HAL_Driver/Src/stm32l4xx_hal_pwr_ex.o
LOAD ./Drivers/STM32L4xx_HAL_Driver/Src/stm32l4xx_hal_rcc.o
LOAD ./Drivers/STM32L4xx_HAL_Driver/Src/stm32l4xx_hal_rcc_ex.o
LOAD ./Drivers/STM32L4xx_HAL_Driver/Src/stm32l4xx_hal_tim.o
LOAD ./Drivers/STM32L4xx_HAL_Driver/Src/stm32l4xx_hal_tim_ex.o
LOAD ./Drivers/STM32L4xx_HAL_Driver/Src/stm32l4xx_hal_uart.o
LOAD ./Drivers/STM32L4xx_HAL_Driver/Src/stm32l4xx_hal_uart_ex.o
START GROUP
LOAD /Applications/STM32CubeIDE.app/Contents/Eclipse/plugins/com.st.stm32cube.ide.mcu.externaltools.gnu-tools-for-stm32.13.3.rel1.macos64_1.0.0.202411102158/tools/bin/../lib/gcc/arm-none-eabi/13.3.1/../../../../arm-none-eabi/lib/thumb/v7e-m+fp/hard/libstdc++_nano.a
LOAD /Applications/STM32CubeIDE.app/Contents/Eclipse/plugins/com.st.stm32cube.ide.mcu.externaltools.gnu-tools-for-stm32.13.3.rel1.macos64_1.0.0.202411102158/tools/bin/../lib/gcc/arm-none-eabi/13.3.1/../../../../arm-none-eabi/lib/thumb/v7e-m+fp/hard/libsupc++_nano.a
END GROUP
LOAD /Applications/STM32CubeIDE.app/Contents/Eclipse/plugins/com.st.stm32cube.ide.mcu.externaltools.gnu-tools-for-stm32.13.3.rel1.macos64_1.0.0.202411102158/tools/bin/../lib/gcc/arm-none-eabi/13.3.1/../../../../arm-none-eabi/lib/thumb/v7e-m+fp/hard/libstdc++_nano.a
LOAD /Applications/STM32CubeIDE.app/Contents/Eclipse/plugins/com.st.stm32cube.ide.mcu.externaltools.gnu-tools-for-stm32.13.3.rel1.macos64_1.0.0.202411102158/tools/bin/../lib/gcc/arm-none-eabi/13.3.1/../../../../arm-none-eabi/lib/thumb/v7e-m+fp/hard/libm.a
LOAD /Applications/STM32CubeIDE.app/Contents/Eclipse/plugins/com.st.stm32cube.ide.mcu.externaltools.gnu-tools-for-stm32.13.3.rel1.macos64_1.0.0.202411102158/tools/bin/../lib/gcc/arm-none-eabi/13.3.1/../../../../arm-none-eabi/lib/thumb/v7e-m+fp/hard/libc_nano.a
START GROUP
LOAD /Applications/STM32CubeIDE.app/Contents/Eclipse/plugins/com.st.stm32cube.ide.mcu.externaltools.gnu-tools-for-stm32.13.3.rel1.macos64_1.0.0.202411102158/tools/bin/../lib/gcc/arm-none-eabi/13.3.1/thumb/v7e-m+fp/hard/libgcc.a
LOAD /Applications/STM32CubeIDE.app/Contents/Eclipse/plugins/com.st.stm32cube.ide.mcu.externaltools.gnu-tools-for-stm32.13.3.rel1.macos64_1.0.0.202411102158/tools/bin/../lib/gcc/arm-none-eabi/13.3.1/../../../../arm-none-eabi/lib/thumb/v7e-m+fp/hard/libc_nano.a
END GROUP
START GROUP
LOAD /Applications/STM32CubeIDE.app/Contents/Eclipse/plugins/com.st.stm32cube.ide.mcu.externaltools.gnu-tools-for-stm32.13.3.rel1.macos64_1.0.0.202411102158/tools/bin/../lib/gcc/arm-none-eabi/13.3.1/thumb/v7e-m+fp/hard/libgcc.a
LOAD /Applications/STM32CubeIDE.app/Contents/Eclipse/plugins/com.st.stm32cube.ide.mcu.externaltools.gnu-tools-for-stm32.13.3.rel1.macos64_1.0.0.202411102158/tools/bin/../lib/gcc/arm-none-eabi/13.3.1/../../../../arm-none-eabi/lib/thumb/v7e-m+fp/hard/libc_nano.a
END GROUP
LOAD /Applications/STM32CubeIDE.app/Contents/Eclipse/plugins/com.st.stm32cube.ide.mcu.externaltools.gnu-tools-for-stm32.13.3.rel1.macos64_1.0.0.202411102158/tools/bin/../lib/gcc/arm-none-eabi/13.3.1/thumb/v7e-m+fp/hard/crtend.o
LOAD /Applications/STM32CubeIDE.app/Contents/Eclipse/plugins/com.st.stm32cube.ide.mcu.externaltools.gnu-tools-for-stm32.13.3.rel1.macos64_1.0.0.202411102158/tools/bin/../lib/gcc/arm-none-eabi/13.3.1/thumb/v7e-m+fp/hard/crtn.o
                0x20008000                        _estack = (ORIGIN (RAM) + LENGTH (RAM))
                0x00000200                        _Min_Heap_Size = 0x200
                0x00000400                        _Min_Stack_Size = 0x400

.isr_vector     0x08000000      0x18c
                0x08000000                        . = ALIGN (0x4)
 *(.isr_vector)
 .isr_vector    0x08000000      0x18c ./Core/Startup/startup_stm32l412kbtx.o
                0x08000000                g_pfnVectors
                0x0800018c                        . = ALIGN (0x4)

.text           0x08000190     0x7f6c
                0x08000190                        . = ALIGN (0x4)
 *(.text)
 .text          0x08000190       0x40 /Applications/STM32CubeIDE.app/Contents/Eclipse/plugins/com.st.stm32cube.ide.mcu.externaltools.gnu-tools-for-stm32.13.3.rel1.macos64_1.0.0.202411102158/tools/bin/../lib/gcc/arm-none-eabi/13.3.1/thumb/v7e-m+fp/hard/crtbegin.o
 .text          0x080001d0       0xa0 /Applications/STM32CubeIDE.app/Contents/Eclipse/plugins/com.st.stm32cube.ide.mcu.externaltools.gnu-tools-for-stm32.13.3.rel1.macos64_1.0.0.202411102158/tools/bin/../lib/gcc/arm-none-eabi/13.3.1/../../../../arm-none-eabi/lib/thumb/v7e-m+fp/hard/libc_nano.a(libc_a-memchr.o)
                0x080001d0                memchr
 .text          0x08000270      0x254 /Applications/STM32CubeIDE.app/Contents/Eclipse/plugins/com.st.stm32cube.ide.mcu.externaltools.gnu-tools-for-stm32.13.3.rel1.macos64_1.0.0.202411102158/tools/bin/../lib/gcc/arm-none-eabi/13.3.1/thumb/v7e-m+fp/hard/libgcc.a(_arm_muldf3.o)
                0x08000270                __aeabi_dmul
                0x08000270                __muldf3
 .text          0x080004c4      0x378 /Applications/STM32CubeIDE.app/Contents/Eclipse/plugins/com.st.stm32cube.ide.mcu.externaltools.gnu-tools-for-stm32.13.3.rel1.macos64_1.0.0.202411102158/tools/bin/../lib/gcc/arm-none-eabi/13.3.1/thumb/v7e-m+fp/hard/libgcc.a(_arm_addsubdf3.o)
                0x080004c4                __aeabi_drsub
                0x080004cc                __subdf3
                0x080004cc                __aeabi_dsub
                0x080004d0                __aeabi_dadd
                0x080004d0                __adddf3
                0x08000748                __aeabi_ui2d
                0x08000748                __floatunsidf
                0x08000768                __floatsidf
                0x08000768                __aeabi_i2d
                0x0800078c                __extendsfdf2
                0x0800078c                __aeabi_f2d
                0x080007d0                __aeabi_ul2d
                0x080007d0                __floatundidf
                0x080007e0                __aeabi_l2d
                0x080007e0                __floatdidf
 .text          0x0800083c      0x110 /Applications/STM32CubeIDE.app/Contents/Eclipse/plugins/com.st.stm32cube.ide.mcu.externaltools.gnu-tools-for-stm32.13.3.rel1.macos64_1.0.0.202411102158/tools/bin/../lib/gcc/arm-none-eabi/13.3.1/thumb/v7e-m+fp/hard/libgcc.a(_arm_cmpdf2.o)
                0x0800083c                __gedf2
                0x0800083c                __gtdf2
                0x08000844                __ledf2
                0x08000844                __ltdf2
                0x0800084c                __cmpdf2
                0x0800084c                __eqdf2
                0x0800084c                __nedf2
                0x080008c8                __aeabi_cdrcmple
                0x080008d8                __aeabi_cdcmple
                0x080008d8                __aeabi_cdcmpeq
                0x080008e8                __aeabi_dcmpeq
                0x080008fc                __aeabi_dcmplt
                0x08000910                __aeabi_dcmple
                0x08000924                __aeabi_dcmpge
                0x08000938                __aeabi_dcmpgt
 .text          0x0800094c       0x50 /Applications/STM32CubeIDE.app/Contents/Eclipse/plugins/com.st.stm32cube.ide.mcu.externaltools.gnu-tools-for-stm32.13.3.rel1.macos64_1.0.0.202411102158/tools/bin/../lib/gcc/arm-none-eabi/13.3.1/thumb/v7e-m+fp/hard/libgcc.a(_arm_fixdfsi.o)
                0x0800094c                __fixdfsi
                0x0800094c                __aeabi_d2iz
 .text          0x0800099c       0x40 /Applications/STM32CubeIDE.app/Contents/Eclipse/plugins/com.st.stm32cube.ide.mcu.externaltools.gnu-tools-for-stm32.13.3.rel1.macos64_1.0.0.202411102158/tools/bin/../lib/gcc/arm-none-eabi/13.3.1/thumb/v7e-m+fp/hard/libgcc.a(_arm_fixunsdfsi.o)
                0x0800099c                __fixunsdfsi
                0x0800099c                __aeabi_d2uiz
 .text          0x080009dc       0x30 /Applications/STM32CubeIDE.app/Contents/Eclipse/plugins/com.st.stm32cube.ide.mcu.externaltools.gnu-tools-for-stm32.13.3.rel1.macos64_1.0.0.202411102158/tools/bin/../lib/gcc/arm-none-eabi/13.3.1/thumb/v7e-m+fp/hard/libgcc.a(_aeabi_uldivmod.o)
                0x080009dc                __aeabi_uldivmod
 .text          0x08000a0c      0x2f8 /Applications/STM32CubeIDE.app/Contents/Eclipse/plugins/com.st.stm32cube.ide.mcu.externaltools.gnu-tools-for-stm32.13.3.rel1.macos64_1.0.0.202411102158/tools/bin/../lib/gcc/arm-none-eabi/13.3.1/thumb/v7e-m+fp/hard/libgcc.a(_udivmoddi4.o)
                0x08000a0c                __udivmoddi4
 .text          0x08000d04        0x4 /Applications/STM32CubeIDE.app/Contents/Eclipse/plugins/com.st.stm32cube.ide.mcu.externaltools.gnu-tools-for-stm32.13.3.rel1.macos64_1.0.0.202411102158/tools/bin/../lib/gcc/arm-none-eabi/13.3.1/thumb/v7e-m+fp/hard/libgcc.a(_dvmd_tls.o)
                0x08000d04                __aeabi_ldiv0
                0x08000d04                __aeabi_idiv0
 *(.text*)
 .text._ZnwjPv  0x08000d08       0x18 ./Core/Src/main.o
                0x08000d08                operator new(unsigned int, void*)
 .text._ZNSt12_Vector_baseIjSaIjEE12_Vector_implD2Ev
                0x08000d20       0x1c ./Core/Src/main.o
                0x08000d20                std::_Vector_base<unsigned int, std::allocator<unsigned int> >::_Vector_impl::~_Vector_impl()
                0x08000d20                std::_Vector_base<unsigned int, std::allocator<unsigned int> >::_Vector_impl::~_Vector_impl()
 .text._ZNSt12_Vector_baseIjSaIjEEC2Ev
                0x08000d3c       0x1a ./Core/Src/main.o
                0x08000d3c                std::_Vector_base<unsigned int, std::allocator<unsigned int> >::_Vector_base()
                0x08000d3c                std::_Vector_base<unsigned int, std::allocator<unsigned int> >::_Vector_base()
 .text._ZNSt6vectorIjSaIjEEC2Ev
                0x08000d56       0x1a ./Core/Src/main.o
                0x08000d56                std::vector<unsigned int, std::allocator<unsigned int> >::vector()
                0x08000d56                std::vector<unsigned int, std::allocator<unsigned int> >::vector()
 .text.main     0x08000d70      0x878 ./Core/Src/main.o
                0x08000d70                main
 .text._Z18SystemClock_Configv
                0x080015e8       0xaa ./Core/Src/main.o
                0x080015e8                SystemClock_Config()
 *fill*         0x08001692        0x2 
 .text._ZL12MX_ADC1_Initv
                0x08001694      0x10c ./Core/Src/main.o
 .text._ZL12MX_I2C1_Initv
                0x080017a0       0x9c ./Core/Src/main.o
 .text._ZL12MX_TIM1_Initv
                0x0800183c       0xd0 ./Core/Src/main.o
 .text._ZL12MX_TIM2_Initv
                0x0800190c       0xcc ./Core/Src/main.o
 .text._ZL19MX_USART1_UART_Initv
                0x080019d8       0x68 ./Core/Src/main.o
 .text._ZL12MX_GPIO_Initv
                0x08001a40       0xf8 ./Core/Src/main.o
 .text._Z10lcd_enablev
                0x08001b38       0x2c ./Core/Src/main.o
                0x08001b38                lcd_enable()
 .text._Z8lcd_sendh
                0x08001b64       0xd0 ./Core/Src/main.o
                0x08001b64                lcd_send(unsigned char)
 .text.lcd_send_command
                0x08001c34       0x2c ./Core/Src/main.o
                0x08001c34                lcd_send_command
 .text.lcd_send_data
                0x08001c60       0x2c ./Core/Src/main.o
                0x08001c60                lcd_send_data
 .text.lcd_init
                0x08001c8c       0x5c ./Core/Src/main.o
                0x08001c8c                lcd_init
 .text.lcd_clear
                0x08001ce8       0x14 ./Core/Src/main.o
                0x08001ce8                lcd_clear
 .text.lcd_set_cursor
                0x08001cfc       0x3c ./Core/Src/main.o
                0x08001cfc                lcd_set_cursor
 .text.lcd_print
                0x08001d38       0x2a ./Core/Src/main.o
                0x08001d38                lcd_print
 *fill*         0x08001d62        0x2 
 .text.HAL_GPIO_EXTI_Callback
                0x08001d64       0xbc ./Core/Src/main.o
                0x08001d64                HAL_GPIO_EXTI_Callback
 .text.handleSelectButton
                0x08001e20       0x44 ./Core/Src/main.o
                0x08001e20                handleSelectButton
 .text.handleIncreaseButton
                0x08001e64       0x44 ./Core/Src/main.o
                0x08001e64                handleIncreaseButton
 .text.handleDecreaseButton
                0x08001ea8       0x44 ./Core/Src/main.o
                0x08001ea8                handleDecreaseButton
 .text.handleModeButton
                0x08001eec       0x44 ./Core/Src/main.o
                0x08001eec                handleModeButton
 .text.lcd_print_double
                0x08001f30       0x9c ./Core/Src/main.o
                0x08001f30                lcd_print_double
 .text.sendI2CData
                0x08001fcc       0x4c ./Core/Src/main.o
                0x08001fcc                sendI2CData
 .text._Z18updateSweepDisplayv
                0x08002018       0xcc ./Core/Src/main.o
                0x08002018                updateSweepDisplay()
 .text._Z17updateLockDisplayv
                0x080020e4      0x104 ./Core/Src/main.o
                0x080020e4                updateLockDisplay()
 .text.Error_Handler
                0x080021e8        0xc ./Core/Src/main.o
                0x080021e8                Error_Handler
 .text._ZNSt12_Vector_baseIjSaIjEE12_Vector_implC2Ev
                0x080021f4       0x22 ./Core/Src/main.o
                0x080021f4                std::_Vector_base<unsigned int, std::allocator<unsigned int> >::_Vector_impl::_Vector_impl()
                0x080021f4                std::_Vector_base<unsigned int, std::allocator<unsigned int> >::_Vector_impl::_Vector_impl()
 .text._ZNSt12_Vector_baseIjSaIjEED2Ev
                0x08002216       0x32 ./Core/Src/main.o
                0x08002216                std::_Vector_base<unsigned int, std::allocator<unsigned int> >::~_Vector_base()
                0x08002216                std::_Vector_base<unsigned int, std::allocator<unsigned int> >::~_Vector_base()
 .text._ZNSt6vectorIjSaIjEE8pop_backEv
                0x08002248       0x34 ./Core/Src/main.o
                0x08002248                std::vector<unsigned int, std::allocator<unsigned int> >::pop_back()
 .text._ZNSt6vectorIjSaIjEE9push_backEOj
                0x0800227c       0x22 ./Core/Src/main.o
                0x0800227c                std::vector<unsigned int, std::allocator<unsigned int> >::push_back(unsigned int&&)
 .text._ZNKSt6vectorIjSaIjEE5emptyEv
                0x0800229e       0x36 ./Core/Src/main.o
                0x0800229e                std::vector<unsigned int, std::allocator<unsigned int> >::empty() const
 .text._ZNKSt6vectorIjSaIjEE4sizeEv
                0x080022d4       0x20 ./Core/Src/main.o
                0x080022d4                std::vector<unsigned int, std::allocator<unsigned int> >::size() const
 .text._ZNSt6vectorIjSaIjEEixEj
                0x080022f4       0x20 ./Core/Src/main.o
                0x080022f4                std::vector<unsigned int, std::allocator<unsigned int> >::operator[](unsigned int)
 .text._ZNSt12_Vector_baseIjSaIjEE17_Vector_impl_dataC2Ev
                0x08002314       0x28 ./Core/Src/main.o
                0x08002314                std::_Vector_base<unsigned int, std::allocator<unsigned int> >::_Vector_impl_data::_Vector_impl_data()
                0x08002314                std::_Vector_base<unsigned int, std::allocator<unsigned int> >::_Vector_impl_data::_Vector_impl_data()
 .text._ZNSt15__new_allocatorIjED2Ev
                0x0800233c       0x16 ./Core/Src/main.o
                0x0800233c                std::__new_allocator<unsigned int>::~__new_allocator()
                0x0800233c                std::__new_allocator<unsigned int>::~__new_allocator()
 .text._ZNSt12_Vector_baseIjSaIjEE13_M_deallocateEPjj
                0x08002352       0x32 ./Core/Src/main.o
                0x08002352                std::_Vector_base<unsigned int, std::allocator<unsigned int> >::_M_deallocate(unsigned int*, unsigned int)
 .text._ZSt4moveIRjEONSt16remove_referenceIT_E4typeEOS2_
                0x08002384       0x16 ./Core/Src/main.o
                0x08002384                std::remove_reference<unsigned int&>::type&& std::move<unsigned int&>(unsigned int&)
 .text._ZNSt6vectorIjSaIjEE12emplace_backIJjEEEvDpOT_
                0x0800239a       0x86 ./Core/Src/main.o
                0x0800239a                void std::vector<unsigned int, std::allocator<unsigned int> >::emplace_back<unsigned int>(unsigned int&&)
 .text._ZNKSt6vectorIjSaIjEE5beginEv
                0x08002420       0x20 ./Core/Src/main.o
                0x08002420                std::vector<unsigned int, std::allocator<unsigned int> >::begin() const
 .text._ZNKSt6vectorIjSaIjEE3endEv
                0x08002440       0x22 ./Core/Src/main.o
                0x08002440                std::vector<unsigned int, std::allocator<unsigned int> >::end() const
 .text._ZN9__gnu_cxxeqIPKjSt6vectorIjSaIjEEEEbRKNS_17__normal_iteratorIT_T0_EESB_
                0x08002462       0x30 ./Core/Src/main.o
                0x08002462                bool __gnu_cxx::operator==<unsigned int const*, std::vector<unsigned int, std::allocator<unsigned int> > >(__gnu_cxx::__normal_iterator<unsigned int const*, std::vector<unsigned int, std::allocator<unsigned int> > > const&, __gnu_cxx::__normal_iterator<unsigned int const*, std::vector<unsigned int, std::allocator<unsigned int> > > const&)
 .text._ZSt7forwardIjEOT_RNSt16remove_referenceIS0_E4typeE
                0x08002492       0x16 ./Core/Src/main.o
                0x08002492                unsigned int&& std::forward<unsigned int>(std::remove_reference<unsigned int>::type&)
 .text._ZNSt6vectorIjSaIjEE3endEv
                0x080024a8       0x22 ./Core/Src/main.o
                0x080024a8                std::vector<unsigned int, std::allocator<unsigned int> >::end()
 .text._ZNSt6vectorIjSaIjEE15_S_use_relocateEv
                0x080024ca       0x16 ./Core/Src/main.o
                0x080024ca                std::vector<unsigned int, std::allocator<unsigned int> >::_S_use_relocate()
 .text._ZNSt6vectorIjSaIjEE19_S_nothrow_relocateESt17integral_constantIbLb1EE
                0x080024e0       0x16 ./Core/Src/main.o
                0x080024e0                std::vector<unsigned int, std::allocator<unsigned int> >::_S_nothrow_relocate(std::integral_constant<bool, true>)
 *fill*         0x080024f6        0x2 
 .text._ZNSt6vectorIjSaIjEE17_M_realloc_insertIJjEEEvN9__gnu_cxx17__normal_iteratorIPjS1_EEDpOT_
                0x080024f8      0x1ac ./Core/Src/main.o
                0x080024f8                void std::vector<unsigned int, std::allocator<unsigned int> >::_M_realloc_insert<unsigned int>(__gnu_cxx::__normal_iterator<unsigned int*, std::vector<unsigned int, std::allocator<unsigned int> > >, unsigned int&&)
 .text._ZN9__gnu_cxx17__normal_iteratorIPKjSt6vectorIjSaIjEEEC2ERKS2_
                0x080026a4       0x20 ./Core/Src/main.o
                0x080026a4                __gnu_cxx::__normal_iterator<unsigned int const*, std::vector<unsigned int, std::allocator<unsigned int> > >::__normal_iterator(unsigned int const* const&)
                0x080026a4                __gnu_cxx::__normal_iterator<unsigned int const*, std::vector<unsigned int, std::allocator<unsigned int> > >::__normal_iterator(unsigned int const* const&)
 .text._ZNK9__gnu_cxx17__normal_iteratorIPKjSt6vectorIjSaIjEEE4baseEv
                0x080026c4       0x16 ./Core/Src/main.o
                0x080026c4                __gnu_cxx::__normal_iterator<unsigned int const*, std::vector<unsigned int, std::allocator<unsigned int> > >::base() const
 .text._ZNSt15__new_allocatorIjE10deallocateEPjj
                0x080026da       0x20 ./Core/Src/main.o
                0x080026da                std::__new_allocator<unsigned int>::deallocate(unsigned int*, unsigned int)
 .text._ZN9__gnu_cxx17__normal_iteratorIPjSt6vectorIjSaIjEEEC2ERKS1_
                0x080026fa       0x20 ./Core/Src/main.o
                0x080026fa                __gnu_cxx::__normal_iterator<unsigned int*, std::vector<unsigned int, std::allocator<unsigned int> > >::__normal_iterator(unsigned int* const&)
                0x080026fa                __gnu_cxx::__normal_iterator<unsigned int*, std::vector<unsigned int, std::allocator<unsigned int> > >::__normal_iterator(unsigned int* const&)
 .text._ZNKSt6vectorIjSaIjEE12_M_check_lenEjPKc
                0x0800271a       0x8e ./Core/Src/main.o
                0x0800271a                std::vector<unsigned int, std::allocator<unsigned int> >::_M_check_len(unsigned int, char const*) const
 .text._ZNSt6vectorIjSaIjEE5beginEv
                0x080027a8       0x20 ./Core/Src/main.o
                0x080027a8                std::vector<unsigned int, std::allocator<unsigned int> >::begin()
 .text._ZN9__gnu_cxxmiIPjSt6vectorIjSaIjEEEENS_17__normal_iteratorIT_T0_E15difference_typeERKS8_SB_
                0x080027c8       0x2a ./Core/Src/main.o
                0x080027c8                __gnu_cxx::__normal_iterator<unsigned int*, std::vector<unsigned int, std::allocator<unsigned int> > >::difference_type __gnu_cxx::operator-<unsigned int*, std::vector<unsigned int, std::allocator<unsigned int> > >(__gnu_cxx::__normal_iterator<unsigned int*, std::vector<unsigned int, std::allocator<unsigned int> > > const&, __gnu_cxx::__normal_iterator<unsigned int*, std::vector<unsigned int, std::allocator<unsigned int> > > const&)
 .text._ZNSt12_Vector_baseIjSaIjEE11_M_allocateEj
                0x080027f2       0x32 ./Core/Src/main.o
                0x080027f2                std::_Vector_base<unsigned int, std::allocator<unsigned int> >::_M_allocate(unsigned int)
 .text._ZNSt6vectorIjSaIjEE11_S_relocateEPjS2_S2_RS0_
                0x08002824       0x28 ./Core/Src/main.o
                0x08002824                std::vector<unsigned int, std::allocator<unsigned int> >::_S_relocate(unsigned int*, unsigned int*, unsigned int*, std::allocator<unsigned int>&)
 .text._ZNK9__gnu_cxx17__normal_iteratorIPjSt6vectorIjSaIjEEE4baseEv
                0x0800284c       0x16 ./Core/Src/main.o
                0x0800284c                __gnu_cxx::__normal_iterator<unsigned int*, std::vector<unsigned int, std::allocator<unsigned int> > >::base() const
 .text._ZNSt12_Vector_baseIjSaIjEE19_M_get_Tp_allocatorEv
                0x08002862       0x16 ./Core/Src/main.o
                0x08002862                std::_Vector_base<unsigned int, std::allocator<unsigned int> >::_M_get_Tp_allocator()
 .text._ZSt34__uninitialized_move_if_noexcept_aIPjS0_SaIjEET0_T_S3_S2_RT1_
                0x08002878       0x32 ./Core/Src/main.o
                0x08002878                unsigned int* std::__uninitialized_move_if_noexcept_a<unsigned int*, unsigned int*, std::allocator<unsigned int> >(unsigned int*, unsigned int*, unsigned int*, std::allocator<unsigned int>&)
 .text._ZNKSt6vectorIjSaIjEE8max_sizeEv
                0x080028aa       0x22 ./Core/Src/main.o
                0x080028aa                std::vector<unsigned int, std::allocator<unsigned int> >::max_size() const
 .text._ZSt3maxIjERKT_S2_S2_
                0x080028cc       0x28 ./Core/Src/main.o
                0x080028cc                unsigned int const& std::max<unsigned int>(unsigned int const&, unsigned int const&)
 .text._ZNSt6vectorIjSaIjEE14_S_do_relocateEPjS2_S2_RS0_St17integral_constantIbLb1EE
                0x080028f4       0x24 ./Core/Src/main.o
                0x080028f4                std::vector<unsigned int, std::allocator<unsigned int> >::_S_do_relocate(unsigned int*, unsigned int*, unsigned int*, std::allocator<unsigned int>&, std::integral_constant<bool, true>)
 .text._ZSt32__make_move_if_noexcept_iteratorIjSt13move_iteratorIPjEET0_PT_
                0x08002918       0x1e ./Core/Src/main.o
                0x08002918                std::move_iterator<unsigned int*> std::__make_move_if_noexcept_iterator<unsigned int, std::move_iterator<unsigned int*> >(unsigned int*)
 .text._ZSt22__uninitialized_copy_aISt13move_iteratorIPjES1_jET0_T_S4_S3_RSaIT1_E
                0x08002936       0x22 ./Core/Src/main.o
                0x08002936                unsigned int* std::__uninitialized_copy_a<std::move_iterator<unsigned int*>, unsigned int*, unsigned int>(std::move_iterator<unsigned int*>, std::move_iterator<unsigned int*>, unsigned int*, std::allocator<unsigned int>&)
 .text._ZSt8_DestroyIPjEvT_S1_
                0x08002958       0x1a ./Core/Src/main.o
                0x08002958                void std::_Destroy<unsigned int*>(unsigned int*, unsigned int*)
 .text._ZNSt6vectorIjSaIjEE11_S_max_sizeERKS0_
                0x08002972       0x40 ./Core/Src/main.o
                0x08002972                std::vector<unsigned int, std::allocator<unsigned int> >::_S_max_size(std::allocator<unsigned int> const&)
 .text._ZNKSt12_Vector_baseIjSaIjEE19_M_get_Tp_allocatorEv
                0x080029b2       0x16 ./Core/Src/main.o
                0x080029b2                std::_Vector_base<unsigned int, std::allocator<unsigned int> >::_M_get_Tp_allocator() const
 .text._ZNSt15__new_allocatorIjE8allocateEjPKv
                0x080029c8       0x52 ./Core/Src/main.o
                0x080029c8                std::__new_allocator<unsigned int>::allocate(unsigned int, void const*)
 .text._ZSt12__relocate_aIPjS0_SaIjEET0_T_S3_S2_RT1_
                0x08002a1a       0x3a ./Core/Src/main.o
                0x08002a1a                unsigned int* std::__relocate_a<unsigned int*, unsigned int*, std::allocator<unsigned int> >(unsigned int*, unsigned int*, unsigned int*, std::allocator<unsigned int>&)
 .text._ZNSt13move_iteratorIPjEC2ES0_
                0x08002a54       0x24 ./Core/Src/main.o
                0x08002a54                std::move_iterator<unsigned int*>::move_iterator(unsigned int*)
                0x08002a54                std::move_iterator<unsigned int*>::move_iterator(unsigned int*)
 .text._ZSt18uninitialized_copyISt13move_iteratorIPjES1_ET0_T_S4_S3_
                0x08002a78       0x28 ./Core/Src/main.o
                0x08002a78                unsigned int* std::uninitialized_copy<std::move_iterator<unsigned int*>, unsigned int*>(std::move_iterator<unsigned int*>, std::move_iterator<unsigned int*>, unsigned int*)
 .text._ZNSt12_Destroy_auxILb1EE9__destroyIPjEEvT_S3_
                0x08002aa0       0x16 ./Core/Src/main.o
                0x08002aa0                void std::_Destroy_aux<true>::__destroy<unsigned int*>(unsigned int*, unsigned int*)
 .text._ZSt3minIjERKT_S2_S2_
                0x08002ab6       0x28 ./Core/Src/main.o
                0x08002ab6                unsigned int const& std::min<unsigned int>(unsigned int const&, unsigned int const&)
 .text._ZSt12__niter_baseIPjET_S1_
                0x08002ade       0x16 ./Core/Src/main.o
                0x08002ade                unsigned int* std::__niter_base<unsigned int*>(unsigned int*)
 .text._ZSt14__relocate_a_1IjjENSt9enable_ifIXsrSt24__is_bitwise_relocatableIT_vE5valueEPS2_E4typeES4_S4_S4_RSaIT0_E
                0x08002af4       0x3c ./Core/Src/main.o
                0x08002af4                std::enable_if<std::__is_bitwise_relocatable<unsigned int, void>::value, unsigned int*>::type std::__relocate_a_1<unsigned int, unsigned int>(unsigned int*, unsigned int*, unsigned int*, std::allocator<unsigned int>&)
 .text._ZSt4moveIRPjEONSt16remove_referenceIT_E4typeEOS3_
                0x08002b30       0x16 ./Core/Src/main.o
                0x08002b30                std::remove_reference<unsigned int*&>::type&& std::move<unsigned int*&>(unsigned int*&)
 .text._ZNSt20__uninitialized_copyILb1EE13__uninit_copyISt13move_iteratorIPjES3_EET0_T_S6_S5_
                0x08002b46       0x20 ./Core/Src/main.o
                0x08002b46                unsigned int* std::__uninitialized_copy<true>::__uninit_copy<std::move_iterator<unsigned int*>, unsigned int*>(std::move_iterator<unsigned int*>, std::move_iterator<unsigned int*>, unsigned int*)
 .text._ZSt4copyISt13move_iteratorIPjES1_ET0_T_S4_S3_
                0x08002b66       0x30 ./Core/Src/main.o
                0x08002b66                unsigned int* std::copy<std::move_iterator<unsigned int*>, unsigned int*>(std::move_iterator<unsigned int*>, std::move_iterator<unsigned int*>, unsigned int*)
 .text._ZSt12__miter_baseIPjEDTcl12__miter_basecldtfp_4baseEEESt13move_iteratorIT_E
                0x08002b96       0x22 ./Core/Src/main.o
                0x08002b96                decltype (__miter_base(({parm#1}.base)())) std::__miter_base<unsigned int*>(std::move_iterator<unsigned int*>)
 .text._ZSt13__copy_move_aILb1EPjS0_ET1_T0_S2_S1_
                0x08002bb8       0x46 ./Core/Src/main.o
                0x08002bb8                unsigned int* std::__copy_move_a<true, unsigned int*, unsigned int*>(unsigned int*, unsigned int*, unsigned int*)
 .text._ZNKSt13move_iteratorIPjE4baseEv
                0x08002bfe       0x18 ./Core/Src/main.o
                0x08002bfe                std::move_iterator<unsigned int*>::base() const
 .text._ZSt12__miter_baseIPjET_S1_
                0x08002c16       0x16 ./Core/Src/main.o
                0x08002c16                unsigned int* std::__miter_base<unsigned int*>(unsigned int*)
 .text._ZSt14__copy_move_a1ILb1EPjS0_ET1_T0_S2_S1_
                0x08002c2c       0x20 ./Core/Src/main.o
                0x08002c2c                unsigned int* std::__copy_move_a1<true, unsigned int*, unsigned int*>(unsigned int*, unsigned int*, unsigned int*)
 .text._ZSt12__niter_wrapIPjET_RKS1_S1_
                0x08002c4c       0x18 ./Core/Src/main.o
                0x08002c4c                unsigned int* std::__niter_wrap<unsigned int*>(unsigned int* const&, unsigned int*)
 .text._ZSt14__copy_move_a2ILb1EPjS0_ET1_T0_S2_S1_
                0x08002c64       0x20 ./Core/Src/main.o
                0x08002c64                unsigned int* std::__copy_move_a2<true, unsigned int*, unsigned int*>(unsigned int*, unsigned int*, unsigned int*)
 .text._ZNSt11__copy_moveILb1ELb1ESt26random_access_iterator_tagE8__copy_mIjjEEPT0_PT_S6_S4_
                0x08002c84       0x54 ./Core/Src/main.o
                0x08002c84                unsigned int* std::__copy_move<true, true, std::random_access_iterator_tag>::__copy_m<unsigned int, unsigned int>(unsigned int*, unsigned int*, unsigned int*)
 .text._ZNSt11__copy_moveILb1ELb0ESt26random_access_iterator_tagE12__assign_oneIjjEEvPT_PT0_
                0x08002cd8       0x20 ./Core/Src/main.o
                0x08002cd8                void std::__copy_move<true, false, std::random_access_iterator_tag>::__assign_one<unsigned int, unsigned int>(unsigned int*, unsigned int*)
 .text._Z41__static_initialization_and_destruction_0v
                0x08002cf8       0x70 ./Core/Src/main.o
 .text._Z41__static_initialization_and_destruction_1v
                0x08002d68       0x14 ./Core/Src/main.o
 .text._ZNSt6vectorIjSaIjEED2Ev
                0x08002d7c       0x3c ./Core/Src/main.o
                0x08002d7c                std::vector<unsigned int, std::allocator<unsigned int> >::~vector()
                0x08002d7c                std::vector<unsigned int, std::allocator<unsigned int> >::~vector()
 .text._GLOBAL__sub_I_hadc1
                0x08002db8        0xa ./Core/Src/main.o
 .text._GLOBAL__sub_D_hadc1
                0x08002dc2        0xa ./Core/Src/main.o
 .text.HAL_MspInit
                0x08002dcc       0x48 ./Core/Src/stm32l4xx_hal_msp.o
                0x08002dcc                HAL_MspInit
 .text.HAL_ADC_MspInit
                0x08002e14       0x80 ./Core/Src/stm32l4xx_hal_msp.o
                0x08002e14                HAL_ADC_MspInit
 .text.HAL_I2C_MspInit
                0x08002e94       0xcc ./Core/Src/stm32l4xx_hal_msp.o
                0x08002e94                HAL_I2C_MspInit
 .text.HAL_TIM_Base_MspInit
                0x08002f60       0xe8 ./Core/Src/stm32l4xx_hal_msp.o
                0x08002f60                HAL_TIM_Base_MspInit
 .text.HAL_UART_MspInit
                0x08003048       0xb0 ./Core/Src/stm32l4xx_hal_msp.o
                0x08003048                HAL_UART_MspInit
 .text.NMI_Handler
                0x080030f8        0x8 ./Core/Src/stm32l4xx_it.o
                0x080030f8                NMI_Handler
 .text.HardFault_Handler
                0x08003100        0x8 ./Core/Src/stm32l4xx_it.o
                0x08003100                HardFault_Handler
 .text.MemManage_Handler
                0x08003108        0x8 ./Core/Src/stm32l4xx_it.o
                0x08003108                MemManage_Handler
 .text.BusFault_Handler
                0x08003110        0x8 ./Core/Src/stm32l4xx_it.o
                0x08003110                BusFault_Handler
 .text.UsageFault_Handler
                0x08003118        0x8 ./Core/Src/stm32l4xx_it.o
                0x08003118                UsageFault_Handler
 .text.SVC_Handler
                0x08003120        0xe ./Core/Src/stm32l4xx_it.o
                0x08003120                SVC_Handler
 .text.DebugMon_Handler
                0x0800312e        0xe ./Core/Src/stm32l4xx_it.o
                0x0800312e                DebugMon_Handler
 .text.PendSV_Handler
                0x0800313c        0xe ./Core/Src/stm32l4xx_it.o
                0x0800313c                PendSV_Handler
 .text.SysTick_Handler
                0x0800314a        0xc ./Core/Src/stm32l4xx_it.o
                0x0800314a                SysTick_Handler
 .text.EXTI0_IRQHandler
                0x08003156        0xe ./Core/Src/stm32l4xx_it.o
                0x08003156                EXTI0_IRQHandler
 .text.EXTI1_IRQHandler
                0x08003164        0xe ./Core/Src/stm32l4xx_it.o
                0x08003164                EXTI1_IRQHandler
 .text.EXTI4_IRQHandler
                0x08003172        0xe ./Core/Src/stm32l4xx_it.o
                0x08003172                EXTI4_IRQHandler
 .text.EXTI9_5_IRQHandler
                0x08003180        0xe ./Core/Src/stm32l4xx_it.o
                0x08003180                EXTI9_5_IRQHandler
 .text._getpid  0x0800318e       0x10 ./Core/Src/syscalls.o
                0x0800318e                _getpid
 .text._kill    0x0800319e       0x20 ./Core/Src/syscalls.o
                0x0800319e                _kill
 .text._exit    0x080031be       0x16 ./Core/Src/syscalls.o
                0x080031be                _exit
 .text._sbrk    0x080031d4       0x6c ./Core/Src/sysmem.o
                0x080031d4                _sbrk
 .text.SystemInit
                0x08003240       0x24 ./Core/Src/system_stm32l4xx.o
                0x08003240                SystemInit
 .text.Reset_Handler
                0x08003264       0x50 ./Core/Startup/startup_stm32l412kbtx.o
                0x08003264                Reset_Handler
 .text.Default_Handler
                0x080032b4        0x2 ./Core/Startup/startup_stm32l412kbtx.o
                0x080032b4                TIM1_BRK_TIM15_IRQHandler
                0x080032b4                EXTI2_IRQHandler
                0x080032b4                TIM1_CC_IRQHandler
                0x080032b4                TSC_IRQHandler
                0x080032b4                TIM6_IRQHandler
                0x080032b4                TAMP_STAMP_IRQHandler
                0x080032b4                EXTI3_IRQHandler
                0x080032b4                LPTIM2_IRQHandler
                0x080032b4                I2C3_ER_IRQHandler
                0x080032b4                I2C2_EV_IRQHandler
                0x080032b4                FPU_IRQHandler
                0x080032b4                TIM1_UP_TIM16_IRQHandler
                0x080032b4                ADC1_2_IRQHandler
                0x080032b4                SPI1_IRQHandler
                0x080032b4                DMA2_Channel2_IRQHandler
                0x080032b4                DMA1_Channel4_IRQHandler
                0x080032b4                USART3_IRQHandler
                0x080032b4                DMA1_Channel7_IRQHandler
                0x080032b4                DMA2_Channel1_IRQHandler
                0x080032b4                QUADSPI_IRQHandler
                0x080032b4                I2C1_EV_IRQHandler
                0x080032b4                DMA1_Channel6_IRQHandler
                0x080032b4                DMA2_Channel4_IRQHandler
                0x080032b4                RCC_IRQHandler
                0x080032b4                TIM1_TRG_COM_IRQHandler
                0x080032b4                DMA1_Channel1_IRQHandler
                0x080032b4                Default_Handler
                0x080032b4                DMA2_Channel7_IRQHandler
                0x080032b4                EXTI15_10_IRQHandler
                0x080032b4                I2C3_EV_IRQHandler
                0x080032b4                USB_IRQHandler
                0x080032b4                RTC_WKUP_IRQHandler
                0x080032b4                PVD_PVM_IRQHandler
                0x080032b4                SPI2_IRQHandler
                0x080032b4                DMA2_Channel5_IRQHandler
                0x080032b4                CRS_IRQHandler
                0x080032b4                DMA1_Channel5_IRQHandler
                0x080032b4                RNG_IRQHandler
                0x080032b4                DMA1_Channel3_IRQHandler
                0x080032b4                COMP_IRQHandler
                0x080032b4                WWDG_IRQHandler
                0x080032b4                LPUART1_IRQHandler
                0x080032b4                DMA2_Channel6_IRQHandler
                0x080032b4                TIM2_IRQHandler
                0x080032b4                USART2_IRQHandler
                0x080032b4                I2C2_ER_IRQHandler
                0x080032b4                DMA1_Channel2_IRQHandler
                0x080032b4                FLASH_IRQHandler
                0x080032b4                USART1_IRQHandler
                0x080032b4                I2C1_ER_IRQHandler
                0x080032b4                LPTIM1_IRQHandler
                0x080032b4                DMA2_Channel3_IRQHandler
                0x080032b4                RTC_Alarm_IRQHandler
 .text.HAL_Init
                0x080032b6       0x30 ./Drivers/STM32L4xx_HAL_Driver/Src/stm32l4xx_hal.o
                0x080032b6                HAL_Init
 *fill*         0x080032e6        0x2 
 .text.HAL_InitTick
                0x080032e8       0x78 ./Drivers/STM32L4xx_HAL_Driver/Src/stm32l4xx_hal.o
                0x080032e8                HAL_InitTick
 .text.HAL_IncTick
                0x08003360       0x28 ./Drivers/STM32L4xx_HAL_Driver/Src/stm32l4xx_hal.o
                0x08003360                HAL_IncTick
 .text.HAL_GetTick
                0x08003388       0x18 ./Drivers/STM32L4xx_HAL_Driver/Src/stm32l4xx_hal.o
                0x08003388                HAL_GetTick
 .text.HAL_Delay
                0x080033a0       0x48 ./Drivers/STM32L4xx_HAL_Driver/Src/stm32l4xx_hal.o
                0x080033a0                HAL_Delay
 .text.LL_ADC_SetCommonClock
                0x080033e8       0x26 ./Drivers/STM32L4xx_HAL_Driver/Src/stm32l4xx_hal_adc.o
 .text.LL_ADC_SetCommonPathInternalCh
                0x0800340e       0x26 ./Drivers/STM32L4xx_HAL_Driver/Src/stm32l4xx_hal_adc.o
 .text.LL_ADC_GetCommonPathInternalCh
                0x08003434       0x1c ./Drivers/STM32L4xx_HAL_Driver/Src/stm32l4xx_hal_adc.o
 .text.LL_ADC_SetOffset
                0x08003450       0x48 ./Drivers/STM32L4xx_HAL_Driver/Src/stm32l4xx_hal_adc.o
 .text.LL_ADC_GetOffsetChannel
                0x08003498       0x2c ./Drivers/STM32L4xx_HAL_Driver/Src/stm32l4xx_hal_adc.o
 .text.LL_ADC_SetOffsetState
                0x080034c4       0x36 ./Drivers/STM32L4xx_HAL_Driver/Src/stm32l4xx_hal_adc.o
 .text.LL_ADC_SetSamplingTimeCommonConfig
                0x080034fa       0x26 ./Drivers/STM32L4xx_HAL_Driver/Src/stm32l4xx_hal_adc.o
 .text.LL_ADC_REG_IsTriggerSourceSWStart
                0x08003520       0x26 ./Drivers/STM32L4xx_HAL_Driver/Src/stm32l4xx_hal_adc.o
 .text.LL_ADC_REG_SetSequencerRanks
                0x08003546       0x58 ./Drivers/STM32L4xx_HAL_Driver/Src/stm32l4xx_hal_adc.o
 .text.LL_ADC_SetChannelSamplingTime
                0x0800359e       0x56 ./Drivers/STM32L4xx_HAL_Driver/Src/stm32l4xx_hal_adc.o
 .text.LL_ADC_SetChannelSingleDiff
                0x080035f4       0x48 ./Drivers/STM32L4xx_HAL_Driver/Src/stm32l4xx_hal_adc.o
 .text.LL_ADC_GetMultimode
                0x0800363c       0x1c ./Drivers/STM32L4xx_HAL_Driver/Src/stm32l4xx_hal_adc.o
 .text.LL_ADC_GetMultiDMATransfer
                0x08003658       0x1c ./Drivers/STM32L4xx_HAL_Driver/Src/stm32l4xx_hal_adc.o
 .text.LL_ADC_DisableDeepPowerDown
                0x08003674       0x24 ./Drivers/STM32L4xx_HAL_Driver/Src/stm32l4xx_hal_adc.o
 .text.LL_ADC_IsDeepPowerDownEnabled
                0x08003698       0x28 ./Drivers/STM32L4xx_HAL_Driver/Src/stm32l4xx_hal_adc.o
 .text.LL_ADC_EnableInternalRegulator
                0x080036c0       0x28 ./Drivers/STM32L4xx_HAL_Driver/Src/stm32l4xx_hal_adc.o
 .text.LL_ADC_IsInternalRegulatorEnabled
                0x080036e8       0x28 ./Drivers/STM32L4xx_HAL_Driver/Src/stm32l4xx_hal_adc.o
 .text.LL_ADC_Enable
                0x08003710       0x28 ./Drivers/STM32L4xx_HAL_Driver/Src/stm32l4xx_hal_adc.o
 .text.LL_ADC_IsEnabled
                0x08003738       0x26 ./Drivers/STM32L4xx_HAL_Driver/Src/stm32l4xx_hal_adc.o
 .text.LL_ADC_REG_StartConversion
                0x0800375e       0x28 ./Drivers/STM32L4xx_HAL_Driver/Src/stm32l4xx_hal_adc.o
 .text.LL_ADC_REG_IsConversionOngoing
                0x08003786       0x26 ./Drivers/STM32L4xx_HAL_Driver/Src/stm32l4xx_hal_adc.o
 .text.LL_ADC_INJ_IsConversionOngoing
                0x080037ac       0x26 ./Drivers/STM32L4xx_HAL_Driver/Src/stm32l4xx_hal_adc.o
 *fill*         0x080037d2        0x2 
 .text.HAL_ADC_Init
                0x080037d4      0x294 ./Drivers/STM32L4xx_HAL_Driver/Src/stm32l4xx_hal_adc.o
                0x080037d4                HAL_ADC_Init
 .text.HAL_ADC_Start
                0x08003a68      0x174 ./Drivers/STM32L4xx_HAL_Driver/Src/stm32l4xx_hal_adc.o
                0x08003a68                HAL_ADC_Start
 .text.HAL_ADC_PollForConversion
                0x08003bdc      0x1b0 ./Drivers/STM32L4xx_HAL_Driver/Src/stm32l4xx_hal_adc.o
                0x08003bdc                HAL_ADC_PollForConversion
 .text.HAL_ADC_GetValue
                0x08003d8c       0x1a ./Drivers/STM32L4xx_HAL_Driver/Src/stm32l4xx_hal_adc.o
                0x08003d8c                HAL_ADC_GetValue
 *fill*         0x08003da6        0x2 
 .text.HAL_ADC_ConfigChannel
                0x08003da8      0x7f8 ./Drivers/STM32L4xx_HAL_Driver/Src/stm32l4xx_hal_adc.o
                0x08003da8                HAL_ADC_ConfigChannel
 .text.ADC_Enable
                0x080045a0      0x10c ./Drivers/STM32L4xx_HAL_Driver/Src/stm32l4xx_hal_adc.o
                0x080045a0                ADC_Enable
 .text.LL_ADC_IsEnabled
                0x080046ac       0x26 ./Drivers/STM32L4xx_HAL_Driver/Src/stm32l4xx_hal_adc_ex.o
 .text.LL_ADC_REG_IsConversionOngoing
                0x080046d2       0x26 ./Drivers/STM32L4xx_HAL_Driver/Src/stm32l4xx_hal_adc_ex.o
 .text.HAL_ADCEx_MultiModeConfigChannel
                0x080046f8      0x148 ./Drivers/STM32L4xx_HAL_Driver/Src/stm32l4xx_hal_adc_ex.o
                0x080046f8                HAL_ADCEx_MultiModeConfigChannel
 .text.__NVIC_SetPriorityGrouping
                0x08004840       0x48 ./Drivers/STM32L4xx_HAL_Driver/Src/stm32l4xx_hal_cortex.o
 .text.__NVIC_GetPriorityGrouping
                0x08004888       0x1c ./Drivers/STM32L4xx_HAL_Driver/Src/stm32l4xx_hal_cortex.o
 .text.__NVIC_EnableIRQ
                0x080048a4       0x3c ./Drivers/STM32L4xx_HAL_Driver/Src/stm32l4xx_hal_cortex.o
 .text.__NVIC_SetPriority
                0x080048e0       0x54 ./Drivers/STM32L4xx_HAL_Driver/Src/stm32l4xx_hal_cortex.o
 .text.NVIC_EncodePriority
                0x08004934       0x66 ./Drivers/STM32L4xx_HAL_Driver/Src/stm32l4xx_hal_cortex.o
 *fill*         0x0800499a        0x2 
 .text.SysTick_Config
                0x0800499c       0x44 ./Drivers/STM32L4xx_HAL_Driver/Src/stm32l4xx_hal_cortex.o
 .text.HAL_NVIC_SetPriorityGrouping
                0x080049e0       0x16 ./Drivers/STM32L4xx_HAL_Driver/Src/stm32l4xx_hal_cortex.o
                0x080049e0                HAL_NVIC_SetPriorityGrouping
 .text.HAL_NVIC_SetPriority
                0x080049f6       0x38 ./Drivers/STM32L4xx_HAL_Driver/Src/stm32l4xx_hal_cortex.o
                0x080049f6                HAL_NVIC_SetPriority
 .text.HAL_NVIC_EnableIRQ
                0x08004a2e       0x1c ./Drivers/STM32L4xx_HAL_Driver/Src/stm32l4xx_hal_cortex.o
                0x08004a2e                HAL_NVIC_EnableIRQ
 .text.HAL_SYSTICK_Config
                0x08004a4a       0x18 ./Drivers/STM32L4xx_HAL_Driver/Src/stm32l4xx_hal_cortex.o
                0x08004a4a                HAL_SYSTICK_Config
 *fill*         0x08004a62        0x2 
 .text.HAL_GPIO_Init
                0x08004a64      0x2e4 ./Drivers/STM32L4xx_HAL_Driver/Src/stm32l4xx_hal_gpio.o
                0x08004a64                HAL_GPIO_Init
 .text.HAL_GPIO_WritePin
                0x08004d48       0x30 ./Drivers/STM32L4xx_HAL_Driver/Src/stm32l4xx_hal_gpio.o
                0x08004d48                HAL_GPIO_WritePin
 .text.HAL_GPIO_EXTI_IRQHandler
                0x08004d78       0x30 ./Drivers/STM32L4xx_HAL_Driver/Src/stm32l4xx_hal_gpio.o
                0x08004d78                HAL_GPIO_EXTI_IRQHandler
 .text.HAL_I2C_Init
                0x08004da8      0x136 ./Drivers/STM32L4xx_HAL_Driver/Src/stm32l4xx_hal_i2c.o
                0x08004da8                HAL_I2C_Init
 *fill*         0x08004ede        0x2 
 .text.HAL_I2C_Master_Transmit
                0x08004ee0      0x230 ./Drivers/STM32L4xx_HAL_Driver/Src/stm32l4xx_hal_i2c.o
                0x08004ee0                HAL_I2C_Master_Transmit
 .text.I2C_Flush_TXDR
                0x08005110       0x48 ./Drivers/STM32L4xx_HAL_Driver/Src/stm32l4xx_hal_i2c.o
 .text.I2C_WaitOnFlagUntilTimeout
                0x08005158       0xb2 ./Drivers/STM32L4xx_HAL_Driver/Src/stm32l4xx_hal_i2c.o
 .text.I2C_WaitOnTXISFlagUntilTimeout
                0x0800520a       0x8e ./Drivers/STM32L4xx_HAL_Driver/Src/stm32l4xx_hal_i2c.o
 .text.I2C_WaitOnSTOPFlagUntilTimeout
                0x08005298       0x86 ./Drivers/STM32L4xx_HAL_Driver/Src/stm32l4xx_hal_i2c.o
 *fill*         0x0800531e        0x2 
 .text.I2C_IsErrorOccurred
                0x08005320      0x1c0 ./Drivers/STM32L4xx_HAL_Driver/Src/stm32l4xx_hal_i2c.o
 .text.I2C_TransferConfig
                0x080054e0       0x64 ./Drivers/STM32L4xx_HAL_Driver/Src/stm32l4xx_hal_i2c.o
 .text.HAL_I2CEx_ConfigAnalogFilter
                0x08005544       0x96 ./Drivers/STM32L4xx_HAL_Driver/Src/stm32l4xx_hal_i2c_ex.o
                0x08005544                HAL_I2CEx_ConfigAnalogFilter
 .text.HAL_I2CEx_ConfigDigitalFilter
                0x080055da       0x98 ./Drivers/STM32L4xx_HAL_Driver/Src/stm32l4xx_hal_i2c_ex.o
                0x080055da                HAL_I2CEx_ConfigDigitalFilter
 *fill*         0x08005672        0x2 
 .text.HAL_PWREx_GetVoltageRange
                0x08005674       0x1c ./Drivers/STM32L4xx_HAL_Driver/Src/stm32l4xx_hal_pwr_ex.o
                0x08005674                HAL_PWREx_GetVoltageRange
 .text.HAL_PWREx_ControlVoltageScaling
                0x08005690       0xac ./Drivers/STM32L4xx_HAL_Driver/Src/stm32l4xx_hal_pwr_ex.o
                0x08005690                HAL_PWREx_ControlVoltageScaling
 .text.HAL_RCC_OscConfig
                0x0800573c      0x8c4 ./Drivers/STM32L4xx_HAL_Driver/Src/stm32l4xx_hal_rcc.o
                0x0800573c                HAL_RCC_OscConfig
 .text.HAL_RCC_ClockConfig
                0x08006000      0x200 ./Drivers/STM32L4xx_HAL_Driver/Src/stm32l4xx_hal_rcc.o
                0x08006000                HAL_RCC_ClockConfig
 .text.HAL_RCC_GetSysClockFreq
                0x08006200      0x118 ./Drivers/STM32L4xx_HAL_Driver/Src/stm32l4xx_hal_rcc.o
                0x08006200                HAL_RCC_GetSysClockFreq
 .text.HAL_RCC_GetHCLKFreq
                0x08006318       0x18 ./Drivers/STM32L4xx_HAL_Driver/Src/stm32l4xx_hal_rcc.o
                0x08006318                HAL_RCC_GetHCLKFreq
 .text.HAL_RCC_GetPCLK1Freq
                0x08006330       0x2c ./Drivers/STM32L4xx_HAL_Driver/Src/stm32l4xx_hal_rcc.o
                0x08006330                HAL_RCC_GetPCLK1Freq
 .text.HAL_RCC_GetPCLK2Freq
                0x0800635c       0x2c ./Drivers/STM32L4xx_HAL_Driver/Src/stm32l4xx_hal_rcc.o
                0x0800635c                HAL_RCC_GetPCLK2Freq
 .text.RCC_SetFlashLatencyFromMSIRange
                0x08006388       0xc0 ./Drivers/STM32L4xx_HAL_Driver/Src/stm32l4xx_hal_rcc.o
 .text.HAL_RCCEx_PeriphCLKConfig
                0x08006448      0x30c ./Drivers/STM32L4xx_HAL_Driver/Src/stm32l4xx_hal_rcc_ex.o
                0x08006448                HAL_RCCEx_PeriphCLKConfig
 .text.HAL_TIM_Base_Init
                0x08006754       0xae ./Drivers/STM32L4xx_HAL_Driver/Src/stm32l4xx_hal_tim.o
                0x08006754                HAL_TIM_Base_Init
 *fill*         0x08006802        0x2 
 .text.HAL_TIM_Base_Start
                0x08006804       0x98 ./Drivers/STM32L4xx_HAL_Driver/Src/stm32l4xx_hal_tim.o
                0x08006804                HAL_TIM_Base_Start
 .text.HAL_TIM_SlaveConfigSynchro
                0x0800689c       0x84 ./Drivers/STM32L4xx_HAL_Driver/Src/stm32l4xx_hal_tim.o
                0x0800689c                HAL_TIM_SlaveConfigSynchro
 .text.TIM_Base_SetConfig
                0x08006920       0xe0 ./Drivers/STM32L4xx_HAL_Driver/Src/stm32l4xx_hal_tim.o
                0x08006920                TIM_Base_SetConfig
 .text.TIM_SlaveTimer_SetConfig
                0x08006a00      0x126 ./Drivers/STM32L4xx_HAL_Driver/Src/stm32l4xx_hal_tim.o
 .text.TIM_TI1_ConfigInputStage
                0x08006b26       0x5e ./Drivers/STM32L4xx_HAL_Driver/Src/stm32l4xx_hal_tim.o
 .text.TIM_TI2_ConfigInputStage
                0x08006b84       0x60 ./Drivers/STM32L4xx_HAL_Driver/Src/stm32l4xx_hal_tim.o
 .text.TIM_ETR_SetConfig
                0x08006be4       0x40 ./Drivers/STM32L4xx_HAL_Driver/Src/stm32l4xx_hal_tim.o
                0x08006be4                TIM_ETR_SetConfig
 .text.HAL_TIMEx_MasterConfigSynchronization
                0x08006c24       0xcc ./Drivers/STM32L4xx_HAL_Driver/Src/stm32l4xx_hal_tim_ex.o
                0x08006c24                HAL_TIMEx_MasterConfigSynchronization
 .text.HAL_UART_Init
                0x08006cf0       0x9c ./Drivers/STM32L4xx_HAL_Driver/Src/stm32l4xx_hal_uart.o
                0x08006cf0                HAL_UART_Init
 .text.UART_SetConfig
                0x08006d8c      0x4b4 ./Drivers/STM32L4xx_HAL_Driver/Src/stm32l4xx_hal_uart.o
                0x08006d8c                UART_SetConfig
 .text.UART_AdvFeatureConfig
                0x08007240      0x144 ./Drivers/STM32L4xx_HAL_Driver/Src/stm32l4xx_hal_uart.o
                0x08007240                UART_AdvFeatureConfig
 .text.UART_CheckIdleState
                0x08007384      0x150 ./Drivers/STM32L4xx_HAL_Driver/Src/stm32l4xx_hal_uart.o
                0x08007384                UART_CheckIdleState
 .text.UART_WaitOnFlagUntilTimeout
                0x080074d4       0xda ./Drivers/STM32L4xx_HAL_Driver/Src/stm32l4xx_hal_uart.o
                0x080074d4                UART_WaitOnFlagUntilTimeout
 .text.UART_EndRxTransfer
                0x080075ae       0xc8 ./Drivers/STM32L4xx_HAL_Driver/Src/stm32l4xx_hal_uart.o
 .text._ZdlPvj  0x08007676        0x4 /Applications/STM32CubeIDE.app/Contents/Eclipse/plugins/com.st.stm32cube.ide.mcu.externaltools.gnu-tools-for-stm32.13.3.rel1.macos64_1.0.0.202411102158/tools/bin/../lib/gcc/arm-none-eabi/13.3.1/../../../../arm-none-eabi/lib/thumb/v7e-m+fp/hard/libstdc++_nano.a(del_ops.o)
                0x08007676                operator delete(void*, unsigned int)
 .text._Znwj    0x0800767a       0x22 /Applications/STM32CubeIDE.app/Contents/Eclipse/plugins/com.st.stm32cube.ide.mcu.externaltools.gnu-tools-for-stm32.13.3.rel1.macos64_1.0.0.202411102158/tools/bin/../lib/gcc/arm-none-eabi/13.3.1/../../../../arm-none-eabi/lib/thumb/v7e-m+fp/hard/libstdc++_nano.a(new_op.o)
                0x0800767a                operator new(unsigned int)
 .text.unlikely._ZSt17__throw_bad_allocv
                0x0800769c        0x6 /Applications/STM32CubeIDE.app/Contents/Eclipse/plugins/com.st.stm32cube.ide.mcu.externaltools.gnu-tools-for-stm32.13.3.rel1.macos64_1.0.0.202411102158/tools/bin/../lib/gcc/arm-none-eabi/13.3.1/../../../../arm-none-eabi/lib/thumb/v7e-m+fp/hard/libstdc++_nano.a(functexcept.o)
                0x0800769c                std::__throw_bad_alloc()
 .text.unlikely._ZSt28__throw_bad_array_new_lengthv
                0x080076a2        0x6 /Applications/STM32CubeIDE.app/Contents/Eclipse/plugins/com.st.stm32cube.ide.mcu.externaltools.gnu-tools-for-stm32.13.3.rel1.macos64_1.0.0.202411102158/tools/bin/../lib/gcc/arm-none-eabi/13.3.1/../../../../arm-none-eabi/lib/thumb/v7e-m+fp/hard/libstdc++_nano.a(functexcept.o)
                0x080076a2                std::__throw_bad_array_new_length()
 .text.unlikely._ZSt20__throw_length_errorPKc
                0x080076a8        0x6 /Applications/STM32CubeIDE.app/Contents/Eclipse/plugins/com.st.stm32cube.ide.mcu.externaltools.gnu-tools-for-stm32.13.3.rel1.macos64_1.0.0.202411102158/tools/bin/../lib/gcc/arm-none-eabi/13.3.1/../../../../arm-none-eabi/lib/thumb/v7e-m+fp/hard/libstdc++_nano.a(functexcept.o)
                0x080076a8                std::__throw_length_error(char const*)
 .text._ZdlPv   0x080076ae        0x4 /Applications/STM32CubeIDE.app/Contents/Eclipse/plugins/com.st.stm32cube.ide.mcu.externaltools.gnu-tools-for-stm32.13.3.rel1.macos64_1.0.0.202411102158/tools/bin/../lib/gcc/arm-none-eabi/13.3.1/../../../../arm-none-eabi/lib/thumb/v7e-m+fp/hard/libstdc++_nano.a(del_op.o)
                0x080076ae                operator delete(void*)
 *fill*         0x080076b2        0x2 
 .text._ZSt15get_new_handlerv
                0x080076b4       0x10 /Applications/STM32CubeIDE.app/Contents/Eclipse/plugins/com.st.stm32cube.ide.mcu.externaltools.gnu-tools-for-stm32.13.3.rel1.macos64_1.0.0.202411102158/tools/bin/../lib/gcc/arm-none-eabi/13.3.1/../../../../arm-none-eabi/lib/thumb/v7e-m+fp/hard/libstdc++_nano.a(new_handler.o)
                0x080076b4                std::get_new_handler()
 .text.abort    0x080076c4        0xe /Applications/STM32CubeIDE.app/Contents/Eclipse/plugins/com.st.stm32cube.ide.mcu.externaltools.gnu-tools-for-stm32.13.3.rel1.macos64_1.0.0.202411102158/tools/bin/../lib/gcc/arm-none-eabi/13.3.1/../../../../arm-none-eabi/lib/thumb/v7e-m+fp/hard/libc_nano.a(libc_a-abort.o)
                0x080076c4                abort
 *fill*         0x080076d2        0x2 
 .text.malloc   0x080076d4       0x10 /Applications/STM32CubeIDE.app/Contents/Eclipse/plugins/com.st.stm32cube.ide.mcu.externaltools.gnu-tools-for-stm32.13.3.rel1.macos64_1.0.0.202411102158/tools/bin/../lib/gcc/arm-none-eabi/13.3.1/../../../../arm-none-eabi/lib/thumb/v7e-m+fp/hard/libc_nano.a(libc_a-malloc.o)
                0x080076d4                malloc
 .text.free     0x080076e4       0x10 /Applications/STM32CubeIDE.app/Contents/Eclipse/plugins/com.st.stm32cube.ide.mcu.externaltools.gnu-tools-for-stm32.13.3.rel1.macos64_1.0.0.202411102158/tools/bin/../lib/gcc/arm-none-eabi/13.3.1/../../../../arm-none-eabi/lib/thumb/v7e-m+fp/hard/libc_nano.a(libc_a-malloc.o)
                0x080076e4                free
 .text.sbrk_aligned
                0x080076f4       0x44 /Applications/STM32CubeIDE.app/Contents/Eclipse/plugins/com.st.stm32cube.ide.mcu.externaltools.gnu-tools-for-stm32.13.3.rel1.macos64_1.0.0.202411102158/tools/bin/../lib/gcc/arm-none-eabi/13.3.1/../../../../arm-none-eabi/lib/thumb/v7e-m+fp/hard/libc_nano.a(libc_a-mallocr.o)
 .text._malloc_r
                0x08007738      0x100 /Applications/STM32CubeIDE.app/Contents/Eclipse/plugins/com.st.stm32cube.ide.mcu.externaltools.gnu-tools-for-stm32.13.3.rel1.macos64_1.0.0.202411102158/tools/bin/../lib/gcc/arm-none-eabi/13.3.1/../../../../arm-none-eabi/lib/thumb/v7e-m+fp/hard/libc_nano.a(libc_a-mallocr.o)
                0x08007738                _malloc_r
 .text.snprintf
                0x08007838       0x6c /Applications/STM32CubeIDE.app/Contents/Eclipse/plugins/com.st.stm32cube.ide.mcu.externaltools.gnu-tools-for-stm32.13.3.rel1.macos64_1.0.0.202411102158/tools/bin/../lib/gcc/arm-none-eabi/13.3.1/../../../../arm-none-eabi/lib/thumb/v7e-m+fp/hard/libc_nano.a(libc_a-snprintf.o)
                0x08007838                snprintf
                0x08007838                sniprintf
 .text.__malloc_lock
                0x080078a4        0xc /Applications/STM32CubeIDE.app/Contents/Eclipse/plugins/com.st.stm32cube.ide.mcu.externaltools.gnu-tools-for-stm32.13.3.rel1.macos64_1.0.0.202411102158/tools/bin/../lib/gcc/arm-none-eabi/13.3.1/../../../../arm-none-eabi/lib/thumb/v7e-m+fp/hard/libc_nano.a(libc_a-mlock.o)
                0x080078a4                __malloc_lock
 .text.__malloc_unlock
                0x080078b0        0xc /Applications/STM32CubeIDE.app/Contents/Eclipse/plugins/com.st.stm32cube.ide.mcu.externaltools.gnu-tools-for-stm32.13.3.rel1.macos64_1.0.0.202411102158/tools/bin/../lib/gcc/arm-none-eabi/13.3.1/../../../../arm-none-eabi/lib/thumb/v7e-m+fp/hard/libc_nano.a(libc_a-mlock.o)
                0x080078b0                __malloc_unlock
 .text.memmove  0x080078bc       0x34 /Applications/STM32CubeIDE.app/Contents/Eclipse/plugins/com.st.stm32cube.ide.mcu.externaltools.gnu-tools-for-stm32.13.3.rel1.macos64_1.0.0.202411102158/tools/bin/../lib/gcc/arm-none-eabi/13.3.1/../../../../arm-none-eabi/lib/thumb/v7e-m+fp/hard/libc_nano.a(libc_a-memmove.o)
                0x080078bc                memmove
 .text.memset   0x080078f0       0x10 /Applications/STM32CubeIDE.app/Contents/Eclipse/plugins/com.st.stm32cube.ide.mcu.externaltools.gnu-tools-for-stm32.13.3.rel1.macos64_1.0.0.202411102158/tools/bin/../lib/gcc/arm-none-eabi/13.3.1/../../../../arm-none-eabi/lib/thumb/v7e-m+fp/hard/libc_nano.a(libc_a-memset.o)
                0x080078f0                memset
 .text._raise_r
                0x08007900       0x50 /Applications/STM32CubeIDE.app/Contents/Eclipse/plugins/com.st.stm32cube.ide.mcu.externaltools.gnu-tools-for-stm32.13.3.rel1.macos64_1.0.0.202411102158/tools/bin/../lib/gcc/arm-none-eabi/13.3.1/../../../../arm-none-eabi/lib/thumb/v7e-m+fp/hard/libc_nano.a(libc_a-signal.o)
                0x08007900                _raise_r
 .text.raise    0x08007950       0x10 /Applications/STM32CubeIDE.app/Contents/Eclipse/plugins/com.st.stm32cube.ide.mcu.externaltools.gnu-tools-for-stm32.13.3.rel1.macos64_1.0.0.202411102158/tools/bin/../lib/gcc/arm-none-eabi/13.3.1/../../../../arm-none-eabi/lib/thumb/v7e-m+fp/hard/libc_nano.a(libc_a-signal.o)
                0x08007950                raise
 .text._kill_r  0x08007960       0x24 /Applications/STM32CubeIDE.app/Contents/Eclipse/plugins/com.st.stm32cube.ide.mcu.externaltools.gnu-tools-for-stm32.13.3.rel1.macos64_1.0.0.202411102158/tools/bin/../lib/gcc/arm-none-eabi/13.3.1/../../../../arm-none-eabi/lib/thumb/v7e-m+fp/hard/libc_nano.a(libc_a-signalr.o)
                0x08007960                _kill_r
 .text._getpid_r
                0x08007984        0x4 /Applications/STM32CubeIDE.app/Contents/Eclipse/plugins/com.st.stm32cube.ide.mcu.externaltools.gnu-tools-for-stm32.13.3.rel1.macos64_1.0.0.202411102158/tools/bin/../lib/gcc/arm-none-eabi/13.3.1/../../../../arm-none-eabi/lib/thumb/v7e-m+fp/hard/libc_nano.a(libc_a-signalr.o)
                0x08007984                _getpid_r
 .text._sbrk_r  0x08007988       0x20 /Applications/STM32CubeIDE.app/Contents/Eclipse/plugins/com.st.stm32cube.ide.mcu.externaltools.gnu-tools-for-stm32.13.3.rel1.macos64_1.0.0.202411102158/tools/bin/../lib/gcc/arm-none-eabi/13.3.1/../../../../arm-none-eabi/lib/thumb/v7e-m+fp/hard/libc_nano.a(libc_a-sbrkr.o)
                0x08007988                _sbrk_r
 .text.__errno  0x080079a8        0xc /Applications/STM32CubeIDE.app/Contents/Eclipse/plugins/com.st.stm32cube.ide.mcu.externaltools.gnu-tools-for-stm32.13.3.rel1.macos64_1.0.0.202411102158/tools/bin/../lib/gcc/arm-none-eabi/13.3.1/../../../../arm-none-eabi/lib/thumb/v7e-m+fp/hard/libc_nano.a(libc_a-errno.o)
                0x080079a8                __errno
 .text.__libc_init_array
                0x080079b4       0x48 /Applications/STM32CubeIDE.app/Contents/Eclipse/plugins/com.st.stm32cube.ide.mcu.externaltools.gnu-tools-for-stm32.13.3.rel1.macos64_1.0.0.202411102158/tools/bin/../lib/gcc/arm-none-eabi/13.3.1/../../../../arm-none-eabi/lib/thumb/v7e-m+fp/hard/libc_nano.a(libc_a-init.o)
                0x080079b4                __libc_init_array
 .text.__retarget_lock_acquire_recursive
                0x080079fc        0x2 /Applications/STM32CubeIDE.app/Contents/Eclipse/plugins/com.st.stm32cube.ide.mcu.externaltools.gnu-tools-for-stm32.13.3.rel1.macos64_1.0.0.202411102158/tools/bin/../lib/gcc/arm-none-eabi/13.3.1/../../../../arm-none-eabi/lib/thumb/v7e-m+fp/hard/libc_nano.a(libc_a-lock.o)
                0x080079fc                __retarget_lock_acquire_recursive
 .text.__retarget_lock_release_recursive
                0x080079fe        0x2 /Applications/STM32CubeIDE.app/Contents/Eclipse/plugins/com.st.stm32cube.ide.mcu.externaltools.gnu-tools-for-stm32.13.3.rel1.macos64_1.0.0.202411102158/tools/bin/../lib/gcc/arm-none-eabi/13.3.1/../../../../arm-none-eabi/lib/thumb/v7e-m+fp/hard/libc_nano.a(libc_a-lock.o)
                0x080079fe                __retarget_lock_release_recursive
 .text._free_r  0x08007a00       0x94 /Applications/STM32CubeIDE.app/Contents/Eclipse/plugins/com.st.stm32cube.ide.mcu.externaltools.gnu-tools-for-stm32.13.3.rel1.macos64_1.0.0.202411102158/tools/bin/../lib/gcc/arm-none-eabi/13.3.1/../../../../arm-none-eabi/lib/thumb/v7e-m+fp/hard/libc_nano.a(libc_a-freer.o)
                0x08007a00                _free_r
 .text.__ssputs_r
                0x08007a94       0xb6 /Applications/STM32CubeIDE.app/Contents/Eclipse/plugins/com.st.stm32cube.ide.mcu.externaltools.gnu-tools-for-stm32.13.3.rel1.macos64_1.0.0.202411102158/tools/bin/../lib/gcc/arm-none-eabi/13.3.1/../../../../arm-none-eabi/lib/thumb/v7e-m+fp/hard/libc_nano.a(libc_a-nano-svfprintf.o)
                0x08007a94                __ssputs_r
 *fill*         0x08007b4a        0x2 
 .text._svfprintf_r
                0x08007b4c      0x1f8 /Applications/STM32CubeIDE.app/Contents/Eclipse/plugins/com.st.stm32cube.ide.mcu.externaltools.gnu-tools-for-stm32.13.3.rel1.macos64_1.0.0.202411102158/tools/bin/../lib/gcc/arm-none-eabi/13.3.1/../../../../arm-none-eabi/lib/thumb/v7e-m+fp/hard/libc_nano.a(libc_a-nano-svfprintf.o)
                0x08007b4c                _svfprintf_r
                0x08007b4c                _svfiprintf_r
 .text._printf_common
                0x08007d44       0xda /Applications/STM32CubeIDE.app/Contents/Eclipse/plugins/com.st.stm32cube.ide.mcu.externaltools.gnu-tools-for-stm32.13.3.rel1.macos64_1.0.0.202411102158/tools/bin/../lib/gcc/arm-none-eabi/13.3.1/../../../../arm-none-eabi/lib/thumb/v7e-m+fp/hard/libc_nano.a(libc_a-nano-vfprintf_i.o)
                0x08007d44                _printf_common
 *fill*         0x08007e1e        0x2 
 .text._printf_i
                0x08007e20      0x23c /Applications/STM32CubeIDE.app/Contents/Eclipse/plugins/com.st.stm32cube.ide.mcu.externaltools.gnu-tools-for-stm32.13.3.rel1.macos64_1.0.0.202411102158/tools/bin/../lib/gcc/arm-none-eabi/13.3.1/../../../../arm-none-eabi/lib/thumb/v7e-m+fp/hard/libc_nano.a(libc_a-nano-vfprintf_i.o)
                0x08007e20                _printf_i
 .text._realloc_r
                0x0800805c       0x5c /Applications/STM32CubeIDE.app/Contents/Eclipse/plugins/com.st.stm32cube.ide.mcu.externaltools.gnu-tools-for-stm32.13.3.rel1.macos64_1.0.0.202411102158/tools/bin/../lib/gcc/arm-none-eabi/13.3.1/../../../../arm-none-eabi/lib/thumb/v7e-m+fp/hard/libc_nano.a(libc_a-reallocr.o)
                0x0800805c                _realloc_r
 .text.memcpy   0x080080b8       0x1c /Applications/STM32CubeIDE.app/Contents/Eclipse/plugins/com.st.stm32cube.ide.mcu.externaltools.gnu-tools-for-stm32.13.3.rel1.macos64_1.0.0.202411102158/tools/bin/../lib/gcc/arm-none-eabi/13.3.1/../../../../arm-none-eabi/lib/thumb/v7e-m+fp/hard/libc_nano.a(libc_a-memcpy-stub.o)
                0x080080b8                memcpy
 .text._malloc_usable_size_r
                0x080080d4       0x10 /Applications/STM32CubeIDE.app/Contents/Eclipse/plugins/com.st.stm32cube.ide.mcu.externaltools.gnu-tools-for-stm32.13.3.rel1.macos64_1.0.0.202411102158/tools/bin/../lib/gcc/arm-none-eabi/13.3.1/../../../../arm-none-eabi/lib/thumb/v7e-m+fp/hard/libc_nano.a(libc_a-msizer.o)
                0x080080d4                _malloc_usable_size_r
 *(.glue_7)
 .glue_7        0x080080e4        0x0 linker stubs
 *(.glue_7t)
 .glue_7t       0x080080e4        0x0 linker stubs
 *(.eh_frame)
 .eh_frame      0x080080e4        0x0 /Applications/STM32CubeIDE.app/Contents/Eclipse/plugins/com.st.stm32cube.ide.mcu.externaltools.gnu-tools-for-stm32.13.3.rel1.macos64_1.0.0.202411102158/tools/bin/../lib/gcc/arm-none-eabi/13.3.1/thumb/v7e-m+fp/hard/crtbegin.o
 *(.init)
 .init          0x080080e4        0x4 /Applications/STM32CubeIDE.app/Contents/Eclipse/plugins/com.st.stm32cube.ide.mcu.externaltools.gnu-tools-for-stm32.13.3.rel1.macos64_1.0.0.202411102158/tools/bin/../lib/gcc/arm-none-eabi/13.3.1/thumb/v7e-m+fp/hard/crti.o
                0x080080e4                _init
 .init          0x080080e8        0x8 /Applications/STM32CubeIDE.app/Contents/Eclipse/plugins/com.st.stm32cube.ide.mcu.externaltools.gnu-tools-for-stm32.13.3.rel1.macos64_1.0.0.202411102158/tools/bin/../lib/gcc/arm-none-eabi/13.3.1/thumb/v7e-m+fp/hard/crtn.o
 *(.fini)
 .fini          0x080080f0        0x4 /Applications/STM32CubeIDE.app/Contents/Eclipse/plugins/com.st.stm32cube.ide.mcu.externaltools.gnu-tools-for-stm32.13.3.rel1.macos64_1.0.0.202411102158/tools/bin/../lib/gcc/arm-none-eabi/13.3.1/thumb/v7e-m+fp/hard/crti.o
                0x080080f0                _fini
 .fini          0x080080f4        0x8 /Applications/STM32CubeIDE.app/Contents/Eclipse/plugins/com.st.stm32cube.ide.mcu.externaltools.gnu-tools-for-stm32.13.3.rel1.macos64_1.0.0.202411102158/tools/bin/../lib/gcc/arm-none-eabi/13.3.1/thumb/v7e-m+fp/hard/crtn.o
                0x080080fc                        . = ALIGN (0x4)
                0x080080fc                        _etext = .

.vfp11_veneer   0x080080fc        0x0
 .vfp11_veneer  0x080080fc        0x0 linker stubs

.v4_bx          0x080080fc        0x0
 .v4_bx         0x080080fc        0x0 linker stubs

.iplt           0x080080fc        0x0
 .iplt          0x080080fc        0x0 /Applications/STM32CubeIDE.app/Contents/Eclipse/plugins/com.st.stm32cube.ide.mcu.externaltools.gnu-tools-for-stm32.13.3.rel1.macos64_1.0.0.202411102158/tools/bin/../lib/gcc/arm-none-eabi/13.3.1/thumb/v7e-m+fp/hard/crtbegin.o

.rodata         0x080080fc      0x108
                0x080080fc                        . = ALIGN (0x4)
 *(.rodata)
 .rodata        0x080080fc       0x8a ./Core/Src/main.o
 *(.rodata*)
 *fill*         0x08008186        0x2 
 .rodata.AHBPrescTable
                0x08008188       0x10 ./Core/Src/system_stm32l4xx.o
                0x08008188                AHBPrescTable
 .rodata.APBPrescTable
                0x08008198        0x8 ./Core/Src/system_stm32l4xx.o
                0x08008198                APBPrescTable
 .rodata.MSIRangeTable
                0x080081a0       0x30 ./Core/Src/system_stm32l4xx.o
                0x080081a0                MSIRangeTable
 .rodata._svfprintf_r.str1.1
                0x080081d0       0x33 /Applications/STM32CubeIDE.app/Contents/Eclipse/plugins/com.st.stm32cube.ide.mcu.externaltools.gnu-tools-for-stm32.13.3.rel1.macos64_1.0.0.202411102158/tools/bin/../lib/gcc/arm-none-eabi/13.3.1/../../../../arm-none-eabi/lib/thumb/v7e-m+fp/hard/libc_nano.a(libc_a-nano-svfprintf.o)
                                 0x11 (size before relaxing)
 .rodata._printf_i.str1.1
                0x08008203       0x22 /Applications/STM32CubeIDE.app/Contents/Eclipse/plugins/com.st.stm32cube.ide.mcu.externaltools.gnu-tools-for-stm32.13.3.rel1.macos64_1.0.0.202411102158/tools/bin/../lib/gcc/arm-none-eabi/13.3.1/../../../../arm-none-eabi/lib/thumb/v7e-m+fp/hard/libc_nano.a(libc_a-nano-vfprintf_i.o)
                0x08008228                        . = ALIGN (0x4)
 *fill*         0x08008203        0x1 

.ARM.extab      0x08008204        0x0
                0x08008204                        . = ALIGN (0x4)
 *(.ARM.extab* .gnu.linkonce.armextab.*)
                0x08008204                        . = ALIGN (0x4)

.ARM            0x08008204        0x8
                0x08008204                        . = ALIGN (0x4)
                0x08008204                        __exidx_start = .
 *(.ARM.exidx*)
 .ARM.exidx     0x08008204        0x8 /Applications/STM32CubeIDE.app/Contents/Eclipse/plugins/com.st.stm32cube.ide.mcu.externaltools.gnu-tools-for-stm32.13.3.rel1.macos64_1.0.0.202411102158/tools/bin/../lib/gcc/arm-none-eabi/13.3.1/../../../../arm-none-eabi/lib/thumb/v7e-m+fp/hard/libc_nano.a(libc_a-memchr.o)
 .ARM.exidx     0x0800820c        0x0 /Applications/STM32CubeIDE.app/Contents/Eclipse/plugins/com.st.stm32cube.ide.mcu.externaltools.gnu-tools-for-stm32.13.3.rel1.macos64_1.0.0.202411102158/tools/bin/../lib/gcc/arm-none-eabi/13.3.1/thumb/v7e-m+fp/hard/libgcc.a(_udivmoddi4.o)
                                  0x8 (size before relaxing)
                0x0800820c                        __exidx_end = .
                0x0800820c                        . = ALIGN (0x4)

.preinit_array  0x0800820c        0x0
                0x0800820c                        . = ALIGN (0x4)
                0x0800820c                        PROVIDE (__preinit_array_start = .)
 *(.preinit_array*)
                0x0800820c                        PROVIDE (__preinit_array_end = .)
                0x0800820c                        . = ALIGN (0x4)

.init_array     0x0800820c        0x8
                0x0800820c                        . = ALIGN (0x4)
                0x0800820c                        PROVIDE (__init_array_start = .)
 *(SORT_BY_NAME(.init_array.*))
 *(.init_array*)
 .init_array    0x0800820c        0x4 /Applications/STM32CubeIDE.app/Contents/Eclipse/plugins/com.st.stm32cube.ide.mcu.externaltools.gnu-tools-for-stm32.13.3.rel1.macos64_1.0.0.202411102158/tools/bin/../lib/gcc/arm-none-eabi/13.3.1/thumb/v7e-m+fp/hard/crtbegin.o
 .init_array    0x08008210        0x4 ./Core/Src/main.o
                0x08008214                        PROVIDE (__init_array_end = .)
                0x08008214                        . = ALIGN (0x4)

.fini_array     0x08008214        0x8
                0x08008214                        . = ALIGN (0x4)
                [!provide]                        PROVIDE (__fini_array_start = .)
 *(SORT_BY_NAME(.fini_array.*))
 *(.fini_array*)
 .fini_array    0x08008214        0x4 /Applications/STM32CubeIDE.app/Contents/Eclipse/plugins/com.st.stm32cube.ide.mcu.externaltools.gnu-tools-for-stm32.13.3.rel1.macos64_1.0.0.202411102158/tools/bin/../lib/gcc/arm-none-eabi/13.3.1/thumb/v7e-m+fp/hard/crtbegin.o
 .fini_array    0x08008218        0x4 ./Core/Src/main.o
                [!provide]                        PROVIDE (__fini_array_end = .)
                0x0800821c                        . = ALIGN (0x4)
                0x0800821c                        _sidata = LOADADDR (.data)

.rel.dyn        0x0800821c        0x0
 .rel.iplt      0x0800821c        0x0 /Applications/STM32CubeIDE.app/Contents/Eclipse/plugins/com.st.stm32cube.ide.mcu.externaltools.gnu-tools-for-stm32.13.3.rel1.macos64_1.0.0.202411102158/tools/bin/../lib/gcc/arm-none-eabi/13.3.1/thumb/v7e-m+fp/hard/crtbegin.o

.data           0x20000000       0x8c load address 0x0800821c
                0x20000000                        . = ALIGN (0x4)
                0x20000000                        _sdata = .
 *(.data)
 *(.data*)
 .data.I2C_ADDRESS
                0x20000000        0x1 ./Core/Src/main.o
                0x20000000                I2C_ADDRESS
 *fill*         0x20000001        0x3 
 .data.triangularAmp
                0x20000004        0x4 ./Core/Src/main.o
                0x20000004                triangularAmp
 .data.frequency
                0x20000008        0x4 ./Core/Src/main.o
                0x20000008                frequency
 *fill*         0x2000000c        0x4 
 .data.ampStepSweep
                0x20000010        0x8 ./Core/Src/main.o
                0x20000010                ampStepSweep
 .data.stepForAmplitude
                0x20000018        0x4 ./Core/Src/main.o
                0x20000018                stepForAmplitude
 .data.minAmplitude
                0x2000001c        0x4 ./Core/Src/main.o
                0x2000001c                minAmplitude
 .data.numReadings
                0x20000020        0x4 ./Core/Src/main.o
                0x20000020                numReadings
 .data.stepsLocking
                0x20000024        0x4 ./Core/Src/main.o
                0x20000024                stepsLocking
 .data.stepDirection
                0x20000028        0x4 ./Core/Src/main.o
                0x20000028                stepDirection
 .data.delayInterrupt
                0x2000002c        0x4 ./Core/Src/main.o
                0x2000002c                delayInterrupt
 .data.SystemCoreClock
                0x20000030        0x4 ./Core/Src/system_stm32l4xx.o
                0x20000030                SystemCoreClock
 .data.uwTickPrio
                0x20000034        0x4 ./Drivers/STM32L4xx_HAL_Driver/Src/stm32l4xx_hal.o
                0x20000034                uwTickPrio
 .data.uwTickFreq
                0x20000038        0x1 ./Drivers/STM32L4xx_HAL_Driver/Src/stm32l4xx_hal.o
                0x20000038                uwTickFreq
 *fill*         0x20000039        0x3 
 .data._impure_ptr
                0x2000003c        0x4 /Applications/STM32CubeIDE.app/Contents/Eclipse/plugins/com.st.stm32cube.ide.mcu.externaltools.gnu-tools-for-stm32.13.3.rel1.macos64_1.0.0.202411102158/tools/bin/../lib/gcc/arm-none-eabi/13.3.1/../../../../arm-none-eabi/lib/thumb/v7e-m+fp/hard/libc_nano.a(libc_a-impure.o)
                0x2000003c                _impure_ptr
 .data._impure_data
                0x20000040       0x4c /Applications/STM32CubeIDE.app/Contents/Eclipse/plugins/com.st.stm32cube.ide.mcu.externaltools.gnu-tools-for-stm32.13.3.rel1.macos64_1.0.0.202411102158/tools/bin/../lib/gcc/arm-none-eabi/13.3.1/../../../../arm-none-eabi/lib/thumb/v7e-m+fp/hard/libc_nano.a(libc_a-impure.o)
                0x20000040                _impure_data
 *(.RamFunc)
 *(.RamFunc*)
                0x2000008c                        . = ALIGN (0x4)
                0x2000008c                        _edata = .

.igot.plt       0x2000008c        0x0 load address 0x080082a8
 .igot.plt      0x2000008c        0x0 /Applications/STM32CubeIDE.app/Contents/Eclipse/plugins/com.st.stm32cube.ide.mcu.externaltools.gnu-tools-for-stm32.13.3.rel1.macos64_1.0.0.202411102158/tools/bin/../lib/gcc/arm-none-eabi/13.3.1/thumb/v7e-m+fp/hard/crtbegin.o
                0x2000008c                        . = ALIGN (0x4)

.bss            0x20000090      0x3a0 load address 0x080082a8
                0x20000090                        _sbss = .
                0x20000090                        __bss_start__ = _sbss
 *(.bss)
 .bss           0x20000090       0x1c /Applications/STM32CubeIDE.app/Contents/Eclipse/plugins/com.st.stm32cube.ide.mcu.externaltools.gnu-tools-for-stm32.13.3.rel1.macos64_1.0.0.202411102158/tools/bin/../lib/gcc/arm-none-eabi/13.3.1/thumb/v7e-m+fp/hard/crtbegin.o
 *(.bss*)
 .bss.hadc1     0x200000ac       0x64 ./Core/Src/main.o
                0x200000ac                hadc1
 .bss.hi2c1     0x20000110       0x54 ./Core/Src/main.o
                0x20000110                hi2c1
 .bss.htim1     0x20000164       0x4c ./Core/Src/main.o
                0x20000164                htim1
 .bss.htim2     0x200001b0       0x4c ./Core/Src/main.o
                0x200001b0                htim2
 .bss.huart1    0x200001fc       0x88 ./Core/Src/main.o
                0x200001fc                huart1
 .bss.increaseButton
                0x20000284        0x1 ./Core/Src/main.o
                0x20000284                increaseButton
 .bss.decreaseButton
                0x20000285        0x1 ./Core/Src/main.o
                0x20000285                decreaseButton
 .bss.selectButton
                0x20000286        0x1 ./Core/Src/main.o
                0x20000286                selectButton
 .bss.modeButton
                0x20000287        0x1 ./Core/Src/main.o
                0x20000287                modeButton
 .bss.dacValue  0x20000288        0x8 ./Core/Src/main.o
                0x20000288                dacValue
 .bss.targetDacValue
                0x20000290        0x8 ./Core/Src/main.o
                0x20000290                targetDacValue
 .bss.ampSweep  0x20000298        0x8 ./Core/Src/main.o
                0x20000298                ampSweep
 .bss.adcValue  0x200002a0        0x4 ./Core/Src/main.o
                0x200002a0                adcValue
 .bss.lastAdcValue
                0x200002a4        0x4 ./Core/Src/main.o
                0x200002a4                lastAdcValue
 .bss.detectingPeak
                0x200002a8        0x1 ./Core/Src/main.o
                0x200002a8                detectingPeak
 *fill*         0x200002a9        0x3 
 .bss.peaksPositions
                0x200002ac        0xc ./Core/Src/main.o
                0x200002ac                peaksPositions
 .bss.currentPeakIndex
                0x200002b8        0x4 ./Core/Src/main.o
                0x200002b8                currentPeakIndex
 *fill*         0x200002bc        0x4 
 .bss.waitingTime
                0x200002c0        0x8 ./Core/Src/main.o
                0x200002c0                waitingTime
 .bss.currentSweepMode
                0x200002c8        0x1 ./Core/Src/main.o
                0x200002c8                currentSweepMode
 .bss.currentLockMode
                0x200002c9        0x1 ./Core/Src/main.o
                0x200002c9                currentLockMode
 .bss.currentSystemMode
                0x200002ca        0x1 ./Core/Src/main.o
                0x200002ca                currentSystemMode
 *fill*         0x200002cb        0x1 
 .bss._ZZ18handleSelectButtonE17lastInterruptTime
                0x200002cc        0x4 ./Core/Src/main.o
 .bss._ZZ20handleIncreaseButtonE17lastInterruptTime
                0x200002d0        0x4 ./Core/Src/main.o
 .bss._ZZ20handleDecreaseButtonE17lastInterruptTime
                0x200002d4        0x4 ./Core/Src/main.o
 .bss._ZZ16handleModeButtonE17lastInterruptTime
                0x200002d8        0x4 ./Core/Src/main.o
 .bss.__sbrk_heap_end
                0x200002dc        0x4 ./Core/Src/sysmem.o
 .bss.uwTick    0x200002e0        0x4 ./Drivers/STM32L4xx_HAL_Driver/Src/stm32l4xx_hal.o
                0x200002e0                uwTick
 .bss._ZN12_GLOBAL__N_113__new_handlerE
                0x200002e4        0x4 /Applications/STM32CubeIDE.app/Contents/Eclipse/plugins/com.st.stm32cube.ide.mcu.externaltools.gnu-tools-for-stm32.13.3.rel1.macos64_1.0.0.202411102158/tools/bin/../lib/gcc/arm-none-eabi/13.3.1/../../../../arm-none-eabi/lib/thumb/v7e-m+fp/hard/libstdc++_nano.a(new_handler.o)
 .bss.__malloc_sbrk_start
                0x200002e8        0x4 /Applications/STM32CubeIDE.app/Contents/Eclipse/plugins/com.st.stm32cube.ide.mcu.externaltools.gnu-tools-for-stm32.13.3.rel1.macos64_1.0.0.202411102158/tools/bin/../lib/gcc/arm-none-eabi/13.3.1/../../../../arm-none-eabi/lib/thumb/v7e-m+fp/hard/libc_nano.a(libc_a-mallocr.o)
                0x200002e8                __malloc_sbrk_start
 .bss.__malloc_free_list
                0x200002ec        0x4 /Applications/STM32CubeIDE.app/Contents/Eclipse/plugins/com.st.stm32cube.ide.mcu.externaltools.gnu-tools-for-stm32.13.3.rel1.macos64_1.0.0.202411102158/tools/bin/../lib/gcc/arm-none-eabi/13.3.1/../../../../arm-none-eabi/lib/thumb/v7e-m+fp/hard/libc_nano.a(libc_a-mallocr.o)
                0x200002ec                __malloc_free_list
 .bss.__sf      0x200002f0      0x138 /Applications/STM32CubeIDE.app/Contents/Eclipse/plugins/com.st.stm32cube.ide.mcu.externaltools.gnu-tools-for-stm32.13.3.rel1.macos64_1.0.0.202411102158/tools/bin/../lib/gcc/arm-none-eabi/13.3.1/../../../../arm-none-eabi/lib/thumb/v7e-m+fp/hard/libc_nano.a(libc_a-findfp.o)
                0x200002f0                __sf
 .bss.__lock___malloc_recursive_mutex
                0x20000428        0x1 /Applications/STM32CubeIDE.app/Contents/Eclipse/plugins/com.st.stm32cube.ide.mcu.externaltools.gnu-tools-for-stm32.13.3.rel1.macos64_1.0.0.202411102158/tools/bin/../lib/gcc/arm-none-eabi/13.3.1/../../../../arm-none-eabi/lib/thumb/v7e-m+fp/hard/libc_nano.a(libc_a-lock.o)
                0x20000428                __lock___malloc_recursive_mutex
 *fill*         0x20000429        0x3 
 .bss.errno     0x2000042c        0x4 /Applications/STM32CubeIDE.app/Contents/Eclipse/plugins/com.st.stm32cube.ide.mcu.externaltools.gnu-tools-for-stm32.13.3.rel1.macos64_1.0.0.202411102158/tools/bin/../lib/gcc/arm-none-eabi/13.3.1/../../../../arm-none-eabi/lib/thumb/v7e-m+fp/hard/libc_nano.a(libc_a-reent.o)
                0x2000042c                errno
 *(COMMON)
                0x20000430                        . = ALIGN (0x4)
                0x20000430                        _ebss = .
                0x20000430                        __bss_end__ = _ebss

._user_heap_stack
                0x20000430      0x600 load address 0x080082a8
                0x20000430                        . = ALIGN (0x8)
                [!provide]                        PROVIDE (end = .)
                0x20000430                        PROVIDE (_end = .)
                0x20000630                        . = (. + _Min_Heap_Size)
 *fill*         0x20000430      0x200 
                0x20000a30                        . = (. + _Min_Stack_Size)
 *fill*         0x20000630      0x400 
                0x20000a30                        . = ALIGN (0x8)

/DISCARD/
 libc.a(*)
 libm.a(*)
 libgcc.a(*)

.ARM.attributes
                0x00000000       0x30
 *(.ARM.attributes)
 .ARM.attributes
                0x00000000       0x22 /Applications/STM32CubeIDE.app/Contents/Eclipse/plugins/com.st.stm32cube.ide.mcu.externaltools.gnu-tools-for-stm32.13.3.rel1.macos64_1.0.0.202411102158/tools/bin/../lib/gcc/arm-none-eabi/13.3.1/thumb/v7e-m+fp/hard/crti.o
 .ARM.attributes
                0x00000022       0x34 /Applications/STM32CubeIDE.app/Contents/Eclipse/plugins/com.st.stm32cube.ide.mcu.externaltools.gnu-tools-for-stm32.13.3.rel1.macos64_1.0.0.202411102158/tools/bin/../lib/gcc/arm-none-eabi/13.3.1/thumb/v7e-m+fp/hard/crtbegin.o
 .ARM.attributes
                0x00000056       0x34 ./Core/Src/main.o
 .ARM.attributes
                0x0000008a       0x34 ./Core/Src/stm32l4xx_hal_msp.o
 .ARM.attributes
                0x000000be       0x34 ./Core/Src/stm32l4xx_it.o
 .ARM.attributes
                0x000000f2       0x34 ./Core/Src/syscalls.o
 .ARM.attributes
                0x00000126       0x34 ./Core/Src/sysmem.o
 .ARM.attributes
                0x0000015a       0x34 ./Core/Src/system_stm32l4xx.o
 .ARM.attributes
                0x0000018e       0x21 ./Core/Startup/startup_stm32l412kbtx.o
 .ARM.attributes
                0x000001af       0x34 ./Drivers/STM32L4xx_HAL_Driver/Src/stm32l4xx_hal.o
 .ARM.attributes
                0x000001e3       0x34 ./Drivers/STM32L4xx_HAL_Driver/Src/stm32l4xx_hal_adc.o
 .ARM.attributes
                0x00000217       0x34 ./Drivers/STM32L4xx_HAL_Driver/Src/stm32l4xx_hal_adc_ex.o
 .ARM.attributes
                0x0000024b       0x34 ./Drivers/STM32L4xx_HAL_Driver/Src/stm32l4xx_hal_cortex.o
 .ARM.attributes
                0x0000027f       0x34 ./Drivers/STM32L4xx_HAL_Driver/Src/stm32l4xx_hal_gpio.o
 .ARM.attributes
                0x000002b3       0x34 ./Drivers/STM32L4xx_HAL_Driver/Src/stm32l4xx_hal_i2c.o
 .ARM.attributes
                0x000002e7       0x34 ./Drivers/STM32L4xx_HAL_Driver/Src/stm32l4xx_hal_i2c_ex.o
 .ARM.attributes
                0x0000031b       0x34 ./Drivers/STM32L4xx_HAL_Driver/Src/stm32l4xx_hal_pwr_ex.o
 .ARM.attributes
                0x0000034f       0x34 ./Drivers/STM32L4xx_HAL_Driver/Src/stm32l4xx_hal_rcc.o
 .ARM.attributes
                0x00000383       0x34 ./Drivers/STM32L4xx_HAL_Driver/Src/stm32l4xx_hal_rcc_ex.o
 .ARM.attributes
                0x000003b7       0x34 ./Drivers/STM32L4xx_HAL_Driver/Src/stm32l4xx_hal_tim.o
 .ARM.attributes
                0x000003eb       0x34 ./Drivers/STM32L4xx_HAL_Driver/Src/stm32l4xx_hal_tim_ex.o
 .ARM.attributes
                0x0000041f       0x34 ./Drivers/STM32L4xx_HAL_Driver/Src/stm32l4xx_hal_uart.o
 .ARM.attributes
                0x00000453       0x34 /Applications/STM32CubeIDE.app/Contents/Eclipse/plugins/com.st.stm32cube.ide.mcu.externaltools.gnu-tools-for-stm32.13.3.rel1.macos64_1.0.0.202411102158/tools/bin/../lib/gcc/arm-none-eabi/13.3.1/../../../../arm-none-eabi/lib/thumb/v7e-m+fp/hard/libstdc++_nano.a(del_ops.o)
 .ARM.attributes
                0x00000487       0x34 /Applications/STM32CubeIDE.app/Contents/Eclipse/plugins/com.st.stm32cube.ide.mcu.externaltools.gnu-tools-for-stm32.13.3.rel1.macos64_1.0.0.202411102158/tools/bin/../lib/gcc/arm-none-eabi/13.3.1/../../../../arm-none-eabi/lib/thumb/v7e-m+fp/hard/libstdc++_nano.a(new_op.o)
 .ARM.attributes
                0x000004bb       0x34 /Applications/STM32CubeIDE.app/Contents/Eclipse/plugins/com.st.stm32cube.ide.mcu.externaltools.gnu-tools-for-stm32.13.3.rel1.macos64_1.0.0.202411102158/tools/bin/../lib/gcc/arm-none-eabi/13.3.1/../../../../arm-none-eabi/lib/thumb/v7e-m+fp/hard/libstdc++_nano.a(functexcept.o)
 .ARM.attributes
                0x000004ef       0x34 /Applications/STM32CubeIDE.app/Contents/Eclipse/plugins/com.st.stm32cube.ide.mcu.externaltools.gnu-tools-for-stm32.13.3.rel1.macos64_1.0.0.202411102158/tools/bin/../lib/gcc/arm-none-eabi/13.3.1/../../../../arm-none-eabi/lib/thumb/v7e-m+fp/hard/libstdc++_nano.a(del_op.o)
 .ARM.attributes
                0x00000523       0x34 /Applications/STM32CubeIDE.app/Contents/Eclipse/plugins/com.st.stm32cube.ide.mcu.externaltools.gnu-tools-for-stm32.13.3.rel1.macos64_1.0.0.202411102158/tools/bin/../lib/gcc/arm-none-eabi/13.3.1/../../../../arm-none-eabi/lib/thumb/v7e-m+fp/hard/libstdc++_nano.a(new_handler.o)
 .ARM.attributes
                0x00000557       0x34 /Applications/STM32CubeIDE.app/Contents/Eclipse/plugins/com.st.stm32cube.ide.mcu.externaltools.gnu-tools-for-stm32.13.3.rel1.macos64_1.0.0.202411102158/tools/bin/../lib/gcc/arm-none-eabi/13.3.1/../../../../arm-none-eabi/lib/thumb/v7e-m+fp/hard/libc_nano.a(libc_a-abort.o)
 .ARM.attributes
                0x0000058b       0x34 /Applications/STM32CubeIDE.app/Contents/Eclipse/plugins/com.st.stm32cube.ide.mcu.externaltools.gnu-tools-for-stm32.13.3.rel1.macos64_1.0.0.202411102158/tools/bin/../lib/gcc/arm-none-eabi/13.3.1/../../../../arm-none-eabi/lib/thumb/v7e-m+fp/hard/libc_nano.a(libc_a-malloc.o)
 .ARM.attributes
                0x000005bf       0x34 /Applications/STM32CubeIDE.app/Contents/Eclipse/plugins/com.st.stm32cube.ide.mcu.externaltools.gnu-tools-for-stm32.13.3.rel1.macos64_1.0.0.202411102158/tools/bin/../lib/gcc/arm-none-eabi/13.3.1/../../../../arm-none-eabi/lib/thumb/v7e-m+fp/hard/libc_nano.a(libc_a-mallocr.o)
 .ARM.attributes
                0x000005f3       0x34 /Applications/STM32CubeIDE.app/Contents/Eclipse/plugins/com.st.stm32cube.ide.mcu.externaltools.gnu-tools-for-stm32.13.3.rel1.macos64_1.0.0.202411102158/tools/bin/../lib/gcc/arm-none-eabi/13.3.1/../../../../arm-none-eabi/lib/thumb/v7e-m+fp/hard/libc_nano.a(libc_a-snprintf.o)
 .ARM.attributes
                0x00000627       0x34 /Applications/STM32CubeIDE.app/Contents/Eclipse/plugins/com.st.stm32cube.ide.mcu.externaltools.gnu-tools-for-stm32.13.3.rel1.macos64_1.0.0.202411102158/tools/bin/../lib/gcc/arm-none-eabi/13.3.1/../../../../arm-none-eabi/lib/thumb/v7e-m+fp/hard/libc_nano.a(libc_a-mlock.o)
 .ARM.attributes
                0x0000065b       0x34 /Applications/STM32CubeIDE.app/Contents/Eclipse/plugins/com.st.stm32cube.ide.mcu.externaltools.gnu-tools-for-stm32.13.3.rel1.macos64_1.0.0.202411102158/tools/bin/../lib/gcc/arm-none-eabi/13.3.1/../../../../arm-none-eabi/lib/thumb/v7e-m+fp/hard/libc_nano.a(libc_a-findfp.o)
 .ARM.attributes
                0x0000068f       0x34 /Applications/STM32CubeIDE.app/Contents/Eclipse/plugins/com.st.stm32cube.ide.mcu.externaltools.gnu-tools-for-stm32.13.3.rel1.macos64_1.0.0.202411102158/tools/bin/../lib/gcc/arm-none-eabi/13.3.1/../../../../arm-none-eabi/lib/thumb/v7e-m+fp/hard/libc_nano.a(libc_a-memmove.o)
 .ARM.attributes
                0x000006c3       0x34 /Applications/STM32CubeIDE.app/Contents/Eclipse/plugins/com.st.stm32cube.ide.mcu.externaltools.gnu-tools-for-stm32.13.3.rel1.macos64_1.0.0.202411102158/tools/bin/../lib/gcc/arm-none-eabi/13.3.1/../../../../arm-none-eabi/lib/thumb/v7e-m+fp/hard/libc_nano.a(libc_a-memset.o)
 .ARM.attributes
                0x000006f7       0x34 /Applications/STM32CubeIDE.app/Contents/Eclipse/plugins/com.st.stm32cube.ide.mcu.externaltools.gnu-tools-for-stm32.13.3.rel1.macos64_1.0.0.202411102158/tools/bin/../lib/gcc/arm-none-eabi/13.3.1/../../../../arm-none-eabi/lib/thumb/v7e-m+fp/hard/libc_nano.a(libc_a-signal.o)
 .ARM.attributes
                0x0000072b       0x34 /Applications/STM32CubeIDE.app/Contents/Eclipse/plugins/com.st.stm32cube.ide.mcu.externaltools.gnu-tools-for-stm32.13.3.rel1.macos64_1.0.0.202411102158/tools/bin/../lib/gcc/arm-none-eabi/13.3.1/../../../../arm-none-eabi/lib/thumb/v7e-m+fp/hard/libc_nano.a(libc_a-signalr.o)
 .ARM.attributes
                0x0000075f       0x34 /Applications/STM32CubeIDE.app/Contents/Eclipse/plugins/com.st.stm32cube.ide.mcu.externaltools.gnu-tools-for-stm32.13.3.rel1.macos64_1.0.0.202411102158/tools/bin/../lib/gcc/arm-none-eabi/13.3.1/../../../../arm-none-eabi/lib/thumb/v7e-m+fp/hard/libc_nano.a(libc_a-sbrkr.o)
 .ARM.attributes
                0x00000793       0x34 /Applications/STM32CubeIDE.app/Contents/Eclipse/plugins/com.st.stm32cube.ide.mcu.externaltools.gnu-tools-for-stm32.13.3.rel1.macos64_1.0.0.202411102158/tools/bin/../lib/gcc/arm-none-eabi/13.3.1/../../../../arm-none-eabi/lib/thumb/v7e-m+fp/hard/libc_nano.a(libc_a-errno.o)
 .ARM.attributes
                0x000007c7       0x34 /Applications/STM32CubeIDE.app/Contents/Eclipse/plugins/com.st.stm32cube.ide.mcu.externaltools.gnu-tools-for-stm32.13.3.rel1.macos64_1.0.0.202411102158/tools/bin/../lib/gcc/arm-none-eabi/13.3.1/../../../../arm-none-eabi/lib/thumb/v7e-m+fp/hard/libc_nano.a(libc_a-init.o)
 .ARM.attributes
                0x000007fb       0x34 /Applications/STM32CubeIDE.app/Contents/Eclipse/plugins/com.st.stm32cube.ide.mcu.externaltools.gnu-tools-for-stm32.13.3.rel1.macos64_1.0.0.202411102158/tools/bin/../lib/gcc/arm-none-eabi/13.3.1/../../../../arm-none-eabi/lib/thumb/v7e-m+fp/hard/libc_nano.a(libc_a-lock.o)
 .ARM.attributes
                0x0000082f       0x34 /Applications/STM32CubeIDE.app/Contents/Eclipse/plugins/com.st.stm32cube.ide.mcu.externaltools.gnu-tools-for-stm32.13.3.rel1.macos64_1.0.0.202411102158/tools/bin/../lib/gcc/arm-none-eabi/13.3.1/../../../../arm-none-eabi/lib/thumb/v7e-m+fp/hard/libc_nano.a(libc_a-reent.o)
 .ARM.attributes
                0x00000863       0x34 /Applications/STM32CubeIDE.app/Contents/Eclipse/plugins/com.st.stm32cube.ide.mcu.externaltools.gnu-tools-for-stm32.13.3.rel1.macos64_1.0.0.202411102158/tools/bin/../lib/gcc/arm-none-eabi/13.3.1/../../../../arm-none-eabi/lib/thumb/v7e-m+fp/hard/libc_nano.a(libc_a-impure.o)
 .ARM.attributes
                0x00000897       0x34 /Applications/STM32CubeIDE.app/Contents/Eclipse/plugins/com.st.stm32cube.ide.mcu.externaltools.gnu-tools-for-stm32.13.3.rel1.macos64_1.0.0.202411102158/tools/bin/../lib/gcc/arm-none-eabi/13.3.1/../../../../arm-none-eabi/lib/thumb/v7e-m+fp/hard/libc_nano.a(libc_a-freer.o)
 .ARM.attributes
                0x000008cb       0x34 /Applications/STM32CubeIDE.app/Contents/Eclipse/plugins/com.st.stm32cube.ide.mcu.externaltools.gnu-tools-for-stm32.13.3.rel1.macos64_1.0.0.202411102158/tools/bin/../lib/gcc/arm-none-eabi/13.3.1/../../../../arm-none-eabi/lib/thumb/v7e-m+fp/hard/libc_nano.a(libc_a-nano-svfprintf.o)
 .ARM.attributes