Archive member included to satisfy reference by file (symbol)

/Applications/STM32CubeIDE.app/Contents/Eclipse/plugins/com.st.stm32cube.ide.mcu.externaltools.gnu-tools-for-stm32.13.3.rel1.macos64_1.0.0.202411102158/tools/bin/../lib/gcc/arm-none-eabi/13.3.1/../../../../arm-none-eabi/lib/thumb/v7e-m+fp/hard/libstdc++_nano.a(del_ops.o)
                              ./Core/Src/main.o (operator delete(void*, unsigned int))
/Applications/STM32CubeIDE.app/Contents/Eclipse/plugins/com.st.stm32cube.ide.mcu.externaltools.gnu-tools-for-stm32.13.3.rel1.macos64_1.0.0.202411102158/tools/bin/../lib/gcc/arm-none-eabi/13.3.1/../../../../arm-none-eabi/lib/thumb/v7e-m+fp/hard/libstdc++_nano.a(new_op.o)
                              ./Core/Src/main.o (operator new(unsigned int))
/Applications/STM32CubeIDE.app/Contents/Eclipse/plugins/com.st.stm32cube.ide.mcu.externaltools.gnu-tools-for-stm32.13.3.rel1.macos64_1.0.0.202411102158/tools/bin/../lib/gcc/arm-none-eabi/13.3.1/../../../../arm-none-eabi/lib/thumb/v7e-m+fp/hard/libstdc++_nano.a(functexcept.o)
                              ./Core/Src/main.o (std::__throw_bad_alloc())
/Applications/STM32CubeIDE.app/Contents/Eclipse/plugins/com.st.stm32cube.ide.mcu.externaltools.gnu-tools-for-stm32.13.3.rel1.macos64_1.0.0.202411102158/tools/bin/../lib/gcc/arm-none-eabi/13.3.1/../../../../arm-none-eabi/lib/thumb/v7e-m+fp/hard/libstdc++_nano.a(del_op.o)
                              /Applications/STM32CubeIDE.app/Contents/Eclipse/plugins/com.st.stm32cube.ide.mcu.externaltools.gnu-tools-for-stm32.13.3.rel1.macos64_1.0.0.202411102158/tools/bin/../lib/gcc/arm-none-eabi/13.3.1/../../../../arm-none-eabi/lib/thumb/v7e-m+fp/hard/libstdc++_nano.a(del_ops.o) (operator delete(void*))
/Applications/STM32CubeIDE.app/Contents/Eclipse/plugins/com.st.stm32cube.ide.mcu.externaltools.gnu-tools-for-stm32.13.3.rel1.macos64_1.0.0.202411102158/tools/bin/../lib/gcc/arm-none-eabi/13.3.1/../../../../arm-none-eabi/lib/thumb/v7e-m+fp/hard/libstdc++_nano.a(new_handler.o)
                              /Applications/STM32CubeIDE.app/Contents/Eclipse/plugins/com.st.stm32cube.ide.mcu.externaltools.gnu-tools-for-stm32.13.3.rel1.macos64_1.0.0.202411102158/tools/bin/../lib/gcc/arm-none-eabi/13.3.1/../../../../arm-none-eabi/lib/thumb/v7e-m+fp/hard/libstdc++_nano.a(new_op.o) (std::get_new_handler())
/Applications/STM32CubeIDE.app/Contents/Eclipse/plugins/com.st.stm32cube.ide.mcu.externaltools.gnu-tools-for-stm32.13.3.rel1.macos64_1.0.0.202411102158/tools/bin/../lib/gcc/arm-none-eabi/13.3.1/../../../../arm-none-eabi/lib/thumb/v7e-m+fp/hard/libc_nano.a(libc_a-abort.o)
                              /Applications/STM32CubeIDE.app/Contents/Eclipse/plugins/com.st.stm32cube.ide.mcu.externaltools.gnu-tools-for-stm32.13.3.rel1.macos64_1.0.0.202411102158/tools/bin/../lib/gcc/arm-none-eabi/13.3.1/../../../../arm-none-eabi/lib/thumb/v7e-m+fp/hard/libstdc++_nano.a(new_op.o) (abort)
/Applications/STM32CubeIDE.app/Contents/Eclipse/plugins/com.st.stm32cube.ide.mcu.externaltools.gnu-tools-for-stm32.13.3.rel1.macos64_1.0.0.202411102158/tools/bin/../lib/gcc/arm-none-eabi/13.3.1/../../../../arm-none-eabi/lib/thumb/v7e-m+fp/hard/libc_nano.a(libc_a-exit.o)
                              /Applications/STM32CubeIDE.app/Contents/Eclipse/plugins/com.st.stm32cube.ide.mcu.externaltools.gnu-tools-for-stm32.13.3.rel1.macos64_1.0.0.202411102158/tools/bin/../lib/gcc/arm-none-eabi/13.3.1/../../../../arm-none-eabi/lib/thumb/v7e-m+fp/hard/crt0.o (exit)
/Applications/STM32CubeIDE.app/Contents/Eclipse/plugins/com.st.stm32cube.ide.mcu.externaltools.gnu-tools-for-stm32.13.3.rel1.macos64_1.0.0.202411102158/tools/bin/../lib/gcc/arm-none-eabi/13.3.1/../../../../arm-none-eabi/lib/thumb/v7e-m+fp/hard/libc_nano.a(libc_a-malloc.o)
                              /Applications/STM32CubeIDE.app/Contents/Eclipse/plugins/com.st.stm32cube.ide.mcu.externaltools.gnu-tools-for-stm32.13.3.rel1.macos64_1.0.0.202411102158/tools/bin/../lib/gcc/arm-none-eabi/13.3.1/../../../../arm-none-eabi/lib/thumb/v7e-m+fp/hard/libstdc++_nano.a(new_op.o) (malloc)
/Applications/STM32CubeIDE.app/Contents/Eclipse/plugins/com.st.stm32cube.ide.mcu.externaltools.gnu-tools-for-stm32.13.3.rel1.macos64_1.0.0.202411102158/tools/bin/../lib/gcc/arm-none-eabi/13.3.1/../../../../arm-none-eabi/lib/thumb/v7e-m+fp/hard/libc_nano.a(libc_a-mallocr.o)
                              /Applications/STM32CubeIDE.app/Contents/Eclipse/plugins/com.st.stm32cube.ide.mcu.externaltools.gnu-tools-for-stm32.13.3.rel1.macos64_1.0.0.202411102158/tools/bin/../lib/gcc/arm-none-eabi/13.3.1/../../../../arm-none-eabi/lib/thumb/v7e-m+fp/hard/libc_nano.a(libc_a-malloc.o) (_malloc_r)
/Applications/STM32CubeIDE.app/Contents/Eclipse/plugins/com.st.stm32cube.ide.mcu.externaltools.gnu-tools-for-stm32.13.3.rel1.macos64_1.0.0.202411102158/tools/bin/../lib/gcc/arm-none-eabi/13.3.1/../../../../arm-none-eabi/lib/thumb/v7e-m+fp/hard/libc_nano.a(libc_a-snprintf.o)
                              ./Core/Src/main.o (snprintf)
[...]
Memory Configuration

Name             Origin             Length             Attributes
RAM              0x20000000         0x00008000         xrw
RAM2             0x10000000         0x00002000         xrw
FLASH            0x08000000         0x00020000         xr
*default*        0x00000000         0xffffffff

Linker script and memory map

LOAD /Applications/STM32CubeIDE.app/Contents/Eclipse/plugins/com.st.stm32cube.ide.mcu.externaltools.gnu-tools-for-stm32.13.3.rel1.macos64_1.0.0.202411102158/tools/bin/../lib/gcc/arm-none-eabi/13.3.1/thumb/v7e-m+fp/hard/crti.o
LOAD /Applications/STM32CubeIDE.app/Contents/Eclipse/plugins/com.st.stm32cube.ide.mcu.externaltools.gnu-tools-for-stm32.13.3.rel1.macos64_1.0.0.202411102158/tools/bin/../lib/gcc/arm-none-eabi/13.3.1/thumb/v7e-m+fp/hard/crtbegin.o
LOAD /Applications/STM32CubeIDE.app/Contents/Eclipse/plugins/com.st.stm32cube.ide.mcu.externaltools.gnu-tools-for-stm32.13.3.rel1.macos64_1.0.0.202411102158/tools/bin/../lib/gcc/arm-none-eabi/13.3.1/../../../../arm-none-eabi/lib/thumb/v7e-m+fp/hard/crt0.o
LOAD ./Core/Src/main.o
LOAD ./Core/Src/stm32l4xx_hal_msp.o
LOAD ./Core/Src/stm32l4xx_it.o
LOAD ./Core/Src/syscalls.o
LOAD ./Core/Src/sysmem.o
LOAD ./Core/Src/system_stm32l4xx.o
LOAD ./Core/Startup/startup_stm32l412kbtx.o
LOAD ./Drivers/STM32L4xx_HAL_Driver/Src/stm32l4xx_hal.o
LOAD ./Drivers/STM32L4xx_HAL_Driver/Src/stm32l4xx_hal_adc.o
LOAD ./Drivers/STM32L4xx_HAL_Driver/Src/stm32l4xx_hal_adc_ex.o
LOAD ./Drivers/STM32L4xx_HAL_Driver/Src/stm32l4xx_hal_cortex.o
LOAD ./Drivers/STM32L4xx_HAL_Driver/Src/stm32l4xx_hal_dma.o
LOAD ./Drivers/STM32L4xx_HAL_Driver/Src/stm32l4xx_hal_dma_ex.o
LOAD ./Drivers/STM32L4xx_HAL_Driver/Src/stm32l4xx_hal_exti.o
LOAD ./Drivers/STM32L4xx_HAL_Driver/Src/stm32l4xx_hal_flash.o
LOAD ./Drivers/STM32L4xx_HAL_Driver/Src/stm32l4xx_hal_flash_ex.o
LOAD ./Drivers/STM32L4xx_HAL_Driver/Src/stm32l4xx_hal_flash_ramfunc.o
LOAD ./Drivers/STM32L4xx_HAL_Driver/Src/stm32l4xx_hal_gpio.o
LOAD ./Drivers/STM32L4xx_HAL_Driver/Src/stm32l4xx_hal_i2c.o
LOAD ./Drivers/STM32L4xx_HAL_Driver/Src/stm32l4xx_hal_i2c_ex.o
LOAD ./Drivers/STM32L4xx_HAL_Driver/Src/stm32l4xx_hal_pwr.o
LOAD ./Drivers/STM32L4xx_HAL_Driver/Src/stm32l4xx_hal_pwr_ex.o
LOAD ./Drivers/STM32L4xx_HAL_Driver/Src/stm32l4xx_hal_rcc.o
LOAD ./Drivers/STM32L4xx_HAL_Driver/Src/stm32l4xx_hal_rcc_ex.o
LOAD ./Drivers/STM32L4xx_HAL_Driver/Src/stm32l4xx_hal_tim.o
LOAD ./Drivers/STM32L4xx_HAL_Driver/Src/stm32l4xx_hal_tim_ex.o
LOAD ./Drivers/STM32L4xx_HAL_Driver/Src/stm32l4xx_hal_uart.o
LOAD ./Drivers/STM32L4xx_HAL_Driver/Src/stm32l4xx_hal_uart_ex.o
START GROUP
LOAD /Applications/STM32CubeIDE.app/Contents/Eclipse/plugins/com.st.stm32cube.ide.mcu.externaltools.gnu-tools-for-stm32.13.3.rel1.macos64_1.0.0.202411102158/tools/bin/../lib/gcc/arm-none-eabi/13.3.1/../../../../arm-none-eabi/lib/thumb/v7e-m+fp/hard/libstdc++_nano.a
LOAD /Applications/STM32CubeIDE.app/Contents/Eclipse/plugins/com.st.stm32cube.ide.mcu.externaltools.gnu-tools-for-stm32.13.3.rel1.macos64_1.0.0.202411102158/tools/bin/../lib/gcc/arm-none-eabi/13.3.1/../../../../arm-none-eabi/lib/thumb/v7e-m+fp/hard/libsupc++_nano.a
END GROUP
LOAD /Applications/STM32CubeIDE.app/Contents/Eclipse/plugins/com.st.stm32cube.ide.mcu.externaltools.gnu-tools-for-stm32.13.3.rel1.macos64_1.0.0.202411102158/tools/bin/../lib/gcc/arm-none-eabi/13.3.1/../../../../arm-none-eabi/lib/thumb/v7e-m+fp/hard/libstdc++_nano.a
LOAD /Applications/STM32CubeIDE.app/Contents/Eclipse/plugins/com.st.stm32cube.ide.mcu.externaltools.gnu-tools-for-stm32.13.3.rel1.macos64_1.0.0.202411102158/tools/bin/../lib/gcc/arm-none-eabi/13.3.1/../../../../arm-none-eabi/lib/thumb/v7e-m+fp/hard/libm.a
LOAD /Applications/STM32CubeIDE.app/Contents/Eclipse/plugins/com.st.stm32cube.ide.mcu.externaltools.gnu-tools-for-stm32.13.3.rel1.macos64_1.0.0.202411102158/tools/bin/../lib/gcc/arm-none-eabi/13.3.1/../../../../arm-none-eabi/lib/thumb/v7e-m+fp/hard/libc_nano.a
START GROUP
LOAD /Applications/STM32CubeIDE.app/Contents/Eclipse/plugins/com.st.stm32cube.ide.mcu.externaltools.gnu-tools-for-stm32.13.3.rel1.macos64_1.0.0.202411102158/tools/bin/../lib/gcc/arm-none-eabi/13.3.1/thumb/v7e-m+fp/hard/libgcc.a
LOAD /Applications/STM32CubeIDE.app/Contents/Eclipse/plugins/com.st.stm32cube.ide.mcu.externaltools.gnu-tools-for-stm32.13.3.rel1.macos64_1.0.0.202411102158/tools/bin/../lib/gcc/arm-none-eabi/13.3.1/../../../../arm-none-eabi/lib/thumb/v7e-m+fp/hard/libc_nano.a
END GROUP
START GROUP
LOAD /Applications/STM32CubeIDE.app/Contents/Eclipse/plugins/com.st.stm32cube.ide.mcu.externaltools.gnu-tools-for-stm32.13.3.rel1.macos64_1.0.0.202411102158/tools/bin/../lib/gcc/arm-none-eabi/13.3.1/thumb/v7e-m+fp/hard/libgcc.a
LOAD /Applications/STM32CubeIDE.app/Contents/Eclipse/plugins/com.st.stm32cube.ide.mcu.externaltools.gnu-tools-for-stm32.13.3.rel1.macos64_1.0.0.202411102158/tools/bin/../lib/gcc/arm-none-eabi/13.3.1/../../../../arm-none-eabi/lib/thumb/v7e-m+fp/hard/libc_nano.a
END GROUP
LOAD /Applications/STM32CubeIDE.app/Contents/Eclipse/plugins/com.st.stm32cube.ide.mcu.externaltools.gnu-tools-for-stm32.13.3.rel1.macos64_1.0.0.202411102158/tools/bin/../lib/gcc/arm-none-eabi/13.3.1/thumb/v7e-m+fp/hard/crtend.o
LOAD /Applications/STM32CubeIDE.app/Contents/Eclipse/plugins/com.st.stm32cube.ide.mcu.externaltools.gnu-tools-for-stm32.13.3.rel1.macos64_1.0.0.202411102158/tools/bin/../lib/gcc/arm-none-eabi/13.3.1/thumb/v7e-m+fp/hard/crtn.o
                0x20008000                        _estack = (ORIGIN (RAM) + LENGTH (RAM))
                0x00000200                        _Min_Heap_Size = 0x200
                0x00000400                        _Min_Stack_Size = 0x400

.isr_vector     0x08000000      0x18c
                0x08000000                        . = ALIGN (0x4)
 *(.isr_vector)
 .isr_vector    0x08000000      0x18c ./Core/Startup/startup_stm32l412kbtx.o
                0x08000000                g_pfnVectors
                0x0800018c                        . = ALIGN (0x4)

.text           0x08000190     0x9174
                0x08000190                        . = ALIGN (0x4)
 *(.text)
 .text          0x08000190       0x40 /Applications/STM32CubeIDE.app/Contents/Eclipse/plugins/com.st.stm32cube.ide.mcu.externaltools.gnu-tools-for-stm32.13.3.rel1.macos64_1.0.0.202411102158/tools/bin/../lib/gcc/arm-none-eabi/13.3.1/thumb/v7e-m+fp/hard/crtbegin.o
 .text          0x080001d0       0xa0 /Applications/STM32CubeIDE.app/Contents/Eclipse/plugins/com.st.stm32cube.ide.mcu.externaltools.gnu-tools-for-stm32.13.3.rel1.macos64_1.0.0.202411102158/tools/bin/../lib/gcc/arm-none-eabi/13.3.1/../../../../arm-none-eabi/lib/thumb/v7e-m+fp/hard/libc_nano.a(libc_a-memchr.o)
                0x080001d0                memchr
 .text          0x08000270      0x254 /Applications/STM32CubeIDE.app/Contents/Eclipse/plugins/com.st.stm32cube.ide.mcu.externaltools.gnu-tools-for-stm32.13.3.rel1.macos64_1.0.0.202411102158/tools/bin/../lib/gcc/arm-none-eabi/13.3.1/thumb/v7e-m+fp/hard/libgcc.a(_arm_muldf3.o)
                0x08000270                __aeabi_dmul
                0x08000270                __muldf3
 .text          0x080004c4      0x378 /Applications/STM32CubeIDE.app/Contents/Eclipse/plugins/com.st.stm32cube.ide.mcu.externaltools.gnu-tools-for-stm32.13.3.rel1.macos64_1.0.0.202411102158/tools/bin/../lib/gcc/arm-none-eabi/13.3.1/thumb/v7e-m+fp/hard/libgcc.a(_arm_addsubdf3.o)
                0x080004c4                __aeabi_drsub
                0x080004cc                __subdf3
                0x080004cc                __aeabi_dsub
                0x080004d0                __aeabi_dadd
                0x080004d0                __adddf3
                0x08000748                __aeabi_ui2d
                0x08000748                __floatunsidf
                0x08000768                __floatsidf
                0x08000768                __aeabi_i2d
                0x0800078c                __extendsfdf2
                0x0800078c                __aeabi_f2d
                0x080007d0                __aeabi_ul2d
                0x080007d0                __floatundidf
                0x080007e0                __aeabi_l2d
                0x080007e0                __floatdidf
 .text          0x0800083c      0x110 /Applications/STM32CubeIDE.app/Contents/Eclipse/plugins/com.st.stm32cube.ide.mcu.externaltools.gnu-tools-for-stm32.13.3.rel1.macos64_1.0.0.202411102158/tools/bin/../lib/gcc/arm-none-eabi/13.3.1/thumb/v7e-m+fp/hard/libgcc.a(_arm_cmpdf2.o)
                0x0800083c                __gedf2
                0x0800083c                __gtdf2
                0x08000844                __ledf2
                0x08000844                __ltdf2
                0x0800084c                __cmpdf2
                0x0800084c                __eqdf2
                0x0800084c                __nedf2
                0x080008c8                __aeabi_cdrcmple
                0x080008d8                __aeabi_cdcmple
                0x080008d8                __aeabi_cdcmpeq
                0x080008e8                __aeabi_dcmpeq
                0x080008fc                __aeabi_dcmplt
                0x08000910                __aeabi_dcmple
                0x08000924                __aeabi_dcmpge
                0x08000938                __aeabi_dcmpgt
 .text          0x0800094c       0x50 /Applications/STM32CubeIDE.app/Contents/Eclipse/plugins/com.st.stm32cube.ide.mcu.externaltools.gnu-tools-for-stm32.13.3.rel1.macos64_1.0.0.202411102158/tools/bin/../lib/gcc/arm-none-eabi/13.3.1/thumb/v7e-m+fp/hard/libgcc.a(_arm_fixdfsi.o)
                0x0800094c                __fixdfsi
                0x0800094c                __aeabi_d2iz
 .text          0x0800099c       0x30 /Applications/STM32CubeIDE.app/Contents/Eclipse/plugins/com.st.stm32cube.ide.mcu.externaltools.gnu-tools-for-stm32.13.3.rel1.macos64_1.0.0.202411102158/tools/bin/../lib/gcc/arm-none-eabi/13.3.1/thumb/v7e-m+fp/hard/libgcc.a(_aeabi_uldivmod.o)
                0x0800099c                __aeabi_uldivmod
 .text          0x080009cc      0x2f8 /Applications/STM32CubeIDE.app/Contents/Eclipse/plugins/com.st.stm32cube.ide.mcu.externaltools.gnu-tools-for-stm32.13.3.rel1.macos64_1.0.0.202411102158/tools/bin/../lib/gcc/arm-none-eabi/13.3.1/thumb/v7e-m+fp/hard/libgcc.a(_udivmoddi4.o)
                0x080009cc                __udivmoddi4
 .text          0x08000cc4        0x4 /Applications/STM32CubeIDE.app/Contents/Eclipse/plugins/com.st.stm32cube.ide.mcu.externaltools.gnu-tools-for-stm32.13.3.rel1.macos64_1.0.0.202411102158/tools/bin/../lib/gcc/arm-none-eabi/13.3.1/thumb/v7e-m+fp/hard/libgcc.a(_dvmd_tls.o)
                0x08000cc4                __aeabi_ldiv0
                0x08000cc4                __aeabi_idiv0
 *(.text*)
 .text._ZnwjPv  0x08000cc8       0x18 ./Core/Src/main.o
                0x08000cc8                operator new(unsigned int, void*)
 .text._ZNSt12_Vector_baseIjSaIjEE12_Vector_implD2Ev
                0x08000ce0       0x1c ./Core/Src/main.o
                0x08000ce0                std::_Vector_base<unsigned int, std::allocator<unsigned int> >::_Vector_impl::~_Vector_impl()
                0x08000ce0                std::_Vector_base<unsigned int, std::allocator<unsigned int> >::_Vector_impl::~_Vector_impl()
 .text._ZNSt12_Vector_baseIjSaIjEEC2Ev
                0x08000cfc       0x1a ./Core/Src/main.o
                0x08000cfc                std::_Vector_base<unsigned int, std::allocator<unsigned int> >::_Vector_base()
                0x08000cfc                std::_Vector_base<unsigned int, std::allocator<unsigned int> >::_Vector_base()
 .text._ZNSt6vectorIjSaIjEEC2Ev
                0x08000d16       0x1a ./Core/Src/main.o
                0x08000d16                std::vector<unsigned int, std::allocator<unsigned int> >::vector()
                0x08000d16                std::vector<unsigned int, std::allocator<unsigned int> >::vector()
 .text.main     0x08000d30      0x528 ./Core/Src/main.o
                0x08000d30                main
 .text._Z18SystemClock_Configv
                0x08001258       0xaa ./Core/Src/main.o
                0x08001258                SystemClock_Config()
 *fill*         0x08001302        0x2 
 .text._ZL12MX_ADC1_Initv
                0x08001304      0x10c ./Core/Src/main.o
 .text._ZL12MX_I2C1_Initv
                0x08001410       0x9c ./Core/Src/main.o
 .text._ZL12MX_TIM1_Initv
                0x080014ac       0xd0 ./Core/Src/main.o
 .text._ZL12MX_TIM2_Initv
                0x0800157c       0xc0 ./Core/Src/main.o
 .text._ZL19MX_USART1_UART_Initv
                0x0800163c       0x68 ./Core/Src/main.o
 .text._ZL12MX_GPIO_Initv
                0x080016a4       0xf8 ./Core/Src/main.o
 .text._Z6microsv
                0x0800179c       0x18 ./Core/Src/main.o
                0x0800179c                micros()
 .text._Z10lcd_enablev
                0x080017b4       0x2c ./Core/Src/main.o
                0x080017b4                lcd_enable()
 .text._Z8lcd_sendh
                0x080017e0       0xd0 ./Core/Src/main.o
                0x080017e0                lcd_send(unsigned char)
 .text.lcd_send_command
                0x080018b0       0x2c ./Core/Src/main.o
                0x080018b0                lcd_send_command
 .text.lcd_send_data
                0x080018dc       0x2c ./Core/Src/main.o
                0x080018dc                lcd_send_data
 .text.lcd_init
                0x08001908       0x5c ./Core/Src/main.o
                0x08001908                lcd_init
 .text.lcd_clear
                0x08001964       0x14 ./Core/Src/main.o
                0x08001964                lcd_clear
 .text.lcd_set_cursor
                0x08001978       0x3c ./Core/Src/main.o
                0x08001978                lcd_set_cursor
 .text.lcd_print
                0x080019b4       0x2a ./Core/Src/main.o
                0x080019b4                lcd_print
 *fill*         0x080019de        0x2 
 .text.HAL_GPIO_EXTI_Callback
                0x080019e0       0xbc ./Core/Src/main.o
                0x080019e0                HAL_GPIO_EXTI_Callback
 .text.handleSelectButton
                0x08001a9c       0x94 ./Core/Src/main.o
                0x08001a9c                handleSelectButton
 .text.handleIncreaseButton
                0x08001b30      0x198 ./Core/Src/main.o
                0x08001b30                handleIncreaseButton
 .text.handleDecreaseButton
                0x08001cc8      0x1c4 ./Core/Src/main.o
                0x08001cc8                handleDecreaseButton
 .text.handleModeButton
                0x08001e8c       0xac ./Core/Src/main.o
                0x08001e8c                handleModeButton
 .text.lcd_print_double
                0x08001f38       0x9c ./Core/Src/main.o
                0x08001f38                lcd_print_double
 .text.sendI2CData
                0x08001fd4       0x4c ./Core/Src/main.o
                0x08001fd4                sendI2CData
 .text._Z18updateSweepDisplayv
                0x08002020       0xd4 ./Core/Src/main.o
                0x08002020                updateSweepDisplay()
 .text._Z17updateLockDisplayv
                0x080020f4      0x10c ./Core/Src/main.o
                0x080020f4                updateLockDisplay()
 .text._Z17delayMicrosecondsm
                0x08002200       0x90 ./Core/Src/main.o
                0x08002200                delayMicroseconds(unsigned long)
 .text.Error_Handler
                0x08002290        0xc ./Core/Src/main.o
                0x08002290                Error_Handler
 .text._ZNSt12_Vector_baseIjSaIjEE12_Vector_implC2Ev
                0x0800229c       0x22 ./Core/Src/main.o
                0x0800229c                std::_Vector_base<unsigned int, std::allocator<unsigned int> >::_Vector_impl::_Vector_impl()
                0x0800229c                std::_Vector_base<unsigned int, std::allocator<unsigned int> >::_Vector_impl::_Vector_impl()
 .text._ZNSt12_Vector_baseIjSaIjEED2Ev
                0x080022be       0x32 ./Core/Src/main.o
                0x080022be                std::_Vector_base<unsigned int, std::allocator<unsigned int> >::~_Vector_base()
                0x080022be                std::_Vector_base<unsigned int, std::allocator<unsigned int> >::~_Vector_base()
 .text._ZNSt6vectorIjSaIjEE8pop_backEv
                0x080022f0       0x34 ./Core/Src/main.o
                0x080022f0                std::vector<unsigned int, std::allocator<unsigned int> >::pop_back()
 .text._ZNSt6vectorIjSaIjEE9push_backEOj
                0x08002324       0x22 ./Core/Src/main.o
                0x08002324                std::vector<unsigned int, std::allocator<unsigned int> >::push_back(unsigned int&&)
 .text._ZNKSt6vectorIjSaIjEE5emptyEv
                0x08002346       0x36 ./Core/Src/main.o
                0x08002346                std::vector<unsigned int, std::allocator<unsigned int> >::empty() const
 .text._ZNKSt6vectorIjSaIjEE4sizeEv
                0x0800237c       0x20 ./Core/Src/main.o
                0x0800237c                std::vector<unsigned int, std::allocator<unsigned int> >::size() const
 .text._ZNSt6vectorIjSaIjEEixEj
                0x0800239c       0x20 ./Core/Src/main.o
                0x0800239c                std::vector<unsigned int, std::allocator<unsigned int> >::operator[](unsigned int)
 .text._ZNSt12_Vector_baseIjSaIjEE17_Vector_impl_dataC2Ev
                0x080023bc       0x28 ./Core/Src/main.o
                0x080023bc                std::_Vector_base<unsigned int, std::allocator<unsigned int> >::_Vector_impl_data::_Vector_impl_data()
                0x080023bc                std::_Vector_base<unsigned int, std::allocator<unsigned int> >::_Vector_impl_data::_Vector_impl_data()
 .text._ZNSt15__new_allocatorIjED2Ev
                0x080023e4       0x16 ./Core/Src/main.o
                0x080023e4                std::__new_allocator<unsigned int>::~__new_allocator()
                0x080023e4                std::__new_allocator<unsigned int>::~__new_allocator()
 .text._ZNSt12_Vector_baseIjSaIjEE13_M_deallocateEPjj
                0x080023fa       0x32 ./Core/Src/main.o
                0x080023fa                std::_Vector_base<unsigned int, std::allocator<unsigned int> >::_M_deallocate(unsigned int*, unsigned int)
 .text._ZSt4moveIRjEONSt16remove_referenceIT_E4typeEOS2_
                0x0800242c       0x16 ./Core/Src/main.o
                0x0800242c                std::remove_reference<unsigned int&>::type&& std::move<unsigned int&>(unsigned int&)
 .text._ZNSt6vectorIjSaIjEE12emplace_backIJjEEEvDpOT_
                0x08002442       0x86 ./Core/Src/main.o
                0x08002442                void std::vector<unsigned int, std::allocator<unsigned int> >::emplace_back<unsigned int>(unsigned int&&)
 .text._ZNKSt6vectorIjSaIjEE5beginEv
                0x080024c8       0x20 ./Core/Src/main.o
                0x080024c8                std::vector<unsigned int, std::allocator<unsigned int> >::begin() const
 .text._ZNKSt6vectorIjSaIjEE3endEv
                0x080024e8       0x22 ./Core/Src/main.o
                0x080024e8                std::vector<unsigned int, std::allocator<unsigned int> >::end() const
 .text._ZN9__gnu_cxxeqIPKjSt6vectorIjSaIjEEEEbRKNS_17__normal_iteratorIT_T0_EESB_
                0x0800250a       0x30 ./Core/Src/main.o
                0x0800250a                bool __gnu_cxx::operator==<unsigned int const*, std::vector<unsigned int, std::allocator<unsigned int> > >(__gnu_cxx::__normal_iterator<unsigned int const*, std::vector<unsigned int, std::allocator<unsigned int> > > const&, __gnu_cxx::__normal_iterator<unsigned int const*, std::vector<unsigned int, std::allocator<unsigned int> > > const&)
 .text._ZSt7forwardIjEOT_RNSt16remove_referenceIS0_E4typeE
                0x0800253a       0x16 ./Core/Src/main.o
                0x0800253a                unsigned int&& std::forward<unsigned int>(std::remove_reference<unsigned int>::type&)
 .text._ZNSt6vectorIjSaIjEE3endEv
                0x08002550       0x22 ./Core/Src/main.o
                0x08002550                std::vector<unsigned int, std::allocator<unsigned int> >::end()
 .text._ZNSt6vectorIjSaIjEE15_S_use_relocateEv
                0x08002572       0x16 ./Core/Src/main.o
                0x08002572                std::vector<unsigned int, std::allocator<unsigned int> >::_S_use_relocate()
 .text._ZNSt6vectorIjSaIjEE19_S_nothrow_relocateESt17integral_constantIbLb1EE
                0x08002588       0x16 ./Core/Src/main.o
                0x08002588                std::vector<unsigned int, std::allocator<unsigned int> >::_S_nothrow_relocate(std::integral_constant<bool, true>)
 *fill*         0x0800259e        0x2 
 .text._ZNSt6vectorIjSaIjEE17_M_realloc_insertIJjEEEvN9__gnu_cxx17__normal_iteratorIPjS1_EEDpOT_
                0x080025a0      0x1ac ./Core/Src/main.o
                0x080025a0                void std::vector<unsigned int, std::allocator<unsigned int> >::_M_realloc_insert<unsigned int>(__gnu_cxx::__normal_iterator<unsigned int*, std::vector<unsigned int, std::allocator<unsigned int> > >, unsigned int&&)
 .text._ZN9__gnu_cxx17__normal_iteratorIPKjSt6vectorIjSaIjEEEC2ERKS2_
                0x0800274c       0x20 ./Core/Src/main.o
                0x0800274c                __gnu_cxx::__normal_iterator<unsigned int const*, std::vector<unsigned int, std::allocator<unsigned int> > >::__normal_iterator(unsigned int const* const&)
                0x0800274c                __gnu_cxx::__normal_iterator<unsigned int const*, std::vector<unsigned int, std::allocator<unsigned int> > >::__normal_iterator(unsigned int const* const&)
 .text._ZNK9__gnu_cxx17__normal_iteratorIPKjSt6vectorIjSaIjEEE4baseEv
                0x0800276c       0x16 ./Core/Src/main.o
                0x0800276c                __gnu_cxx::__normal_iterator<unsigned int const*, std::vector<unsigned int, std::allocator<unsigned int> > >::base() const
 .text._ZNSt15__new_allocatorIjE10deallocateEPjj
                0x08002782       0x20 ./Core/Src/main.o
                0x08002782                std::__new_allocator<unsigned int>::deallocate(unsigned int*, unsigned int)
 .text._ZN9__gnu_cxx17__normal_iteratorIPjSt6vectorIjSaIjEEEC2ERKS1_
                0x080027a2       0x20 ./Core/Src/main.o
                0x080027a2                __gnu_cxx::__normal_iterator<unsigned int*, std::vector<unsigned int, std::allocator<unsigned int> > >::__normal_iterator(unsigned int* const&)
                0x080027a2                __gnu_cxx::__normal_iterator<unsigned int*, std::vector<unsigned int, std::allocator<unsigned int> > >::__normal_iterator(unsigned int* const&)
 .text._ZNKSt6vectorIjSaIjEE12_M_check_lenEjPKc
                0x080027c2       0x8e ./Core/Src/main.o
                0x080027c2                std::vector<unsigned int, std::allocator<unsigned int> >::_M_check_len(unsigned int, char const*) const
 .text._ZNSt6vectorIjSaIjEE5beginEv
                0x08002850       0x20 ./Core/Src/main.o
                0x08002850                std::vector<unsigned int, std::allocator<unsigned int> >::begin()
 .text._ZN9__gnu_cxxmiIPjSt6vectorIjSaIjEEEENS_17__normal_iteratorIT_T0_E15difference_typeERKS8_SB_
                0x08002870       0x2a ./Core/Src/main.o
                0x08002870                __gnu_cxx::__normal_iterator<unsigned int*, std::vector<unsigned int, std::allocator<unsigned int> > >::difference_type __gnu_cxx::operator-<unsigned int*, std::vector<unsigned int, std::allocator<unsigned int> > >(__gnu_cxx::__normal_iterator<unsigned int*, std::vector<unsigned int, std::allocator<unsigned int> > > const&, __gnu_cxx::__normal_iterator<unsigned int*, std::vector<unsigned int, std::allocator<unsigned int> > > const&)
 .text._ZNSt12_Vector_baseIjSaIjEE11_M_allocateEj
                0x0800289a       0x32 ./Core/Src/main.o
                0x0800289a                std::_Vector_base<unsigned int, std::allocator<unsigned int> >::_M_allocate(unsigned int)
 .text._ZNSt6vectorIjSaIjEE11_S_relocateEPjS2_S2_RS0_
                0x080028cc       0x28 ./Core/Src/main.o
                0x080028cc                std::vector<unsigned int, std::allocator<unsigned int> >::_S_relocate(unsigned int*, unsigned int*, unsigned int*, std::allocator<unsigned int>&)
 .text._ZNK9__gnu_cxx17__normal_iteratorIPjSt6vectorIjSaIjEEE4baseEv
                0x080028f4       0x16 ./Core/Src/main.o
                0x080028f4                __gnu_cxx::__normal_iterator<unsigned int*, std::vector<unsigned int, std::allocator<unsigned int> > >::base() const
 .text._ZNSt12_Vector_baseIjSaIjEE19_M_get_Tp_allocatorEv
                0x0800290a       0x16 ./Core/Src/main.o
                0x0800290a                std::_Vector_base<unsigned int, std::allocator<unsigned int> >::_M_get_Tp_allocator()
 .text._ZSt34__uninitialized_move_if_noexcept_aIPjS0_SaIjEET0_T_S3_S2_RT1_
                0x08002920       0x32 ./Core/Src/main.o
                0x08002920                unsigned int* std::__uninitialized_move_if_noexcept_a<unsigned int*, unsigned int*, std::allocator<unsigned int> >(unsigned int*, unsigned int*, unsigned int*, std::allocator<unsigned int>&)
 .text._ZNKSt6vectorIjSaIjEE8max_sizeEv
                0x08002952       0x22 ./Core/Src/main.o
                0x08002952                std::vector<unsigned int, std::allocator<unsigned int> >::max_size() const
 .text._ZSt3maxIjERKT_S2_S2_
                0x08002974       0x28 ./Core/Src/main.o
                0x08002974                unsigned int const& std::max<unsigned int>(unsigned int const&, unsigned int const&)
 .text._ZNSt6vectorIjSaIjEE14_S_do_relocateEPjS2_S2_RS0_St17integral_constantIbLb1EE
                0x0800299c       0x24 ./Core/Src/main.o
                0x0800299c                std::vector<unsigned int, std::allocator<unsigned int> >::_S_do_relocate(unsigned int*, unsigned int*, unsigned int*, std::allocator<unsigned int>&, std::integral_constant<bool, true>)
 .text._ZSt32__make_move_if_noexcept_iteratorIjSt13move_iteratorIPjEET0_PT_
                0x080029c0       0x1e ./Core/Src/main.o
                0x080029c0                std::move_iterator<unsigned int*> std::__make_move_if_noexcept_iterator<unsigned int, std::move_iterator<unsigned int*> >(unsigned int*)
 .text._ZSt22__uninitialized_copy_aISt13move_iteratorIPjES1_jET0_T_S4_S3_RSaIT1_E
                0x080029de       0x22 ./Core/Src/main.o
                0x080029de                unsigned int* std::__uninitialized_copy_a<std::move_iterator<unsigned int*>, unsigned int*, unsigned int>(std::move_iterator<unsigned int*>, std::move_iterator<unsigned int*>, unsigned int*, std::allocator<unsigned int>&)
 .text._ZSt8_DestroyIPjEvT_S1_
                0x08002a00       0x1a ./Core/Src/main.o
                0x08002a00                void std::_Destroy<unsigned int*>(unsigned int*, unsigned int*)
 .text._ZNSt6vectorIjSaIjEE11_S_max_sizeERKS0_
                0x08002a1a       0x40 ./Core/Src/main.o
                0x08002a1a                std::vector<unsigned int, std::allocator<unsigned int> >::_S_max_size(std::allocator<unsigned int> const&)
 .text._ZNKSt12_Vector_baseIjSaIjEE19_M_get_Tp_allocatorEv
                0x08002a5a       0x16 ./Core/Src/main.o
                0x08002a5a                std::_Vector_base<unsigned int, std::allocator<unsigned int> >::_M_get_Tp_allocator() const
 .text._ZNSt15__new_allocatorIjE8allocateEjPKv
                0x08002a70       0x52 ./Core/Src/main.o
                0x08002a70                std::__new_allocator<unsigned int>::allocate(unsigned int, void const*)
 .text._ZSt12__relocate_aIPjS0_SaIjEET0_T_S3_S2_RT1_
                0x08002ac2       0x3a ./Core/Src/main.o
                0x08002ac2                unsigned int* std::__relocate_a<unsigned int*, unsigned int*, std::allocator<unsigned int> >(unsigned int*, unsigned int*, unsigned int*, std::allocator<unsigned int>&)
 .text._ZNSt13move_iteratorIPjEC2ES0_
                0x08002afc       0x24 ./Core/Src/main.o
                0x08002afc                std::move_iterator<unsigned int*>::move_iterator(unsigned int*)
                0x08002afc                std::move_iterator<unsigned int*>::move_iterator(unsigned int*)
 .text._ZSt18uninitialized_copyISt13move_iteratorIPjES1_ET0_T_S4_S3_
                0x08002b20       0x28 ./Core/Src/main.o
                0x08002b20                unsigned int* std::uninitialized_copy<std::move_iterator<unsigned int*>, unsigned int*>(std::move_iterator<unsigned int*>, std::move_iterator<unsigned int*>, unsigned int*)
 .text._ZNSt12_Destroy_auxILb1EE9__destroyIPjEEvT_S3_
                0x08002b48       0x16 ./Core/Src/main.o
                0x08002b48                void std::_Destroy_aux<true>::__destroy<unsigned int*>(unsigned int*, unsigned int*)
 .text._ZSt3minIjERKT_S2_S2_
                0x08002b5e       0x28 ./Core/Src/main.o
                0x08002b5e                unsigned int const& std::min<unsigned int>(unsigned int const&, unsigned int const&)
 .text._ZSt12__niter_baseIPjET_S1_
                0x08002b86       0x16 ./Core/Src/main.o
                0x08002b86                unsigned int* std::__niter_base<unsigned int*>(unsigned int*)
 .text._ZSt14__relocate_a_1IjjENSt9enable_ifIXsrSt24__is_bitwise_relocatableIT_vE5valueEPS2_E4typeES4_S4_S4_RSaIT0_E
                0x08002b9c       0x3c ./Core/Src/main.o
                0x08002b9c                std::enable_if<std::__is_bitwise_relocatable<unsigned int, void>::value, unsigned int*>::type std::__relocate_a_1<unsigned int, unsigned int>(unsigned int*, unsigned int*, unsigned int*, std::allocator<unsigned int>&)
 .text._ZSt4moveIRPjEONSt16remove_referenceIT_E4typeEOS3_
                0x08002bd8       0x16 ./Core/Src/main.o
                0x08002bd8                std::remove_reference<unsigned int*&>::type&& std::move<unsigned int*&>(unsigned int*&)
 .text._ZNSt20__uninitialized_copyILb1EE13__uninit_copyISt13move_iteratorIPjES3_EET0_T_S6_S5_
                0x08002bee       0x20 ./Core/Src/main.o
                0x08002bee                unsigned int* std::__uninitialized_copy<true>::__uninit_copy<std::move_iterator<unsigned int*>, unsigned int*>(std::move_iterator<unsigned int*>, std::move_iterator<unsigned int*>, unsigned int*)
 .text._ZSt4copyISt13move_iteratorIPjES1_ET0_T_S4_S3_
                0x08002c0e       0x30 ./Core/Src/main.o
                0x08002c0e                unsigned int* std::copy<std::move_iterator<unsigned int*>, unsigned int*>(std::move_iterator<unsigned int*>, std::move_iterator<unsigned int*>, unsigned int*)
 .text._ZSt12__miter_baseIPjEDTcl12__miter_basecldtfp_4baseEEESt13move_iteratorIT_E
                0x08002c3e       0x22 ./Core/Src/main.o
                0x08002c3e                decltype (__miter_base(({parm#1}.base)())) std::__miter_base<unsigned int*>(std::move_iterator<unsigned int*>)
 .text._ZSt13__copy_move_aILb1EPjS0_ET1_T0_S2_S1_
                0x08002c60       0x46 ./Core/Src/main.o
                0x08002c60                unsigned int* std::__copy_move_a<true, unsigned int*, unsigned int*>(unsigned int*, unsigned int*, unsigned int*)
 .text._ZNKSt13move_iteratorIPjE4baseEv
                0x08002ca6       0x18 ./Core/Src/main.o
                0x08002ca6                std::move_iterator<unsigned int*>::base() const
 .text._ZSt12__miter_baseIPjET_S1_
                0x08002cbe       0x16 ./Core/Src/main.o
                0x08002cbe                unsigned int* std::__miter_base<unsigned int*>(unsigned int*)
 .text._ZSt14__copy_move_a1ILb1EPjS0_ET1_T0_S2_S1_
                0x08002cd4       0x20 ./Core/Src/main.o
                0x08002cd4                unsigned int* std::__copy_move_a1<true, unsigned int*, unsigned int*>(unsigned int*, unsigned int*, unsigned int*)
 .text._ZSt12__niter_wrapIPjET_RKS1_S1_
                0x08002cf4       0x18 ./Core/Src/main.o
                0x08002cf4                unsigned int* std::__niter_wrap<unsigned int*>(unsigned int* const&, unsigned int*)
 .text._ZSt14__copy_move_a2ILb1EPjS0_ET1_T0_S2_S1_
                0x08002d0c       0x20 ./Core/Src/main.o
                0x08002d0c                unsigned int* std::__copy_move_a2<true, unsigned int*, unsigned int*>(unsigned int*, unsigned int*, unsigned int*)
 .text._ZNSt11__copy_moveILb1ELb1ESt26random_access_iterator_tagE8__copy_mIjjEEPT0_PT_S6_S4_
                0x08002d2c       0x54 ./Core/Src/main.o
                0x08002d2c                unsigned int* std::__copy_move<true, true, std::random_access_iterator_tag>::__copy_m<unsigned int, unsigned int>(unsigned int*, unsigned int*, unsigned int*)
 .text._ZNSt11__copy_moveILb1ELb0ESt26random_access_iterator_tagE12__assign_oneIjjEEvPT_PT0_
                0x08002d80       0x20 ./Core/Src/main.o
                0x08002d80                void std::__copy_move<true, false, std::random_access_iterator_tag>::__assign_one<unsigned int, unsigned int>(unsigned int*, unsigned int*)
 .text._Z41__static_initialization_and_destruction_0v
                0x08002da0       0x8c ./Core/Src/main.o
 .text._Z41__static_initialization_and_destruction_1v
                0x08002e2c       0x14 ./Core/Src/main.o
 .text._ZNSt6vectorIjSaIjEED2Ev
                0x08002e40       0x3c ./Core/Src/main.o
                0x08002e40                std::vector<unsigned int, std::allocator<unsigned int> >::~vector()
                0x08002e40                std::vector<unsigned int, std::allocator<unsigned int> >::~vector()
 .text._GLOBAL__sub_I_hadc1
                0x08002e7c        0xa ./Core/Src/main.o
 .text._GLOBAL__sub_D_hadc1
                0x08002e86        0xa ./Core/Src/main.o
 .text.HAL_MspInit
                0x08002e90       0x48 ./Core/Src/stm32l4xx_hal_msp.o
                0x08002e90                HAL_MspInit
 .text.HAL_ADC_MspInit
                0x08002ed8       0x80 ./Core/Src/stm32l4xx_hal_msp.o
                0x08002ed8                HAL_ADC_MspInit
 .text.HAL_I2C_MspInit
                0x08002f58       0xcc ./Core/Src/stm32l4xx_hal_msp.o
                0x08002f58                HAL_I2C_MspInit
 .text.HAL_TIM_Base_MspInit
                0x08003024       0xe8 ./Core/Src/stm32l4xx_hal_msp.o
                0x08003024                HAL_TIM_Base_MspInit
 .text.HAL_UART_MspInit
                0x0800310c       0xb0 ./Core/Src/stm32l4xx_hal_msp.o
                0x0800310c                HAL_UART_MspInit
 .text.NMI_Handler
                0x080031bc        0x8 ./Core/Src/stm32l4xx_it.o
                0x080031bc                NMI_Handler
 .text.HardFault_Handler
                0x080031c4        0x8 ./Core/Src/stm32l4xx_it.o
                0x080031c4                HardFault_Handler
 .text.MemManage_Handler
                0x080031cc        0x8 ./Core/Src/stm32l4xx_it.o
                0x080031cc                MemManage_Handler
 .text.BusFault_Handler
                0x080031d4        0x8 ./Core/Src/stm32l4xx_it.o
                0x080031d4                BusFault_Handler
 .text.UsageFault_Handler
                0x080031dc        0x8 ./Core/Src/stm32l4xx_it.o
                0x080031dc                UsageFault_Handler
 .text.SVC_Handler
                0x080031e4        0xe ./Core/Src/stm32l4xx_it.o
                0x080031e4                SVC_Handler
 .text.DebugMon_Handler
                0x080031f2        0xe ./Core/Src/stm32l4xx_it.o
                0x080031f2                DebugMon_Handler
 .text.PendSV_Handler
                0x08003200        0xe ./Core/Src/stm32l4xx_it.o
                0x08003200                PendSV_Handler
 .text.SysTick_Handler
                0x0800320e        0xc ./Core/Src/stm32l4xx_it.o
                0x0800320e                SysTick_Handler
 .text.EXTI0_IRQHandler
                0x0800321a        0xe ./Core/Src/stm32l4xx_it.o
                0x0800321a                EXTI0_IRQHandler
 .text.EXTI1_IRQHandler
                0x08003228        0xe ./Core/Src/stm32l4xx_it.o
                0x08003228                EXTI1_IRQHandler
 .text.EXTI4_IRQHandler
                0x08003236        0xe ./Core/Src/stm32l4xx_it.o
                0x08003236                EXTI4_IRQHandler
 .text.EXTI9_5_IRQHandler
                0x08003244        0xe ./Core/Src/stm32l4xx_it.o
                0x08003244                EXTI9_5_IRQHandler
 .text._getpid  0x08003252       0x10 ./Core/Src/syscalls.o
                0x08003252                _getpid
 .text._kill    0x08003262       0x20 ./Core/Src/syscalls.o
                0x08003262                _kill
 .text._exit    0x08003282       0x16 ./Core/Src/syscalls.o
                0x08003282                _exit
 .text._read    0x08003298       0x3a ./Core/Src/syscalls.o
                0x08003298                _read
 .text._write   0x080032d2       0x38 ./Core/Src/syscalls.o
                0x080032d2                _write
 .text._close   0x0800330a       0x18 ./Core/Src/syscalls.o
                0x0800330a                _close
 .text._fstat   0x08003322       0x20 ./Core/Src/syscalls.o
                0x08003322                _fstat
 .text._isatty  0x08003342       0x16 ./Core/Src/syscalls.o
                0x08003342                _isatty
 .text._lseek   0x08003358       0x1a ./Core/Src/syscalls.o
                0x08003358                _lseek
 *fill*         0x08003372        0x2 
 .text._sbrk    0x08003374       0x6c ./Core/Src/sysmem.o
                0x08003374                _sbrk
 .text.SystemInit
                0x080033e0       0x24 ./Core/Src/system_stm32l4xx.o
                0x080033e0                SystemInit
 .text.Reset_Handler
                0x08003404       0x50 ./Core/Startup/startup_stm32l412kbtx.o
                0x08003404                Reset_Handler
 .text.Default_Handler
                0x08003454        0x2 ./Core/Startup/startup_stm32l412kbtx.o
                0x08003454                TIM1_BRK_TIM15_IRQHandler
                0x08003454                EXTI2_IRQHandler
                0x08003454                TIM1_CC_IRQHandler
                0x08003454                TSC_IRQHandler
                0x08003454                TIM6_IRQHandler
                0x08003454                TAMP_STAMP_IRQHandler
                0x08003454                EXTI3_IRQHandler
                0x08003454                LPTIM2_IRQHandler
                0x08003454                I2C3_ER_IRQHandler
                0x08003454                I2C2_EV_IRQHandler
                0x08003454                FPU_IRQHandler
                0x08003454                TIM1_UP_TIM16_IRQHandler
                0x08003454                ADC1_2_IRQHandler
                0x08003454                SPI1_IRQHandler
                0x08003454                DMA2_Channel2_IRQHandler
                0x08003454                DMA1_Channel4_IRQHandler
                0x08003454                USART3_IRQHandler
                0x08003454                DMA1_Channel7_IRQHandler
                0x08003454                DMA2_Channel1_IRQHandler
                0x08003454                QUADSPI_IRQHandler
                0x08003454                I2C1_EV_IRQHandler
                0x08003454                DMA1_Channel6_IRQHandler
                0x08003454                DMA2_Channel4_IRQHandler
                0x08003454                RCC_IRQHandler
                0x08003454                TIM1_TRG_COM_IRQHandler
                0x08003454                DMA1_Channel1_IRQHandler
                0x08003454                Default_Handler
                0x08003454                DMA2_Channel7_IRQHandler
                0x08003454                EXTI15_10_IRQHandler
                0x08003454                I2C3_EV_IRQHandler
                0x08003454                USB_IRQHandler
                0x08003454                RTC_WKUP_IRQHandler
                0x08003454                PVD_PVM_IRQHandler
                0x08003454                SPI2_IRQHandler
                0x08003454                DMA2_Channel5_IRQHandler
                0x08003454                CRS_IRQHandler
                0x08003454                DMA1_Channel5_IRQHandler
                0x08003454                RNG_IRQHandler
                0x08003454                DMA1_Channel3_IRQHandler
                0x08003454                COMP_IRQHandler
                0x08003454                WWDG_IRQHandler
                0x08003454                LPUART1_IRQHandler
                0x08003454                DMA2_Channel6_IRQHandler
                0x08003454                TIM2_IRQHandler
                0x08003454                USART2_IRQHandler
                0x08003454                I2C2_ER_IRQHandler
                0x08003454                DMA1_Channel2_IRQHandler
                0x08003454                FLASH_IRQHandler
                0x08003454                USART1_IRQHandler
                0x08003454                I2C1_ER_IRQHandler
                0x08003454                LPTIM1_IRQHandler
                0x08003454                DMA2_Channel3_IRQHandler
                0x08003454                RTC_Alarm_IRQHandler
 .text.HAL_Init
                0x08003456       0x30 ./Drivers/STM32L4xx_HAL_Driver/Src/stm32l4xx_hal.o
                0x08003456                HAL_Init
 *fill*         0x08003486        0x2 
 .text.HAL_InitTick
                0x08003488       0x78 ./Drivers/STM32L4xx_HAL_Driver/Src/stm32l4xx_hal.o
                0x08003488                HAL_InitTick
 .text.HAL_IncTick
                0x08003500       0x28 ./Drivers/STM32L4xx_HAL_Driver/Src/stm32l4xx_hal.o
                0x08003500                HAL_IncTick
 .text.HAL_GetTick
                0x08003528       0x18 ./Drivers/STM32L4xx_HAL_Driver/Src/stm32l4xx_hal.o
                0x08003528                HAL_GetTick
 .text.HAL_Delay
                0x08003540       0x48 ./Drivers/STM32L4xx_HAL_Driver/Src/stm32l4xx_hal.o
                0x08003540                HAL_Delay
 .text.LL_ADC_SetCommonClock
                0x08003588       0x26 ./Drivers/STM32L4xx_HAL_Driver/Src/stm32l4xx_hal_adc.o
 .text.LL_ADC_SetCommonPathInternalCh
                0x080035ae       0x26 ./Drivers/STM32L4xx_HAL_Driver/Src/stm32l4xx_hal_adc.o
 .text.LL_ADC_GetCommonPathInternalCh
                0x080035d4       0x1c ./Drivers/STM32L4xx_HAL_Driver/Src/stm32l4xx_hal_adc.o
 .text.LL_ADC_SetOffset
                0x080035f0       0x48 ./Drivers/STM32L4xx_HAL_Driver/Src/stm32l4xx_hal_adc.o
 .text.LL_ADC_GetOffsetChannel
                0x08003638       0x2c ./Drivers/STM32L4xx_HAL_Driver/Src/stm32l4xx_hal_adc.o
 .text.LL_ADC_SetOffsetState
                0x08003664       0x36 ./Drivers/STM32L4xx_HAL_Driver/Src/stm32l4xx_hal_adc.o
 .text.LL_ADC_SetSamplingTimeCommonConfig
                0x0800369a       0x26 ./Drivers/STM32L4xx_HAL_Driver/Src/stm32l4xx_hal_adc.o
 .text.LL_ADC_REG_IsTriggerSourceSWStart
                0x080036c0       0x26 ./Drivers/STM32L4xx_HAL_Driver/Src/stm32l4xx_hal_adc.o
 .text.LL_ADC_REG_SetSequencerRanks
                0x080036e6       0x58 ./Drivers/STM32L4xx_HAL_Driver/Src/stm32l4xx_hal_adc.o
 .text.LL_ADC_SetChannelSamplingTime
                0x0800373e       0x56 ./Drivers/STM32L4xx_HAL_Driver/Src/stm32l4xx_hal_adc.o
 .text.LL_ADC_SetChannelSingleDiff
                0x08003794       0x48 ./Drivers/STM32L4xx_HAL_Driver/Src/stm32l4xx_hal_adc.o
 .text.LL_ADC_GetMultimode
                0x080037dc       0x1c ./Drivers/STM32L4xx_HAL_Driver/Src/stm32l4xx_hal_adc.o
 .text.LL_ADC_GetMultiDMATransfer
                0x080037f8       0x1c ./Drivers/STM32L4xx_HAL_Driver/Src/stm32l4xx_hal_adc.o
 .text.LL_ADC_DisableDeepPowerDown
                0x08003814       0x24 ./Drivers/STM32L4xx_HAL_Driver/Src/stm32l4xx_hal_adc.o
 .text.LL_ADC_IsDeepPowerDownEnabled
                0x08003838       0x28 ./Drivers/STM32L4xx_HAL_Driver/Src/stm32l4xx_hal_adc.o
 .text.LL_ADC_EnableInternalRegulator
                0x08003860       0x28 ./Drivers/STM32L4xx_HAL_Driver/Src/stm32l4xx_hal_adc.o
 .text.LL_ADC_IsInternalRegulatorEnabled
                0x08003888       0x28 ./Drivers/STM32L4xx_HAL_Driver/Src/stm32l4xx_hal_adc.o
 .text.LL_ADC_Enable
                0x080038b0       0x28 ./Drivers/STM32L4xx_HAL_Driver/Src/stm32l4xx_hal_adc.o
 .text.LL_ADC_Disable
                0x080038d8       0x28 ./Drivers/STM32L4xx_HAL_Driver/Src/stm32l4xx_hal_adc.o
 .text.LL_ADC_IsEnabled
                0x08003900       0x26 ./Drivers/STM32L4xx_HAL_Driver/Src/stm32l4xx_hal_adc.o
 .text.LL_ADC_IsDisableOngoing
                0x08003926       0x26 ./Drivers/STM32L4xx_HAL_Driver/Src/stm32l4xx_hal_adc.o
 .text.LL_ADC_REG_StartConversion
                0x0800394c       0x28 ./Drivers/STM32L4xx_HAL_Driver/Src/stm32l4xx_hal_adc.o
 .text.LL_ADC_REG_StopConversion
                0x08003974       0x28 ./Drivers/STM32L4xx_HAL_Driver/Src/stm32l4xx_hal_adc.o
 .text.LL_ADC_REG_IsConversionOngoing
                0x0800399c       0x26 ./Drivers/STM32L4xx_HAL_Driver/Src/stm32l4xx_hal_adc.o
 .text.LL_ADC_INJ_StopConversion
                0x080039c2       0x28 ./Drivers/STM32L4xx_HAL_Driver/Src/stm32l4xx_hal_adc.o
 .text.LL_ADC_INJ_IsConversionOngoing
                0x080039ea       0x26 ./Drivers/STM32L4xx_HAL_Driver/Src/stm32l4xx_hal_adc.o
 .text.HAL_ADC_Init
                0x08003a10      0x294 ./Drivers/STM32L4xx_HAL_Driver/Src/stm32l4xx_hal_adc.o
                0x08003a10                HAL_ADC_Init
 .text.HAL_ADC_Start
                0x08003ca4      0x174 ./Drivers/STM32L4xx_HAL_Driver/Src/stm32l4xx_hal_adc.o
                0x08003ca4                HAL_ADC_Start
 .text.HAL_ADC_Stop
                0x08003e18       0x66 ./Drivers/STM32L4xx_HAL_Driver/Src/stm32l4xx_hal_adc.o
                0x08003e18                HAL_ADC_Stop
 *fill*         0x08003e7e        0x2 
 .text.HAL_ADC_PollForConversion
                0x08003e80      0x1b0 ./Drivers/STM32L4xx_HAL_Driver/Src/stm32l4xx_hal_adc.o
                0x08003e80                HAL_ADC_PollForConversion
 .text.HAL_ADC_GetValue
                0x08004030       0x1a ./Drivers/STM32L4xx_HAL_Driver/Src/stm32l4xx_hal_adc.o
                0x08004030                HAL_ADC_GetValue
 *fill*         0x0800404a        0x2 
 .text.HAL_ADC_ConfigChannel
                0x0800404c      0x7f8 ./Drivers/STM32L4xx_HAL_Driver/Src/stm32l4xx_hal_adc.o
                0x0800404c                HAL_ADC_ConfigChannel
 .text.ADC_ConversionStop
                0x08004844      0x178 ./Drivers/STM32L4xx_HAL_Driver/Src/stm32l4xx_hal_adc.o
                0x08004844                ADC_ConversionStop
 .text.ADC_Enable
                0x080049bc      0x10c ./Drivers/STM32L4xx_HAL_Driver/Src/stm32l4xx_hal_adc.o
                0x080049bc                ADC_Enable
 .text.ADC_Disable
                0x08004ac8       0xbe ./Drivers/STM32L4xx_HAL_Driver/Src/stm32l4xx_hal_adc.o
                0x08004ac8                ADC_Disable
 .text.LL_ADC_IsEnabled
                0x08004b86       0x26 ./Drivers/STM32L4xx_HAL_Driver/Src/stm32l4xx_hal_adc_ex.o
 .text.LL_ADC_REG_IsConversionOngoing
                0x08004bac       0x26 ./Drivers/STM32L4xx_HAL_Driver/Src/stm32l4xx_hal_adc_ex.o
 *fill*         0x08004bd2        0x2 
 .text.HAL_ADCEx_MultiModeConfigChannel
                0x08004bd4      0x148 ./Drivers/STM32L4xx_HAL_Driver/Src/stm32l4xx_hal_adc_ex.o
                0x08004bd4                HAL_ADCEx_MultiModeConfigChannel
 .text.__NVIC_SetPriorityGrouping
                0x08004d1c       0x48 ./Drivers/STM32L4xx_HAL_Driver/Src/stm32l4xx_hal_cortex.o
 .text.__NVIC_GetPriorityGrouping
                0x08004d64       0x1c ./Drivers/STM32L4xx_HAL_Driver/Src/stm32l4xx_hal_cortex.o
 .text.__NVIC_EnableIRQ
                0x08004d80       0x3c ./Drivers/STM32L4xx_HAL_Driver/Src/stm32l4xx_hal_cortex.o
 .text.__NVIC_SetPriority
                0x08004dbc       0x54 ./Drivers/STM32L4xx_HAL_Driver/Src/stm32l4xx_hal_cortex.o
 .text.NVIC_EncodePriority
                0x08004e10       0x66 ./Drivers/STM32L4xx_HAL_Driver/Src/stm32l4xx_hal_cortex.o
 *fill*         0x08004e76        0x2 
 .text.SysTick_Config
                0x08004e78       0x44 ./Drivers/STM32L4xx_HAL_Driver/Src/stm32l4xx_hal_cortex.o
 .text.HAL_NVIC_SetPriorityGrouping
                0x08004ebc       0x16 ./Drivers/STM32L4xx_HAL_Driver/Src/stm32l4xx_hal_cortex.o
                0x08004ebc                HAL_NVIC_SetPriorityGrouping
 .text.HAL_NVIC_SetPriority
                0x08004ed2       0x38 ./Drivers/STM32L4xx_HAL_Driver/Src/stm32l4xx_hal_cortex.o
                0x08004ed2                HAL_NVIC_SetPriority
 .text.HAL_NVIC_EnableIRQ
                0x08004f0a       0x1c ./Drivers/STM32L4xx_HAL_Driver/Src/stm32l4xx_hal_cortex.o
                0x08004f0a                HAL_NVIC_EnableIRQ
 .text.HAL_SYSTICK_Config
                0x08004f26       0x18 ./Drivers/STM32L4xx_HAL_Driver/Src/stm32l4xx_hal_cortex.o
                0x08004f26                HAL_SYSTICK_Config
 *fill*         0x08004f3e        0x2 
 .text.HAL_GPIO_Init
                0x08004f40      0x2e4 ./Drivers/STM32L4xx_HAL_Driver/Src/stm32l4xx_hal_gpio.o
                0x08004f40                HAL_GPIO_Init
 .text.HAL_GPIO_WritePin
                0x08005224       0x30 ./Drivers/STM32L4xx_HAL_Driver/Src/stm32l4xx_hal_gpio.o
                0x08005224                HAL_GPIO_WritePin
 .text.HAL_GPIO_EXTI_IRQHandler
                0x08005254       0x30 ./Drivers/STM32L4xx_HAL_Driver/Src/stm32l4xx_hal_gpio.o
                0x08005254                HAL_GPIO_EXTI_IRQHandler
 .text.HAL_I2C_Init
                0x08005284      0x136 ./Drivers/STM32L4xx_HAL_Driver/Src/stm32l4xx_hal_i2c.o
                0x08005284                HAL_I2C_Init
 *fill*         0x080053ba        0x2 
 .text.HAL_I2C_Master_Transmit
                0x080053bc      0x230 ./Drivers/STM32L4xx_HAL_Driver/Src/stm32l4xx_hal_i2c.o
                0x080053bc                HAL_I2C_Master_Transmit
 .text.HAL_I2C_IsDeviceReady
                0x080055ec      0x1d8 ./Drivers/STM32L4xx_HAL_Driver/Src/stm32l4xx_hal_i2c.o
                0x080055ec                HAL_I2C_IsDeviceReady
 .text.I2C_Flush_TXDR
                0x080057c4       0x48 ./Drivers/STM32L4xx_HAL_Driver/Src/stm32l4xx_hal_i2c.o
 .text.I2C_WaitOnFlagUntilTimeout
                0x0800580c       0xb2 ./Drivers/STM32L4xx_HAL_Driver/Src/stm32l4xx_hal_i2c.o
 .text.I2C_WaitOnTXISFlagUntilTimeout
                0x080058be       0x8e ./Drivers/STM32L4xx_HAL_Driver/Src/stm32l4xx_hal_i2c.o
 .text.I2C_WaitOnSTOPFlagUntilTimeout
                0x0800594c       0x86 ./Drivers/STM32L4xx_HAL_Driver/Src/stm32l4xx_hal_i2c.o
 *fill*         0x080059d2        0x2 
 .text.I2C_IsErrorOccurred
                0x080059d4      0x1c0 ./Drivers/STM32L4xx_HAL_Driver/Src/stm32l4xx_hal_i2c.o
 .text.I2C_TransferConfig
                0x08005b94       0x64 ./Drivers/STM32L4xx_HAL_Driver/Src/stm32l4xx_hal_i2c.o
 .text.HAL_I2CEx_ConfigAnalogFilter
                0x08005bf8       0x96 ./Drivers/STM32L4xx_HAL_Driver/Src/stm32l4xx_hal_i2c_ex.o
                0x08005bf8                HAL_I2CEx_ConfigAnalogFilter
 .text.HAL_I2CEx_ConfigDigitalFilter
                0x08005c8e       0x98 ./Drivers/STM32L4xx_HAL_Driver/Src/stm32l4xx_hal_i2c_ex.o
                0x08005c8e                HAL_I2CEx_ConfigDigitalFilter
 *fill*         0x08005d26        0x2 
 .text.HAL_PWREx_GetVoltageRange
                0x08005d28       0x1c ./Drivers/STM32L4xx_HAL_Driver/Src/stm32l4xx_hal_pwr_ex.o
                0x08005d28                HAL_PWREx_GetVoltageRange
 .text.HAL_PWREx_ControlVoltageScaling
                0x08005d44       0xac ./Drivers/STM32L4xx_HAL_Driver/Src/stm32l4xx_hal_pwr_ex.o
                0x08005d44                HAL_PWREx_ControlVoltageScaling
 .text.HAL_RCC_OscConfig
                0x08005df0      0x8c4 ./Drivers/STM32L4xx_HAL_Driver/Src/stm32l4xx_hal_rcc.o
                0x08005df0                HAL_RCC_OscConfig
 .text.HAL_RCC_ClockConfig
                0x080066b4      0x200 ./Drivers/STM32L4xx_HAL_Driver/Src/stm32l4xx_hal_rcc.o
                0x080066b4                HAL_RCC_ClockConfig
 .text.HAL_RCC_GetSysClockFreq
                0x080068b4      0x118 ./Drivers/STM32L4xx_HAL_Driver/Src/stm32l4xx_hal_rcc.o
                0x080068b4                HAL_RCC_GetSysClockFreq
 .text.HAL_RCC_GetHCLKFreq
                0x080069cc       0x18 ./Drivers/STM32L4xx_HAL_Driver/Src/stm32l4xx_hal_rcc.o
                0x080069cc                HAL_RCC_GetHCLKFreq
 .text.HAL_RCC_GetPCLK1Freq
                0x080069e4       0x2c ./Drivers/STM32L4xx_HAL_Driver/Src/stm32l4xx_hal_rcc.o
                0x080069e4                HAL_RCC_GetPCLK1Freq
 .text.HAL_RCC_GetPCLK2Freq
                0x08006a10       0x2c ./Drivers/STM32L4xx_HAL_Driver/Src/stm32l4xx_hal_rcc.o
                0x08006a10                HAL_RCC_GetPCLK2Freq
 .text.RCC_SetFlashLatencyFromMSIRange
                0x08006a3c       0xc0 ./Drivers/STM32L4xx_HAL_Driver/Src/stm32l4xx_hal_rcc.o
 .text.HAL_RCCEx_PeriphCLKConfig
                0x08006afc      0x30c ./Drivers/STM32L4xx_HAL_Driver/Src/stm32l4xx_hal_rcc_ex.o
                0x08006afc                HAL_RCCEx_PeriphCLKConfig
 .text.HAL_TIM_Base_Init
                0x08006e08       0xae ./Drivers/STM32L4xx_HAL_Driver/Src/stm32l4xx_hal_tim.o
                0x08006e08                HAL_TIM_Base_Init
 *fill*         0x08006eb6        0x2 
 .text.HAL_TIM_Base_Start
                0x08006eb8       0x98 ./Drivers/STM32L4xx_HAL_Driver/Src/stm32l4xx_hal_tim.o
                0x08006eb8                HAL_TIM_Base_Start
 .text.HAL_TIM_ConfigClockSource
                0x08006f50      0x192 ./Drivers/STM32L4xx_HAL_Driver/Src/stm32l4xx_hal_tim.o
                0x08006f50                HAL_TIM_ConfigClockSource
 .text.HAL_TIM_SlaveConfigSynchro
                0x080070e2       0x84 ./Drivers/STM32L4xx_HAL_Driver/Src/stm32l4xx_hal_tim.o
                0x080070e2                HAL_TIM_SlaveConfigSynchro
 *fill*         0x08007166        0x2 
 .text.TIM_Base_SetConfig
                0x08007168       0xe0 ./Drivers/STM32L4xx_HAL_Driver/Src/stm32l4xx_hal_tim.o
                0x08007168                TIM_Base_SetConfig
 .text.TIM_SlaveTimer_SetConfig
                0x08007248      0x126 ./Drivers/STM32L4xx_HAL_Driver/Src/stm32l4xx_hal_tim.o
 .text.TIM_TI1_ConfigInputStage
                0x0800736e       0x5e ./Drivers/STM32L4xx_HAL_Driver/Src/stm32l4xx_hal_tim.o
 .text.TIM_TI2_ConfigInputStage
                0x080073cc       0x60 ./Drivers/STM32L4xx_HAL_Driver/Src/stm32l4xx_hal_tim.o
 .text.TIM_ITRx_SetConfig
                0x0800742c       0x36 ./Drivers/STM32L4xx_HAL_Driver/Src/stm32l4xx_hal_tim.o
 .text.TIM_ETR_SetConfig
                0x08007462       0x40 ./Drivers/STM32L4xx_HAL_Driver/Src/stm32l4xx_hal_tim.o
                0x08007462                TIM_ETR_SetConfig
 *fill*         0x080074a2        0x2 
 .text.HAL_TIMEx_MasterConfigSynchronization
                0x080074a4       0xcc ./Drivers/STM32L4xx_HAL_Driver/Src/stm32l4xx_hal_tim_ex.o
                0x080074a4                HAL_TIMEx_MasterConfigSynchronization
 .text.HAL_UART_Init
                0x08007570       0x9c ./Drivers/STM32L4xx_HAL_Driver/Src/stm32l4xx_hal_uart.o
                0x08007570                HAL_UART_Init
 .text.UART_SetConfig
                0x0800760c      0x4b4 ./Drivers/STM32L4xx_HAL_Driver/Src/stm32l4xx_hal_uart.o
                0x0800760c                UART_SetConfig
 .text.UART_AdvFeatureConfig
                0x08007ac0      0x144 ./Drivers/STM32L4xx_HAL_Driver/Src/stm32l4xx_hal_uart.o
                0x08007ac0                UART_AdvFeatureConfig
 .text.UART_CheckIdleState
                0x08007c04      0x150 ./Drivers/STM32L4xx_HAL_Driver/Src/stm32l4xx_hal_uart.o
                0x08007c04                UART_CheckIdleState
 .text.UART_WaitOnFlagUntilTimeout
                0x08007d54       0xda ./Drivers/STM32L4xx_HAL_Driver/Src/stm32l4xx_hal_uart.o
                0x08007d54                UART_WaitOnFlagUntilTimeout
 .text.UART_EndRxTransfer
                0x08007e2e       0xc8 ./Drivers/STM32L4xx_HAL_Driver/Src/stm32l4xx_hal_uart.o
 .text._ZdlPvj  0x08007ef6        0x4 /Applications/STM32CubeIDE.app/Contents/Eclipse/plugins/com.st.stm32cube.ide.mcu.externaltools.gnu-tools-for-stm32.13.3.rel1.macos64_1.0.0.202411102158/tools/bin/../lib/gcc/arm-none-eabi/13.3.1/../../../../arm-none-eabi/lib/thumb/v7e-m+fp/hard/libstdc++_nano.a(del_ops.o)
                0x08007ef6                operator delete(void*, unsigned int)
 .text._Znwj    0x08007efa       0x22 /Applications/STM32CubeIDE.app/Contents/Eclipse/plugins/com.st.stm32cube.ide.mcu.externaltools.gnu-tools-for-stm32.13.3.rel1.macos64_1.0.0.202411102158/tools/bin/../lib/gcc/arm-none-eabi/13.3.1/../../../../arm-none-eabi/lib/thumb/v7e-m+fp/hard/libstdc++_nano.a(new_op.o)
                0x08007efa                operator new(unsigned int)
 .text.unlikely._ZSt17__throw_bad_allocv
                0x08007f1c        0x6 /Applications/STM32CubeIDE.app/Contents/Eclipse/plugins/com.st.stm32cube.ide.mcu.externaltools.gnu-tools-for-stm32.13.3.rel1.macos64_1.0.0.202411102158/tools/bin/../lib/gcc/arm-none-eabi/13.3.1/../../../../arm-none-eabi/lib/thumb/v7e-m+fp/hard/libstdc++_nano.a(functexcept.o)
                0x08007f1c                std::__throw_bad_alloc()
 .text.unlikely._ZSt28__throw_bad_array_new_lengthv
                0x08007f22        0x6 /Applications/STM32CubeIDE.app/Contents/Eclipse/plugins/com.st.stm32cube.ide.mcu.externaltools.gnu-tools-for-stm32.13.3.rel1.macos64_1.0.0.202411102158/tools/bin/../lib/gcc/arm-none-eabi/13.3.1/../../../../arm-none-eabi/lib/thumb/v7e-m+fp/hard/libstdc++_nano.a(functexcept.o)
                0x08007f22                std::__throw_bad_array_new_length()
 .text.unlikely._ZSt20__throw_length_errorPKc
                0x08007f28        0x6 /Applications/STM32CubeIDE.app/Contents/Eclipse/plugins/com.st.stm32cube.ide.mcu.externaltools.gnu-tools-for-stm32.13.3.rel1.macos64_1.0.0.202411102158/tools/bin/../lib/gcc/arm-none-eabi/13.3.1/../../../../arm-none-eabi/lib/thumb/v7e-m+fp/hard/libstdc++_nano.a(functexcept.o)
                0x08007f28                std::__throw_length_error(char const*)
 .text._ZdlPv   0x08007f2e        0x4 /Applications/STM32CubeIDE.app/Contents/Eclipse/plugins/com.st.stm32cube.ide.mcu.externaltools.gnu-tools-for-stm32.13.3.rel1.macos64_1.0.0.202411102158/tools/bin/../lib/gcc/arm-none-eabi/13.3.1/../../../../arm-none-eabi/lib/thumb/v7e-m+fp/hard/libstdc++_nano.a(del_op.o)
                0x08007f2e                operator delete(void*)
 *fill*         0x08007f32        0x2 
 .text._ZSt15get_new_handlerv
                0x08007f34       0x10 /Applications/STM32CubeIDE.app/Contents/Eclipse/plugins/com.st.stm32cube.ide.mcu.externaltools.gnu-tools-for-stm32.13.3.rel1.macos64_1.0.0.202411102158/tools/bin/../lib/gcc/arm-none-eabi/13.3.1/../../../../arm-none-eabi/lib/thumb/v7e-m+fp/hard/libstdc++_nano.a(new_handler.o)
                0x08007f34                std::get_new_handler()
 .text.abort    0x08007f44        0xe /Applications/STM32CubeIDE.app/Contents/Eclipse/plugins/com.st.stm32cube.ide.mcu.externaltools.gnu-tools-for-stm32.13.3.rel1.macos64_1.0.0.202411102158/tools/bin/../lib/gcc/arm-none-eabi/13.3.1/../../../../arm-none-eabi/lib/thumb/v7e-m+fp/hard/libc_nano.a(libc_a-abort.o)
                0x08007f44                abort
 *fill*         0x08007f52        0x2 
 .text.malloc   0x08007f54       0x10 /Applications/STM32CubeIDE.app/Contents/Eclipse/plugins/com.st.stm32cube.ide.mcu.externaltools.gnu-tools-for-stm32.13.3.rel1.macos64_1.0.0.202411102158/tools/bin/../lib/gcc/arm-none-eabi/13.3.1/../../../../arm-none-eabi/lib/thumb/v7e-m+fp/hard/libc_nano.a(libc_a-malloc.o)
                0x08007f54                malloc
 .text.free     0x08007f64       0x10 /Applications/STM32CubeIDE.app/Contents/Eclipse/plugins/com.st.stm32cube.ide.mcu.externaltools.gnu-tools-for-stm32.13.3.rel1.macos64_1.0.0.202411102158/tools/bin/../lib/gcc/arm-none-eabi/13.3.1/../../../../arm-none-eabi/lib/thumb/v7e-m+fp/hard/libc_nano.a(libc_a-malloc.o)
                0x08007f64                free
 .text.sbrk_aligned
                0x08007f74       0x44 /Applications/STM32CubeIDE.app/Contents/Eclipse/plugins/com.st.stm32cube.ide.mcu.externaltools.gnu-tools-for-stm32.13.3.rel1.macos64_1.0.0.202411102158/tools/bin/../lib/gcc/arm-none-eabi/13.3.1/../../../../arm-none-eabi/lib/thumb/v7e-m+fp/hard/libc_nano.a(libc_a-mallocr.o)
 .text._malloc_r
                0x08007fb8      0x100 /Applications/STM32CubeIDE.app/Contents/Eclipse/plugins/com.st.stm32cube.ide.mcu.externaltools.gnu-tools-for-stm32.13.3.rel1.macos64_1.0.0.202411102158/tools/bin/../lib/gcc/arm-none-eabi/13.3.1/../../../../arm-none-eabi/lib/thumb/v7e-m+fp/hard/libc_nano.a(libc_a-mallocr.o)
                0x08007fb8                _malloc_r
 .text.snprintf
                0x080080b8       0x6c /Applications/STM32CubeIDE.app/Contents/Eclipse/plugins/com.st.stm32cube.ide.mcu.externaltools.gnu-tools-for-stm32.13.3.rel1.macos64_1.0.0.202411102158/tools/bin/../lib/gcc/arm-none-eabi/13.3.1/../../../../arm-none-eabi/lib/thumb/v7e-m+fp/hard/libc_nano.a(libc_a-snprintf.o)
                0x080080b8                snprintf
                0x080080b8                sniprintf
 .text.__malloc_lock
                0x08008124        0xc /Applications/STM32CubeIDE.app/Contents/Eclipse/plugins/com.st.stm32cube.ide.mcu.externaltools.gnu-tools-for-stm32.13.3.rel1.macos64_1.0.0.202411102158/tools/bin/../lib/gcc/arm-none-eabi/13.3.1/../../../../arm-none-eabi/lib/thumb/v7e-m+fp/hard/libc_nano.a(libc_a-mlock.o)
                0x08008124                __malloc_lock
 .text.__malloc_unlock
                0x08008130        0xc /Applications/STM32CubeIDE.app/Contents/Eclipse/plugins/com.st.stm32cube.ide.mcu.externaltools.gnu-tools-for-stm32.13.3.rel1.macos64_1.0.0.202411102158/tools/bin/../lib/gcc/arm-none-eabi/13.3.1/../../../../arm-none-eabi/lib/thumb/v7e-m+fp/hard/libc_nano.a(libc_a-mlock.o)
                0x08008130                __malloc_unlock
 .text.std      0x0800813c       0x6c /Applications/STM32CubeIDE.app/Contents/Eclipse/plugins/com.st.stm32cube.ide.mcu.externaltools.gnu-tools-for-stm32.13.3.rel1.macos64_1.0.0.202411102158/tools/bin/../lib/gcc/arm-none-eabi/13.3.1/../../../../arm-none-eabi/lib/thumb/v7e-m+fp/hard/libc_nano.a(libc_a-findfp.o)
 .text.stdio_exit_handler
                0x080081a8       0x18 /Applications/STM32CubeIDE.app/Contents/Eclipse/plugins/com.st.stm32cube.ide.mcu.externaltools.gnu-tools-for-stm32.13.3.rel1.macos64_1.0.0.202411102158/tools/bin/../lib/gcc/arm-none-eabi/13.3.1/../../../../arm-none-eabi/lib/thumb/v7e-m+fp/hard/libc_nano.a(libc_a-findfp.o)
 .text.cleanup_stdio
                0x080081c0       0x40 /Applications/STM32CubeIDE.app/Contents/Eclipse/plugins/com.st.stm32cube.ide.mcu.externaltools.gnu-tools-for-stm32.13.3.rel1.macos64_1.0.0.202411102158/tools/bin/../lib/gcc/arm-none-eabi/13.3.1/../../../../arm-none-eabi/lib/thumb/v7e-m+fp/hard/libc_nano.a(libc_a-findfp.o)
 .text.global_stdio_init.part.0
                0x08008200       0x3c /Applications/STM32CubeIDE.app/Contents/Eclipse/plugins/com.st.stm32cube.ide.mcu.externaltools.gnu-tools-for-stm32.13.3.rel1.macos64_1.0.0.202411102158/tools/bin/../lib/gcc/arm-none-eabi/13.3.1/../../../../arm-none-eabi/lib/thumb/v7e-m+fp/hard/libc_nano.a(libc_a-findfp.o)
 .text.__sfp_lock_acquire
                0x0800823c        0xc /Applications/STM32CubeIDE.app/Contents/Eclipse/plugins/com.st.stm32cube.ide.mcu.externaltools.gnu-tools-for-stm32.13.3.rel1.macos64_1.0.0.202411102158/tools/bin/../lib/gcc/arm-none-eabi/13.3.1/../../../../arm-none-eabi/lib/thumb/v7e-m+fp/hard/libc_nano.a(libc_a-findfp.o)
                0x0800823c                __sfp_lock_acquire
 .text.__sfp_lock_release
                0x08008248        0xc /Applications/STM32CubeIDE.app/Contents/Eclipse/plugins/com.st.stm32cube.ide.mcu.externaltools.gnu-tools-for-stm32.13.3.rel1.macos64_1.0.0.202411102158/tools/bin/../lib/gcc/arm-none-eabi/13.3.1/../../../../arm-none-eabi/lib/thumb/v7e-m+fp/hard/libc_nano.a(libc_a-findfp.o)
                0x08008248                __sfp_lock_release
 .text.__sinit  0x08008254       0x30 /Applications/STM32CubeIDE.app/Contents/Eclipse/plugins/com.st.stm32cube.ide.mcu.externaltools.gnu-tools-for-stm32.13.3.rel1.macos64_1.0.0.202411102158/tools/bin/../lib/gcc/arm-none-eabi/13.3.1/../../../../arm-none-eabi/lib/thumb/v7e-m+fp/hard/libc_nano.a(libc_a-findfp.o)
                0x08008254                __sinit
 .text._fwalk_sglue
                0x08008284       0x3c /Applications/STM32CubeIDE.app/Contents/Eclipse/plugins/com.st.stm32cube.ide.mcu.externaltools.gnu-tools-for-stm32.13.3.rel1.macos64_1.0.0.202411102158/tools/bin/../lib/gcc/arm-none-eabi/13.3.1/../../../../arm-none-eabi/lib/thumb/v7e-m+fp/hard/libc_nano.a(libc_a-fwalk.o)
                0x08008284                _fwalk_sglue
 .text.printf   0x080082c0       0x24 /Applications/STM32CubeIDE.app/Contents/Eclipse/plugins/com.st.stm32cube.ide.mcu.externaltools.gnu-tools-for-stm32.13.3.rel1.macos64_1.0.0.202411102158/tools/bin/../lib/gcc/arm-none-eabi/13.3.1/../../../../arm-none-eabi/lib/thumb/v7e-m+fp/hard/libc_nano.a(libc_a-printf.o)
                0x080082c0                printf
                0x080082c0                iprintf
 .text._puts_r  0x080082e4       0xaa /Applications/STM32CubeIDE.app/Contents/Eclipse/plugins/com.st.stm32cube.ide.mcu.externaltools.gnu-tools-for-stm32.13.3.rel1.macos64_1.0.0.202411102158/tools/bin/../lib/gcc/arm-none-eabi/13.3.1/../../../../arm-none-eabi/lib/thumb/v7e-m+fp/hard/libc_nano.a(libc_a-puts.o)
                0x080082e4                _puts_r
 *fill*         0x0800838e        0x2 
 .text.puts     0x08008390       0x10 /Applications/STM32CubeIDE.app/Contents/Eclipse/plugins/com.st.stm32cube.ide.mcu.externaltools.gnu-tools-for-stm32.13.3.rel1.macos64_1.0.0.202411102158/tools/bin/../lib/gcc/arm-none-eabi/13.3.1/../../../../arm-none-eabi/lib/thumb/v7e-m+fp/hard/libc_nano.a(libc_a-puts.o)
                0x08008390                puts
 .text.memmove  0x080083a0       0x34 /Applications/STM32CubeIDE.app/Contents/Eclipse/plugins/com.st.stm32cube.ide.mcu.externaltools.gnu-tools-for-stm32.13.3.rel1.macos64_1.0.0.202411102158/tools/bin/../lib/gcc/arm-none-eabi/13.3.1/../../../../arm-none-eabi/lib/thumb/v7e-m+fp/hard/libc_nano.a(libc_a-memmove.o)
                0x080083a0                memmove
 .text.memset   0x080083d4       0x10 /Applications/STM32CubeIDE.app/Contents/Eclipse/plugins/com.st.stm32cube.ide.mcu.externaltools.gnu-tools-for-stm32.13.3.rel1.macos64_1.0.0.202411102158/tools/bin/../lib/gcc/arm-none-eabi/13.3.1/../../../../arm-none-eabi/lib/thumb/v7e-m+fp/hard/libc_nano.a(libc_a-memset.o)
                0x080083d4                memset
 .text._raise_r
                0x080083e4       0x50 /Applications/STM32CubeIDE.app/Contents/Eclipse/plugins/com.st.stm32cube.ide.mcu.externaltools.gnu-tools-for-stm32.13.3.rel1.macos64_1.0.0.202411102158/tools/bin/../lib/gcc/arm-none-eabi/13.3.1/../../../../arm-none-eabi/lib/thumb/v7e-m+fp/hard/libc_nano.a(libc_a-signal.o)
                0x080083e4                _raise_r
 .text.raise    0x08008434       0x10 /Applications/STM32CubeIDE.app/Contents/Eclipse/plugins/com.st.stm32cube.ide.mcu.externaltools.gnu-tools-for-stm32.13.3.rel1.macos64_1.0.0.202411102158/tools/bin/../lib/gcc/arm-none-eabi/13.3.1/../../../../arm-none-eabi/lib/thumb/v7e-m+fp/hard/libc_nano.a(libc_a-signal.o)
                0x08008434                raise
 .text._kill_r  0x08008444       0x24 /Applications/STM32CubeIDE.app/Contents/Eclipse/plugins/com.st.stm32cube.ide.mcu.externaltools.gnu-tools-for-stm32.13.3.rel1.macos64_1.0.0.202411102158/tools/bin/../lib/gcc/arm-none-eabi/13.3.1/../../../../arm-none-eabi/lib/thumb/v7e-m+fp/hard/libc_nano.a(libc_a-signalr.o)
                0x08008444                _kill_r
 .text._getpid_r
                0x08008468        0x4 /Applications/STM32CubeIDE.app/Contents/Eclipse/plugins/com.st.stm32cube.ide.mcu.externaltools.gnu-tools-for-stm32.13.3.rel1.macos64_1.0.0.202411102158/tools/bin/../lib/gcc/arm-none-eabi/13.3.1/../../../../arm-none-eabi/lib/thumb/v7e-m+fp/hard/libc_nano.a(libc_a-signalr.o)
                0x08008468                _getpid_r
 .text._sbrk_r  0x0800846c       0x20 /Applications/STM32CubeIDE.app/Contents/Eclipse/plugins/com.st.stm32cube.ide.mcu.externaltools.gnu-tools-for-stm32.13.3.rel1.macos64_1.0.0.202411102158/tools/bin/../lib/gcc/arm-none-eabi/13.3.1/../../../../arm-none-eabi/lib/thumb/v7e-m+fp/hard/libc_nano.a(libc_a-sbrkr.o)
                0x0800846c                _sbrk_r
 .text.__errno  0x0800848c        0xc /Applications/STM32CubeIDE.app/Contents/Eclipse/plugins/com.st.stm32cube.ide.mcu.externaltools.gnu-tools-for-stm32.13.3.rel1.macos64_1.0.0.202411102158/tools/bin/../lib/gcc/arm-none-eabi/13.3.1/../../../../arm-none-eabi/lib/thumb/v7e-m+fp/hard/libc_nano.a(libc_a-errno.o)
                0x0800848c                __errno
 .text.__libc_init_array
                0x08008498       0x48 /Applications/STM32CubeIDE.app/Contents/Eclipse/plugins/com.st.stm32cube.ide.mcu.externaltools.gnu-tools-for-stm32.13.3.rel1.macos64_1.0.0.202411102158/tools/bin/../lib/gcc/arm-none-eabi/13.3.1/../../../../arm-none-eabi/lib/thumb/v7e-m+fp/hard/libc_nano.a(libc_a-init.o)
                0x08008498                __libc_init_array
 .text.__retarget_lock_init_recursive
                0x080084e0        0x2 /Applications/STM32CubeIDE.app/Contents/Eclipse/plugins/com.st.stm32cube.ide.mcu.externaltools.gnu-tools-for-stm32.13.3.rel1.macos64_1.0.0.202411102158/tools/bin/../lib/gcc/arm-none-eabi/13.3.1/../../../../arm-none-eabi/lib/thumb/v7e-m+fp/hard/libc_nano.a(libc_a-lock.o)
                0x080084e0                __retarget_lock_init_recursive
 .text.__retarget_lock_acquire_recursive
                0x080084e2        0x2 /Applications/STM32CubeIDE.app/Contents/Eclipse/plugins/com.st.stm32cube.ide.mcu.externaltools.gnu-tools-for-stm32.13.3.rel1.macos64_1.0.0.202411102158/tools/bin/../lib/gcc/arm-none-eabi/13.3.1/../../../../arm-none-eabi/lib/thumb/v7e-m+fp/hard/libc_nano.a(libc_a-lock.o)
                0x080084e2                __retarget_lock_acquire_recursive
 .text.__retarget_lock_release_recursive
                0x080084e4        0x2 /Applications/STM32CubeIDE.app/Contents/Eclipse/plugins/com.st.stm32cube.ide.mcu.externaltools.gnu-tools-for-stm32.13.3.rel1.macos64_1.0.0.202411102158/tools/bin/../lib/gcc/arm-none-eabi/13.3.1/../../../../arm-none-eabi/lib/thumb/v7e-m+fp/hard/libc_nano.a(libc_a-lock.o)
                0x080084e4                __retarget_lock_release_recursive
 *fill*         0x080084e6        0x2 
 .text._free_r  0x080084e8       0x94 /Applications/STM32CubeIDE.app/Contents/Eclipse/plugins/com.st.stm32cube.ide.mcu.externaltools.gnu-tools-for-stm32.13.3.rel1.macos64_1.0.0.202411102158/tools/bin/../lib/gcc/arm-none-eabi/13.3.1/../../../../arm-none-eabi/lib/thumb/v7e-m+fp/hard/libc_nano.a(libc_a-freer.o)
                0x080084e8                _free_r
 .text.__ssputs_r
                0x0800857c       0xb6 /Applications/STM32CubeIDE.app/Contents/Eclipse/plugins/com.st.stm32cube.ide.mcu.externaltools.gnu-tools-for-stm32.13.3.rel1.macos64_1.0.0.202411102158/tools/bin/../lib/gcc/arm-none-eabi/13.3.1/../../../../arm-none-eabi/lib/thumb/v7e-m+fp/hard/libc_nano.a(libc_a-nano-svfprintf.o)
                0x0800857c                __ssputs_r
 *fill*         0x08008632        0x2 
 .text._svfprintf_r
                0x08008634      0x1f8 /Applications/STM32CubeIDE.app/Contents/Eclipse/plugins/com.st.stm32cube.ide.mcu.externaltools.gnu-tools-for-stm32.13.3.rel1.macos64_1.0.0.202411102158/tools/bin/../lib/gcc/arm-none-eabi/13.3.1/../../../../arm-none-eabi/lib/thumb/v7e-m+fp/hard/libc_nano.a(libc_a-nano-svfprintf.o)
                0x08008634                _svfprintf_r
                0x08008634                _svfiprintf_r
 .text.__sfputc_r
                0x0800882c       0x2e /Applications/STM32CubeIDE.app/Contents/Eclipse/plugins/com.st.stm32cube.ide.mcu.externaltools.gnu-tools-for-stm32.13.3.rel1.macos64_1.0.0.202411102158/tools/bin/../lib/gcc/arm-none-eabi/13.3.1/../../../../arm-none-eabi/lib/thumb/v7e-m+fp/hard/libc_nano.a(libc_a-nano-vfprintf.o)
 .text.__sfputs_r
                0x0800885a       0x24 /Applications/STM32CubeIDE.app/Contents/Eclipse/plugins/com.st.stm32cube.ide.mcu.externaltools.gnu-tools-for-stm32.13.3.rel1.macos64_1.0.0.202411102158/tools/bin/../lib/gcc/arm-none-eabi/13.3.1/../../../../arm-none-eabi/lib/thumb/v7e-m+fp/hard/libc_nano.a(libc_a-nano-vfprintf.o)
                0x0800885a                __sfputs_r
 *fill*         0x0800887e        0x2 
 .text._vfprintf_r
                0x08008880      0x230 /Applications/STM32CubeIDE.app/Contents/Eclipse/plugins/com.st.stm32cube.ide.mcu.externaltools.gnu-tools-for-stm32.13.3.rel1.macos64_1.0.0.202411102158/tools/bin/../lib/gcc/arm-none-eabi/13.3.1/../../../../arm-none-eabi/lib/thumb/v7e-m+fp/hard/libc_nano.a(libc_a-nano-vfprintf.o)
                0x08008880                _vfiprintf_r
                0x08008880                _vfprintf_r
 .text._printf_common
                0x08008ab0       0xda /Applications/STM32CubeIDE.app/Contents/Eclipse/plugins/com.st.stm32cube.ide.mcu.externaltools.gnu-tools-for-stm32.13.3.rel1.macos64_1.0.0.202411102158/tools/bin/../lib/gcc/arm-none-eabi/13.3.1/../../../../arm-none-eabi/lib/thumb/v7e-m+fp/hard/libc_nano.a(libc_a-nano-vfprintf_i.o)
                0x08008ab0                _printf_common
 *fill*         0x08008b8a        0x2 
 .text._printf_i
                0x08008b8c      0x23c /Applications/STM32CubeIDE.app/Contents/Eclipse/plugins/com.st.stm32cube.ide.mcu.externaltools.gnu-tools-for-stm32.13.3.rel1.macos64_1.0.0.202411102158/tools/bin/../lib/gcc/arm-none-eabi/13.3.1/../../../../arm-none-eabi/lib/thumb/v7e-m+fp/hard/libc_nano.a(libc_a-nano-vfprintf_i.o)
                0x08008b8c                _printf_i
 .text.__sflush_r
                0x08008dc8      0x108 /Applications/STM32CubeIDE.app/Contents/Eclipse/plugins/com.st.stm32cube.ide.mcu.externaltools.gnu-tools-for-stm32.13.3.rel1.macos64_1.0.0.202411102158/tools/bin/../lib/gcc/arm-none-eabi/13.3.1/../../../../arm-none-eabi/lib/thumb/v7e-m+fp/hard/libc_nano.a(libc_a-fflush.o)
                0x08008dc8                __sflush_r
 .text._fflush_r
                0x08008ed0       0x50 /Applications/STM32CubeIDE.app/Contents/Eclipse/plugins/com.st.stm32cube.ide.mcu.externaltools.gnu-tools-for-stm32.13.3.rel1.macos64_1.0.0.202411102158/tools/bin/../lib/gcc/arm-none-eabi/13.3.1/../../../../arm-none-eabi/lib/thumb/v7e-m+fp/hard/libc_nano.a(libc_a-fflush.o)
                0x08008ed0                _fflush_r
 .text.__sread  0x08008f20       0x22 /Applications/STM32CubeIDE.app/Contents/Eclipse/plugins/com.st.stm32cube.ide.mcu.externaltools.gnu-tools-for-stm32.13.3.rel1.macos64_1.0.0.202411102158/tools/bin/../lib/gcc/arm-none-eabi/13.3.1/../../../../arm-none-eabi/lib/thumb/v7e-m+fp/hard/libc_nano.a(libc_a-stdio.o)
                0x08008f20                __sread
 .text.__swrite
                0x08008f42       0x38 /Applications/STM32CubeIDE.app/Contents/Eclipse/plugins/com.st.stm32cube.ide.mcu.externaltools.gnu-tools-for-stm32.13.3.rel1.macos64_1.0.0.202411102158/tools/bin/../lib/gcc/arm-none-eabi/13.3.1/../../../../arm-none-eabi/lib/thumb/v7e-m+fp/hard/libc_nano.a(libc_a-stdio.o)
                0x08008f42                __swrite
 .text.__sseek  0x08008f7a       0x24 /Applications/STM32CubeIDE.app/Contents/Eclipse/plugins/com.st.stm32cube.ide.mcu.externaltools.gnu-tools-for-stm32.13.3.rel1.macos64_1.0.0.202411102158/tools/bin/../lib/gcc/arm-none-eabi/13.3.1/../../../../arm-none-eabi/lib/thumb/v7e-m+fp/hard/libc_nano.a(libc_a-stdio.o)
                0x08008f7a                __sseek
 .text.__sclose
                0x08008f9e        0x8 /Applications/STM32CubeIDE.app/Contents/Eclipse/plugins/com.st.stm32cube.ide.mcu.externaltools.gnu-tools-for-stm32.13.3.rel1.macos64_1.0.0.202411102158/tools/bin/../lib/gcc/arm-none-eabi/13.3.1/../../../../arm-none-eabi/lib/thumb/v7e-m+fp/hard/libc_nano.a(libc_a-stdio.o)
                0x08008f9e                __sclose
 .text._realloc_r
                0x08008fa6       0x5c /Applications/STM32CubeIDE.app/Contents/Eclipse/plugins/com.st.stm32cube.ide.mcu.externaltools.gnu-tools-for-stm32.13.3.rel1.macos64_1.0.0.202411102158/tools/bin/../lib/gcc/arm-none-eabi/13.3.1/../../../../arm-none-eabi/lib/thumb/v7e-m+fp/hard/libc_nano.a(libc_a-reallocr.o)
                0x08008fa6                _realloc_r
 .text.__swbuf_r
                0x08009002       0x7c /Applications/STM32CubeIDE.app/Contents/Eclipse/plugins/com.st.stm32cube.ide.mcu.externaltools.gnu-tools-for-stm32.13.3.rel1.macos64_1.0.0.202411102158/tools/bin/../lib/gcc/arm-none-eabi/13.3.1/../../../../arm-none-eabi/lib/thumb/v7e-m+fp/hard/libc_nano.a(libc_a-wbuf.o)
                0x08009002                __swbuf_r
 *fill*         0x0800907e        0x2 
 .text.__swsetup_r
                0x08009080       0xac /Applications/STM32CubeIDE.app/Contents/Eclipse/plugins/com.st.stm32cube.ide.mcu.externaltools.gnu-tools-for-stm32.13.3.rel1.macos64_1.0.0.202411102158/tools/bin/../lib/gcc/arm-none-eabi/13.3.1/../../../../arm-none-eabi/lib/thumb/v7e-m+fp/hard/libc_nano.a(libc_a-wsetup.o)
                0x08009080                __swsetup_r
 .text.__swhatbuf_r
                0x0800912c       0x4c /Applications/STM32CubeIDE.app/Contents/Eclipse/plugins/com.st.stm32cube.ide.mcu.externaltools.gnu-tools-for-stm32.13.3.rel1.macos64_1.0.0.202411102158/tools/bin/../lib/gcc/arm-none-eabi/13.3.1/../../../../arm-none-eabi/lib/thumb/v7e-m+fp/hard/libc_nano.a(libc_a-makebuf.o)
                0x0800912c                __swhatbuf_r
 .text.__smakebuf_r
                0x08009178       0x78 /Applications/STM32CubeIDE.app/Contents/Eclipse/plugins/com.st.stm32cube.ide.mcu.externaltools.gnu-tools-for-stm32.13.3.rel1.macos64_1.0.0.202411102158/tools/bin/../lib/gcc/arm-none-eabi/13.3.1/../../../../arm-none-eabi/lib/thumb/v7e-m+fp/hard/libc_nano.a(libc_a-makebuf.o)
                0x08009178                __smakebuf_r
 .text._isatty_r
                0x080091f0       0x20 /Applications/STM32CubeIDE.app/Contents/Eclipse/plugins/com.st.stm32cube.ide.mcu.externaltools.gnu-tools-for-stm32.13.3.rel1.macos64_1.0.0.202411102158/tools/bin/../lib/gcc/arm-none-eabi/13.3.1/../../../../arm-none-eabi/lib/thumb/v7e-m+fp/hard/libc_nano.a(libc_a-isattyr.o)
                0x080091f0                _isatty_r
 .text._lseek_r
                0x08009210       0x24 /Applications/STM32CubeIDE.app/Contents/Eclipse/plugins/com.st.stm32cube.ide.mcu.externaltools.gnu-tools-for-stm32.13.3.rel1.macos64_1.0.0.202411102158/tools/bin/../lib/gcc/arm-none-eabi/13.3.1/../../../../arm-none-eabi/lib/thumb/v7e-m+fp/hard/libc_nano.a(libc_a-lseekr.o)
                0x08009210                _lseek_r
 .text._read_r  0x08009234       0x24 /Applications/STM32CubeIDE.app/Contents/Eclipse/plugins/com.st.stm32cube.ide.mcu.externaltools.gnu-tools-for-stm32.13.3.rel1.macos64_1.0.0.202411102158/tools/bin/../lib/gcc/arm-none-eabi/13.3.1/../../../../arm-none-eabi/lib/thumb/v7e-m+fp/hard/libc_nano.a(libc_a-readr.o)
                0x08009234                _read_r
 .text._write_r
                0x08009258       0x24 /Applications/STM32CubeIDE.app/Contents/Eclipse/plugins/com.st.stm32cube.ide.mcu.externaltools.gnu-tools-for-stm32.13.3.rel1.macos64_1.0.0.202411102158/tools/bin/../lib/gcc/arm-none-eabi/13.3.1/../../../../arm-none-eabi/lib/thumb/v7e-m+fp/hard/libc_nano.a(libc_a-writer.o)
                0x08009258                _write_r
 .text._close_r
                0x0800927c       0x20 /Applications/STM32CubeIDE.app/Contents/Eclipse/plugins/com.st.stm32cube.ide.mcu.externaltools.gnu-tools-for-stm32.13.3.rel1.macos64_1.0.0.202411102158/tools/bin/../lib/gcc/arm-none-eabi/13.3.1/../../../../arm-none-eabi/lib/thumb/v7e-m+fp/hard/libc_nano.a(libc_a-closer.o)
                0x0800927c                _close_r
 .text._fstat_r
                0x0800929c       0x24 /Applications/STM32CubeIDE.app/Contents/Eclipse/plugins/com.st.stm32cube.ide.mcu.externaltools.gnu-tools-for-stm32.13.3.rel1.macos64_1.0.0.202411102158/tools/bin/../lib/gcc/arm-none-eabi/13.3.1/../../../../arm-none-eabi/lib/thumb/v7e-m+fp/hard/libc_nano.a(libc_a-fstatr.o)
                0x0800929c                _fstat_r
 .text.memcpy   0x080092c0       0x1c /Applications/STM32CubeIDE.app/Contents/Eclipse/plugins/com.st.stm32cube.ide.mcu.externaltools.gnu-tools-for-stm32.13.3.rel1.macos64_1.0.0.202411102158/tools/bin/../lib/gcc/arm-none-eabi/13.3.1/../../../../arm-none-eabi/lib/thumb/v7e-m+fp/hard/libc_nano.a(libc_a-memcpy-stub.o)
                0x080092c0                memcpy
 .text._malloc_usable_size_r
                0x080092dc       0x10 /Applications/STM32CubeIDE.app/Contents/Eclipse/plugins/com.st.stm32cube.ide.mcu.externaltools.gnu-tools-for-stm32.13.3.rel1.macos64_1.0.0.202411102158/tools/bin/../lib/gcc/arm-none-eabi/13.3.1/../../../../arm-none-eabi/lib/thumb/v7e-m+fp/hard/libc_nano.a(libc_a-msizer.o)
                0x080092dc                _malloc_usable_size_r
 *(.glue_7)
 .glue_7        0x080092ec        0x0 linker stubs
 *(.glue_7t)
 .glue_7t       0x080092ec        0x0 linker stubs
 *(.eh_frame)
 .eh_frame      0x080092ec        0x0 /Applications/STM32CubeIDE.app/Contents/Eclipse/plugins/com.st.stm32cube.ide.mcu.externaltools.gnu-tools-for-stm32.13.3.rel1.macos64_1.0.0.202411102158/tools/bin/../lib/gcc/arm-none-eabi/13.3.1/thumb/v7e-m+fp/hard/crtbegin.o
 *(.init)
 .init          0x080092ec        0x4 /Applications/STM32CubeIDE.app/Contents/Eclipse/plugins/com.st.stm32cube.ide.mcu.externaltools.gnu-tools-for-stm32.13.3.rel1.macos64_1.0.0.202411102158/tools/bin/../lib/gcc/arm-none-eabi/13.3.1/thumb/v7e-m+fp/hard/crti.o
                0x080092ec                _init
 .init          0x080092f0        0x8 /Applications/STM32CubeIDE.app/Contents/Eclipse/plugins/com.st.stm32cube.ide.mcu.externaltools.gnu-tools-for-stm32.13.3.rel1.macos64_1.0.0.202411102158/tools/bin/../lib/gcc/arm-none-eabi/13.3.1/thumb/v7e-m+fp/hard/crtn.o
 *(.fini)
 .fini          0x080092f8        0x4 /Applications/STM32CubeIDE.app/Contents/Eclipse/plugins/com.st.stm32cube.ide.mcu.externaltools.gnu-tools-for-stm32.13.3.rel1.macos64_1.0.0.202411102158/tools/bin/../lib/gcc/arm-none-eabi/13.3.1/thumb/v7e-m+fp/hard/crti.o
                0x080092f8                _fini
 .fini          0x080092fc        0x8 /Applications/STM32CubeIDE.app/Contents/Eclipse/plugins/com.st.stm32cube.ide.mcu.externaltools.gnu-tools-for-stm32.13.3.rel1.macos64_1.0.0.202411102158/tools/bin/../lib/gcc/arm-none-eabi/13.3.1/thumb/v7e-m+fp/hard/crtn.o
                0x08009304                        . = ALIGN (0x4)
                0x08009304                        _etext = .

.vfp11_veneer   0x08009304        0x0
 .vfp11_veneer  0x08009304        0x0 linker stubs

.v4_bx          0x08009304        0x0
 .v4_bx         0x08009304        0x0 linker stubs

.iplt           0x08009304        0x0
 .iplt          0x08009304        0x0 /Applications/STM32CubeIDE.app/Contents/Eclipse/plugins/com.st.stm32cube.ide.mcu.externaltools.gnu-tools-for-stm32.13.3.rel1.macos64_1.0.0.202411102158/tools/bin/../lib/gcc/arm-none-eabi/13.3.1/thumb/v7e-m+fp/hard/crtbegin.o

.rodata         0x08009304      0x20c
                0x08009304                        . = ALIGN (0x4)
 *(.rodata)
 .rodata        0x08009304      0x18e ./Core/Src/main.o
 *(.rodata*)
 *fill*         0x08009492        0x2 
 .rodata.AHBPrescTable
                0x08009494       0x10 ./Core/Src/system_stm32l4xx.o
                0x08009494                AHBPrescTable
 .rodata.APBPrescTable
                0x080094a4        0x8 ./Core/Src/system_stm32l4xx.o
                0x080094a4                APBPrescTable
 .rodata.MSIRangeTable
                0x080094ac       0x30 ./Core/Src/system_stm32l4xx.o
                0x080094ac                MSIRangeTable
 .rodata._svfprintf_r.str1.1
                0x080094dc       0x33 /Applications/STM32CubeIDE.app/Contents/Eclipse/plugins/com.st.stm32cube.ide.mcu.externaltools.gnu-tools-for-stm32.13.3.rel1.macos64_1.0.0.202411102158/tools/bin/../lib/gcc/arm-none-eabi/13.3.1/../../../../arm-none-eabi/lib/thumb/v7e-m+fp/hard/libc_nano.a(libc_a-nano-svfprintf.o)
                                 0x11 (size before relaxing)
 .rodata._vfprintf_r.str1.1
                0x0800950f       0x11 /Applications/STM32CubeIDE.app/Contents/Eclipse/plugins/com.st.stm32cube.ide.mcu.externaltools.gnu-tools-for-stm32.13.3.rel1.macos64_1.0.0.202411102158/tools/bin/../lib/gcc/arm-none-eabi/13.3.1/../../../../arm-none-eabi/lib/thumb/v7e-m+fp/hard/libc_nano.a(libc_a-nano-vfprintf.o)
 .rodata._printf_i.str1.1
                0x0800950f       0x22 /Applications/STM32CubeIDE.app/Contents/Eclipse/plugins/com.st.stm32cube.ide.mcu.externaltools.gnu-tools-for-stm32.13.3.rel1.macos64_1.0.0.202411102158/tools/bin/../lib/gcc/arm-none-eabi/13.3.1/../../../../arm-none-eabi/lib/thumb/v7e-m+fp/hard/libc_nano.a(libc_a-nano-vfprintf_i.o)
                0x08009534                        . = ALIGN (0x4)
 *fill*         0x0800950f        0x1 

.ARM.extab      0x08009510        0x0
                0x08009510                        . = ALIGN (0x4)
 *(.ARM.extab* .gnu.linkonce.armextab.*)
                0x08009510                        . = ALIGN (0x4)

.ARM            0x08009510        0x8
                0x08009510                        . = ALIGN (0x4)
                0x08009510                        __exidx_start = .
 *(.ARM.exidx*)
 .ARM.exidx     0x08009510        0x8 /Applications/STM32CubeIDE.app/Contents/Eclipse/plugins/com.st.stm32cube.ide.mcu.externaltools.gnu-tools-for-stm32.13.3.rel1.macos64_1.0.0.202411102158/tools/bin/../lib/gcc/arm-none-eabi/13.3.1/../../../../arm-none-eabi/lib/thumb/v7e-m+fp/hard/libc_nano.a(libc_a-memchr.o)
 .ARM.exidx     0x08009518        0x0 /Applications/STM32CubeIDE.app/Contents/Eclipse/plugins/com.st.stm32cube.ide.mcu.externaltools.gnu-tools-for-stm32.13.3.rel1.macos64_1.0.0.202411102158/tools/bin/../lib/gcc/arm-none-eabi/13.3.1/thumb/v7e-m+fp/hard/libgcc.a(_udivmoddi4.o)
                                  0x8 (size before relaxing)
                0x08009518                        __exidx_end = .
                0x08009518                        . = ALIGN (0x4)

.preinit_array  0x08009518        0x0
                0x08009518                        . = ALIGN (0x4)
                0x08009518                        PROVIDE (__preinit_array_start = .)
 *(.preinit_array*)
                0x08009518                        PROVIDE (__preinit_array_end = .)
                0x08009518                        . = ALIGN (0x4)

.init_array     0x08009518        0x8
                0x08009518                        . = ALIGN (0x4)
                0x08009518                        PROVIDE (__init_array_start = .)
 *(SORT_BY_NAME(.init_array.*))
 *(.init_array*)
 .init_array    0x08009518        0x4 /Applications/STM32CubeIDE.app/Contents/Eclipse/plugins/com.st.stm32cube.ide.mcu.externaltools.gnu-tools-for-stm32.13.3.rel1.macos64_1.0.0.202411102158/tools/bin/../lib/gcc/arm-none-eabi/13.3.1/thumb/v7e-m+fp/hard/crtbegin.o
 .init_array    0x0800951c        0x4 ./Core/Src/main.o
                0x08009520                        PROVIDE (__init_array_end = .)
                0x08009520                        . = ALIGN (0x4)

.fini_array     0x08009520        0x8
                0x08009520                        . = ALIGN (0x4)
                [!provide]                        PROVIDE (__fini_array_start = .)
 *(SORT_BY_NAME(.fini_array.*))
 *(.fini_array*)
 .fini_array    0x08009520        0x4 /Applications/STM32CubeIDE.app/Contents/Eclipse/plugins/com.st.stm32cube.ide.mcu.externaltools.gnu-tools-for-stm32.13.3.rel1.macos64_1.0.0.202411102158/tools/bin/../lib/gcc/arm-none-eabi/13.3.1/thumb/v7e-m+fp/hard/crtbegin.o
 .fini_array    0x08009524        0x4 ./Core/Src/main.o
                [!provide]                        PROVIDE (__fini_array_end = .)
                0x08009528                        . = ALIGN (0x4)
                0x08009528                        _sidata = LOADADDR (.data)

.rel.dyn        0x08009528        0x0
 .rel.iplt      0x08009528        0x0 /Applications/STM32CubeIDE.app/Contents/Eclipse/plugins/com.st.stm32cube.ide.mcu.externaltools.gnu-tools-for-stm32.13.3.rel1.macos64_1.0.0.202411102158/tools/bin/../lib/gcc/arm-none-eabi/13.3.1/thumb/v7e-m+fp/hard/crtbegin.o

.data           0x20000000       0x88 load address 0x08009528
                0x20000000                        . = ALIGN (0x4)
                0x20000000                        _sdata = .
 *(.data)
 *(.data*)
 .data.resolution
                0x20000000        0x4 ./Core/Src/main.o
                0x20000000                resolution
 .data.resolutionmax
                0x20000004        0x4 ./Core/Src/main.o
                0x20000004                resolutionmax
 .data.delayUs  0x20000008        0x4 ./Core/Src/main.o
                0x20000008                delayUs
 .data.numReadings
                0x2000000c        0x4 ./Core/Src/main.o
                0x2000000c                numReadings
 .data.frequency
                0x20000010        0x4 ./Core/Src/main.o
                0x20000010                frequency
 .data.step     0x20000014        0x4 ./Core/Src/main.o
                0x20000014                step
 .data.direction
                0x20000018        0x4 ./Core/Src/main.o
                0x20000018                direction
 .data.delayInterrupt
                0x2000001c        0x4 ./Core/Src/main.o
                0x2000001c                delayInterrupt
 .data.SystemCoreClock
                0x20000020        0x4 ./Core/Src/system_stm32l4xx.o
                0x20000020                SystemCoreClock
 .data.uwTickPrio
                0x20000024        0x4 ./Drivers/STM32L4xx_HAL_Driver/Src/stm32l4xx_hal.o
                0x20000024                uwTickPrio
 .data.uwTickFreq
                0x20000028        0x1 ./Drivers/STM32L4xx_HAL_Driver/Src/stm32l4xx_hal.o
                0x20000028                uwTickFreq
 *fill*         0x20000029        0x3 
 .data.__sglue  0x2000002c        0xc /Applications/STM32CubeIDE.app/Contents/Eclipse/plugins/com.st.stm32cube.ide.mcu.externaltools.gnu-tools-for-stm32.13.3.rel1.macos64_1.0.0.202411102158/tools/bin/../lib/gcc/arm-none-eabi/13.3.1/../../../../arm-none-eabi/lib/thumb/v7e-m+fp/hard/libc_nano.a(libc_a-findfp.o)
                0x2000002c                __sglue
 .data._impure_ptr
                0x20000038        0x4 /Applications/STM32CubeIDE.app/Contents/Eclipse/plugins/com.st.stm32cube.ide.mcu.externaltools.gnu-tools-for-stm32.13.3.rel1.macos64_1.0.0.202411102158/tools/bin/../lib/gcc/arm-none-eabi/13.3.1/../../../../arm-none-eabi/lib/thumb/v7e-m+fp/hard/libc_nano.a(libc_a-impure.o)
                0x20000038                _impure_ptr
 .data._impure_data
                0x2000003c       0x4c /Applications/STM32CubeIDE.app/Contents/Eclipse/plugins/com.st.stm32cube.ide.mcu.externaltools.gnu-tools-for-stm32.13.3.rel1.macos64_1.0.0.202411102158/tools/bin/../lib/gcc/arm-none-eabi/13.3.1/../../../../arm-none-eabi/lib/thumb/v7e-m+fp/hard/libc_nano.a(libc_a-impure.o)
                0x2000003c                _impure_data
 *(.RamFunc)
 *(.RamFunc*)
                0x20000088                        . = ALIGN (0x4)
                0x20000088                        _edata = .

.igot.plt       0x20000088        0x0 load address 0x080095b0
 .igot.plt      0x20000088        0x0 /Applications/STM32CubeIDE.app/Contents/Eclipse/plugins/com.st.stm32cube.ide.mcu.externaltools.gnu-tools-for-stm32.13.3.rel1.macos64_1.0.0.202411102158/tools/bin/../lib/gcc/arm-none-eabi/13.3.1/thumb/v7e-m+fp/hard/crtbegin.o
                0x20000088                        . = ALIGN (0x4)

.bss            0x20000088      0x3a4 load address 0x080095b0
                0x20000088                        _sbss = .
                0x20000088                        __bss_start__ = _sbss
 *(.bss)
 .bss           0x20000088       0x1c /Applications/STM32CubeIDE.app/Contents/Eclipse/plugins/com.st.stm32cube.ide.mcu.externaltools.gnu-tools-for-stm32.13.3.rel1.macos64_1.0.0.202411102158/tools/bin/../lib/gcc/arm-none-eabi/13.3.1/thumb/v7e-m+fp/hard/crtbegin.o
 *(.bss*)
 .bss.hadc1     0x200000a4       0x64 ./Core/Src/main.o
                0x200000a4                hadc1
 .bss.hi2c1     0x20000108       0x54 ./Core/Src/main.o
                0x20000108                hi2c1
 .bss.htim1     0x2000015c       0x4c ./Core/Src/main.o
                0x2000015c                htim1
 .bss.htim2     0x200001a8       0x4c ./Core/Src/main.o
                0x200001a8                htim2
 .bss.huart1    0x200001f4       0x88 ./Core/Src/main.o
                0x200001f4                huart1
 .bss.cycleStartTime
                0x2000027c        0x4 ./Core/Src/main.o
                0x2000027c                cycleStartTime
 .bss.cycleEndTime
                0x20000280        0x4 ./Core/Src/main.o
                0x20000280                cycleEndTime
 .bss.amp_step  0x20000284        0x4 ./Core/Src/main.o
                0x20000284                amp_step
 .bss.averageAdcValue
                0x20000288        0x4 ./Core/Src/main.o
                0x20000288                averageAdcValue
 .bss.lastAdcValue
                0x2000028c        0x4 ./Core/Src/main.o
                0x2000028c                lastAdcValue
 .bss.amp       0x20000290        0x4 ./Core/Src/main.o
                0x20000290                amp
 .bss.value     0x20000294        0x4 ./Core/Src/main.o
                0x20000294                value
 .bss.waiting_time
                0x20000298        0x8 ./Core/Src/main.o
                0x20000298                waiting_time
 .bss.optionButton
                0x200002a0        0x1 ./Core/Src/main.o
                0x200002a0                optionButton
 .bss.increaseButton
                0x200002a1        0x1 ./Core/Src/main.o
                0x200002a1                increaseButton
 .bss.decreaseButton
                0x200002a2        0x1 ./Core/Src/main.o
                0x200002a2                decreaseButton
 .bss.modeButton
                0x200002a3        0x1 ./Core/Src/main.o
                0x200002a3                modeButton
 .bss.currentModeSweep
                0x200002a4        0x1 ./Core/Src/main.o
                0x200002a4                currentModeSweep
 .bss.currentModeLock
                0x200002a5        0x1 ./Core/Src/main.o
                0x200002a5                currentModeLock
 .bss.currentSystemMode
                0x200002a6        0x1 ./Core/Src/main.o
                0x200002a6                currentSystemMode
 *fill*         0x200002a7        0x1 
 .bss.targetValue
                0x200002a8        0x4 ./Core/Src/main.o
                0x200002a8                targetValue
 .bss.detectingPeak
                0x200002ac        0x1 ./Core/Src/main.o