15:07:11 **** Incremental Build of configuration Debug for project lcdOnStm32 ****
make -j7 all 
arm-none-eabi-gcc "../Core/Src/main.c" -mcpu=cortex-m4 -std=gnu11 -g3 -DDEBUG -DUSE_HAL_DRIVER -DSTM32L412xx -c -I../Core/Inc -I../Drivers/STM32L4xx_HAL_Driver/Inc -I../Drivers/STM32L4xx_HAL_Driver/Inc/Legacy -I../Drivers/CMSIS/Device/ST/STM32L4xx/Include -I../Drivers/CMSIS/Include -O0 -ffunction-sections -fdata-sections -Wall -fstack-usage -fcyclomatic-complexity -MMD -MP -MF"Core/Src/main.d" -MT"Core/Src/main.o" --specs=nano.specs -mfpu=fpv4-sp-d16 -mfloat-abi=hard -mthumb -o "Core/Src/main.o"
arm-none-eabi-gcc -o "lcdOnStm32.elf" @"objects.list"   -mcpu=cortex-m4 -T"/Users/pfsldo/Programacao/Microcontroller-based_locking_in_optics_experiments/lcdOnStm32/STM32L412KBTX_FLASH.ld" --specs=nosys.specs -Wl,-Map="lcdOnStm32.map" -Wl,--gc-sections -static --specs=nano.specs -mfpu=fpv4-sp-d16 -mfloat-abi=hard -mthumb -Wl,--start-group -lc -lm -Wl,--end-group
Finished building target: lcdOnStm32.elf
 
arm-none-eabi-size  lcdOnStm32.elf 
arm-none-eabi-objdump -h -S lcdOnStm32.elf  > "lcdOnStm32.list"
   text	   data	    bss	    dec	    hex	filename
  14840	     12	   1948	  16800	   41a0	lcdOnStm32.elf
Finished building: default.size.stdout
 
Finished building: lcdOnStm32.list
 

15:07:13 Build Finished. 0 errors, 0 warnings. (took 1s.989ms)

