16:45:06 **** Incremental Build of configuration Debug for project project ****
make -j7 all 
arm-none-eabi-gcc "../Core/Src/lcd.c" -mcpu=cortex-m4 -std=gnu11 -g3 -DDEBUG -DUSE_HAL_DRIVER -DSTM32L412xx -c -I../Core/Inc -I../Drivers/STM32L4xx_HAL_Driver/Inc -I../Drivers/STM32L4xx_HAL_Driver/Inc/Legacy -I../Drivers/CMSIS/Device/ST/STM32L4xx/Include -I../Drivers/CMSIS/Include -O0 -ffunction-sections -fdata-sections -Wall -fstack-usage -fcyclomatic-complexity -MMD -MP -MF"Core/Src/lcd.d" -MT"Core/Src/lcd.o" --specs=nano.specs -mfpu=fpv4-sp-d16 -mfloat-abi=hard -mthumb -o "Core/Src/lcd.o"
arm-none-eabi-gcc "../Core/Src/main.c" -mcpu=cortex-m4 -std=gnu11 -g3 -DDEBUG -DUSE_HAL_DRIVER -DSTM32L412xx -c -I../Core/Inc -I../Drivers/STM32L4xx_HAL_Driver/Inc -I../Drivers/STM32L4xx_HAL_Driver/Inc/Legacy -I../Drivers/CMSIS/Device/ST/STM32L4xx/Include -I../Drivers/CMSIS/Include -O0 -ffunction-sections -fdata-sections -Wall -fstack-usage -fcyclomatic-complexity -MMD -MP -MF"Core/Src/main.d" -MT"Core/Src/main.o" --specs=nano.specs -mfpu=fpv4-sp-d16 -mfloat-abi=hard -mthumb -o "Core/Src/main.o"
arm-none-eabi-gcc -o "project.elf" @"objects.list"   -mcpu=cortex-m4 -T"/Users/pfsldo/Programacao/Microcontroller-based_locking_in_optics_experiments/project/STM32L412KBTX_FLASH.ld" --specs=nosys.specs -Wl,-Map="project.map" -Wl,--gc-sections -static --specs=nano.specs -mfpu=fpv4-sp-d16 -mfloat-abi=hard -mthumb -Wl,--start-group -lc -lm -Wl,--end-group
Finished building target: project.elf
 
arm-none-eabi-size  project.elf 
arm-none-eabi-objdump -h -S project.elf  > "project.list"
   text	   data	    bss	    dec	    hex	filename
   6708	     12	   1572	   8292	   2064	project.elf
Finished building: default.size.stdout
 
Finished building: project.list
 

16:45:12 Build Finished. 0 errors, 0 warnings. (took 5s.381ms)

